[2021-02-16T19:27:44.095+0600][gc,heap] Heap region size: 1M
[2021-02-16T19:27:44.104+0600][gc     ] Using G1
[2021-02-16T19:27:44.105+0600][gc,heap,coops] Heap address: 0x00000007c0000000, size: 1024 MB, Compressed Oops mode: Zero based, Oop shift amount: 3
[2021-02-16T19:27:44.880+0600][gc,start     ] GC(0) Pause Young (Concurrent Start) (Metadata GC Threshold)
[2021-02-16T19:27:44.880+0600][gc,task      ] GC(0) Using 8 workers of 8 for evacuation
[2021-02-16T19:27:44.887+0600][gc,phases    ] GC(0)   Pre Evacuate Collection Set: 0.0ms
[2021-02-16T19:27:44.887+0600][gc,phases    ] GC(0)   Evacuate Collection Set: 6.6ms
[2021-02-16T19:27:44.887+0600][gc,phases    ] GC(0)   Post Evacuate Collection Set: 0.3ms
[2021-02-16T19:27:44.887+0600][gc,phases    ] GC(0)   Other: 0.7ms
[2021-02-16T19:27:44.887+0600][gc,heap      ] GC(0) Eden regions: 42->0(44)
[2021-02-16T19:27:44.887+0600][gc,heap      ] GC(0) Survivor regions: 0->7(7)
[2021-02-16T19:27:44.887+0600][gc,heap      ] GC(0) Old regions: 0->0
[2021-02-16T19:27:44.887+0600][gc,heap      ] GC(0) Humongous regions: 0->0
[2021-02-16T19:27:44.887+0600][gc,metaspace ] GC(0) Metaspace: 20632K->20632K(1069056K)
[2021-02-16T19:27:44.887+0600][gc           ] GC(0) Pause Young (Concurrent Start) (Metadata GC Threshold) 41M->6M(1024M) 7.778ms
[2021-02-16T19:27:44.887+0600][gc,cpu       ] GC(0) User=0.01s Sys=0.00s Real=0.00s
[2021-02-16T19:27:44.887+0600][gc           ] GC(1) Concurrent Cycle
[2021-02-16T19:27:44.887+0600][gc,marking   ] GC(1) Concurrent Clear Claimed Marks
[2021-02-16T19:27:44.887+0600][gc,marking   ] GC(1) Concurrent Clear Claimed Marks 0.020ms
[2021-02-16T19:27:44.887+0600][gc,marking   ] GC(1) Concurrent Scan Root Regions
[2021-02-16T19:27:44.889+0600][gc,marking   ] GC(1) Concurrent Scan Root Regions 1.979ms
[2021-02-16T19:27:44.889+0600][gc,marking   ] GC(1) Concurrent Mark (0.803s)
[2021-02-16T19:27:44.890+0600][gc,marking   ] GC(1) Concurrent Mark From Roots
[2021-02-16T19:27:44.890+0600][gc,task      ] GC(1) Using 2 workers of 2 for marking
[2021-02-16T19:27:44.890+0600][gc,marking   ] GC(1) Concurrent Mark From Roots 0.145ms
[2021-02-16T19:27:44.890+0600][gc,marking   ] GC(1) Concurrent Preclean
[2021-02-16T19:27:44.890+0600][gc,marking   ] GC(1) Concurrent Preclean 0.040ms
[2021-02-16T19:27:44.890+0600][gc,marking   ] GC(1) Concurrent Mark (0.803s, 0.803s) 0.228ms
[2021-02-16T19:27:44.890+0600][gc,start     ] GC(1) Pause Remark
[2021-02-16T19:27:44.892+0600][gc,stringtable] GC(1) Cleaned string and symbol table, strings: 7428 processed, 0 removed, symbols: 63245 processed, 31 removed
[2021-02-16T19:27:44.892+0600][gc            ] GC(1) Pause Remark 7M->7M(1024M) 1.953ms
[2021-02-16T19:27:44.892+0600][gc,cpu        ] GC(1) User=0.01s Sys=0.00s Real=0.00s
[2021-02-16T19:27:44.892+0600][gc,marking    ] GC(1) Concurrent Rebuild Remembered Sets
[2021-02-16T19:27:44.892+0600][gc,marking    ] GC(1) Concurrent Rebuild Remembered Sets 0.083ms
[2021-02-16T19:27:44.893+0600][gc,start      ] GC(1) Pause Cleanup
[2021-02-16T19:27:44.893+0600][gc            ] GC(1) Pause Cleanup 7M->7M(1024M) 0.159ms
[2021-02-16T19:27:44.893+0600][gc,cpu        ] GC(1) User=0.00s Sys=0.00s Real=0.00s
[2021-02-16T19:27:44.893+0600][gc,marking    ] GC(1) Concurrent Cleanup for Next Mark
[2021-02-16T19:27:44.898+0600][gc,marking    ] GC(1) Concurrent Cleanup for Next Mark 5.117ms
[2021-02-16T19:27:44.898+0600][gc            ] GC(1) Concurrent Cycle 10.642ms
[2021-02-16T19:27:45.760+0600][gc,start      ] GC(2) Pause Young (Normal) (G1 Evacuation Pause)
[2021-02-16T19:27:45.760+0600][gc,task       ] GC(2) Using 8 workers of 8 for evacuation
[2021-02-16T19:27:45.768+0600][gc,phases     ] GC(2)   Pre Evacuate Collection Set: 0.0ms
[2021-02-16T19:27:45.768+0600][gc,phases     ] GC(2)   Evacuate Collection Set: 7.1ms
[2021-02-16T19:27:45.768+0600][gc,phases     ] GC(2)   Post Evacuate Collection Set: 1.0ms
[2021-02-16T19:27:45.768+0600][gc,phases     ] GC(2)   Other: 0.2ms
[2021-02-16T19:27:45.769+0600][gc,heap       ] GC(2) Eden regions: 44->0(49)
[2021-02-16T19:27:45.769+0600][gc,heap       ] GC(2) Survivor regions: 7->2(7)
[2021-02-16T19:27:45.769+0600][gc,heap       ] GC(2) Old regions: 0->7
[2021-02-16T19:27:45.769+0600][gc,heap       ] GC(2) Humongous regions: 0->0
[2021-02-16T19:27:45.769+0600][gc,metaspace  ] GC(2) Metaspace: 30068K->30068K(1077248K)
[2021-02-16T19:27:45.769+0600][gc            ] GC(2) Pause Young (Normal) (G1 Evacuation Pause) 50M->8M(1024M) 8.614ms
[2021-02-16T19:27:45.769+0600][gc,cpu        ] GC(2) User=0.04s Sys=0.01s Real=0.00s
[2021-02-16T19:27:46.047+0600][gc,start      ] GC(3) Pause Young (Concurrent Start) (Metadata GC Threshold)
[2021-02-16T19:27:46.047+0600][gc,task       ] GC(3) Using 8 workers of 8 for evacuation
[2021-02-16T19:27:46.050+0600][gc,phases     ] GC(3)   Pre Evacuate Collection Set: 0.1ms
[2021-02-16T19:27:46.050+0600][gc,phases     ] GC(3)   Evacuate Collection Set: 2.1ms
[2021-02-16T19:27:46.050+0600][gc,phases     ] GC(3)   Post Evacuate Collection Set: 0.3ms
[2021-02-16T19:27:46.050+0600][gc,phases     ] GC(3)   Other: 0.3ms
[2021-02-16T19:27:46.050+0600][gc,heap       ] GC(3) Eden regions: 22->0(48)
[2021-02-16T19:27:46.050+0600][gc,heap       ] GC(3) Survivor regions: 2->3(7)
[2021-02-16T19:27:46.050+0600][gc,heap       ] GC(3) Old regions: 7->7
[2021-02-16T19:27:46.050+0600][gc,heap       ] GC(3) Humongous regions: 129->129
[2021-02-16T19:27:46.050+0600][gc,metaspace  ] GC(3) Metaspace: 34656K->34656K(1081344K)
[2021-02-16T19:27:46.050+0600][gc            ] GC(3) Pause Young (Concurrent Start) (Metadata GC Threshold) 158M->138M(1024M) 2.754ms
[2021-02-16T19:27:46.050+0600][gc,cpu        ] GC(3) User=0.01s Sys=0.00s Real=0.01s
[2021-02-16T19:27:46.050+0600][gc            ] GC(4) Concurrent Cycle
[2021-02-16T19:27:46.050+0600][gc,marking    ] GC(4) Concurrent Clear Claimed Marks
[2021-02-16T19:27:46.050+0600][gc,marking    ] GC(4) Concurrent Clear Claimed Marks 0.039ms
[2021-02-16T19:27:46.050+0600][gc,marking    ] GC(4) Concurrent Scan Root Regions
[2021-02-16T19:27:46.052+0600][gc,marking    ] GC(4) Concurrent Scan Root Regions 1.392ms
[2021-02-16T19:27:46.052+0600][gc,marking    ] GC(4) Concurrent Mark (1.965s)
[2021-02-16T19:27:46.052+0600][gc,marking    ] GC(4) Concurrent Mark From Roots
[2021-02-16T19:27:46.052+0600][gc,task       ] GC(4) Using 2 workers of 2 for marking
[2021-02-16T19:27:46.056+0600][gc,marking    ] GC(4) Concurrent Mark From Roots 3.912ms
[2021-02-16T19:27:46.056+0600][gc,marking    ] GC(4) Concurrent Preclean
[2021-02-16T19:27:46.056+0600][gc,marking    ] GC(4) Concurrent Preclean 0.185ms
[2021-02-16T19:27:46.056+0600][gc,marking    ] GC(4) Concurrent Mark (1.965s, 1.969s) 4.179ms
[2021-02-16T19:27:46.056+0600][gc,start      ] GC(4) Pause Remark
[2021-02-16T19:27:46.058+0600][gc,stringtable] GC(4) Cleaned string and symbol table, strings: 10765 processed, 8 removed, symbols: 95607 processed, 12 removed
[2021-02-16T19:27:46.058+0600][gc            ] GC(4) Pause Remark 139M->139M(1024M) 1.640ms
[2021-02-16T19:27:46.058+0600][gc,cpu        ] GC(4) User=0.01s Sys=0.00s Real=0.00s
[2021-02-16T19:27:46.058+0600][gc,marking    ] GC(4) Concurrent Rebuild Remembered Sets
[2021-02-16T19:27:46.060+0600][gc,marking    ] GC(4) Concurrent Rebuild Remembered Sets 2.495ms
[2021-02-16T19:27:46.061+0600][gc,start      ] GC(4) Pause Cleanup
[2021-02-16T19:27:46.061+0600][gc            ] GC(4) Pause Cleanup 139M->139M(1024M) 0.106ms
[2021-02-16T19:27:46.061+0600][gc,cpu        ] GC(4) User=0.00s Sys=0.00s Real=0.00s
[2021-02-16T19:27:46.061+0600][gc,marking    ] GC(4) Concurrent Cleanup for Next Mark
[2021-02-16T19:27:46.066+0600][gc,marking    ] GC(4) Concurrent Cleanup for Next Mark 5.791ms
[2021-02-16T19:27:46.067+0600][gc            ] GC(4) Concurrent Cycle 16.332ms
[2021-02-16T19:27:46.794+0600][gc,start      ] GC(5) Pause Young (Normal) (G1 Evacuation Pause)
[2021-02-16T19:27:46.794+0600][gc,task       ] GC(5) Using 8 workers of 8 for evacuation
[2021-02-16T19:27:46.807+0600][gc,phases     ] GC(5)   Pre Evacuate Collection Set: 0.1ms
[2021-02-16T19:27:46.807+0600][gc,phases     ] GC(5)   Evacuate Collection Set: 10.1ms
[2021-02-16T19:27:46.807+0600][gc,phases     ] GC(5)   Post Evacuate Collection Set: 1.7ms
[2021-02-16T19:27:46.807+0600][gc,phases     ] GC(5)   Other: 0.5ms
[2021-02-16T19:27:46.807+0600][gc,heap       ] GC(5) Eden regions: 48->0(44)
[2021-02-16T19:27:46.807+0600][gc,heap       ] GC(5) Survivor regions: 3->7(7)
[2021-02-16T19:27:46.807+0600][gc,heap       ] GC(5) Old regions: 7->7
[2021-02-16T19:27:46.807+0600][gc,heap       ] GC(5) Humongous regions: 129->129
[2021-02-16T19:27:46.807+0600][gc,metaspace  ] GC(5) Metaspace: 43426K->43426K(1089536K)
[2021-02-16T19:27:46.807+0600][gc            ] GC(5) Pause Young (Normal) (G1 Evacuation Pause) 186M->142M(1024M) 12.673ms
[2021-02-16T19:27:46.807+0600][gc,cpu        ] GC(5) User=0.05s Sys=0.01s Real=0.01s
[2021-02-16T19:32:20.667+0600][gc,start      ] GC(6) Pause Young (Normal) (G1 Evacuation Pause)
[2021-02-16T19:32:20.667+0600][gc,task       ] GC(6) Using 8 workers of 8 for evacuation
[2021-02-16T19:32:20.689+0600][gc,mmu        ] GC(6) MMU target violated: 21.0ms (20.0ms/21.0ms)
[2021-02-16T19:32:20.689+0600][gc,phases     ] GC(6)   Pre Evacuate Collection Set: 1.7ms
[2021-02-16T19:32:20.689+0600][gc,phases     ] GC(6)   Evacuate Collection Set: 19.5ms
[2021-02-16T19:32:20.689+0600][gc,phases     ] GC(6)   Post Evacuate Collection Set: 0.7ms
[2021-02-16T19:32:20.690+0600][gc,phases     ] GC(6)   Other: 0.5ms
[2021-02-16T19:32:20.690+0600][gc,heap       ] GC(6) Eden regions: 44->0(49)
[2021-02-16T19:32:20.690+0600][gc,heap       ] GC(6) Survivor regions: 7->2(7)
[2021-02-16T19:32:20.690+0600][gc,heap       ] GC(6) Old regions: 7->13
[2021-02-16T19:32:20.690+0600][gc,heap       ] GC(6) Humongous regions: 141->129
[2021-02-16T19:32:20.690+0600][gc,metaspace  ] GC(6) Metaspace: 47995K->47995K(1093632K)
[2021-02-16T19:32:20.690+0600][gc            ] GC(6) Pause Young (Normal) (G1 Evacuation Pause) 198M->143M(1024M) 22.572ms
[2021-02-16T19:32:20.690+0600][gc,cpu        ] GC(6) User=0.05s Sys=0.07s Real=0.03s
