[2021-02-16T17:38:44.783+0600][gc,heap] Heap region size: 1M
[2021-02-16T17:38:44.794+0600][gc     ] Using G1
[2021-02-16T17:38:44.794+0600][gc,heap,coops] Heap address: 0x00000007c0000000, size: 1024 MB, Compressed Oops mode: Zero based, Oop shift amount: 3
[2021-02-16T17:38:45.634+0600][gc,start     ] GC(0) Pause Young (Concurrent Start) (Metadata GC Threshold)
[2021-02-16T17:38:45.634+0600][gc,task      ] GC(0) Using 8 workers of 8 for evacuation
[2021-02-16T17:38:45.642+0600][gc,phases    ] GC(0)   Pre Evacuate Collection Set: 0.0ms
[2021-02-16T17:38:45.642+0600][gc,phases    ] GC(0)   Evacuate Collection Set: 6.7ms
[2021-02-16T17:38:45.642+0600][gc,phases    ] GC(0)   Post Evacuate Collection Set: 0.4ms
[2021-02-16T17:38:45.642+0600][gc,phases    ] GC(0)   Other: 0.6ms
[2021-02-16T17:38:45.642+0600][gc,heap      ] GC(0) Eden regions: 42->0(44)
[2021-02-16T17:38:45.642+0600][gc,heap      ] GC(0) Survivor regions: 0->7(7)
[2021-02-16T17:38:45.642+0600][gc,heap      ] GC(0) Old regions: 0->0
[2021-02-16T17:38:45.642+0600][gc,heap      ] GC(0) Humongous regions: 0->0
[2021-02-16T17:38:45.642+0600][gc,metaspace ] GC(0) Metaspace: 20623K->20623K(1069056K)
[2021-02-16T17:38:45.642+0600][gc           ] GC(0) Pause Young (Concurrent Start) (Metadata GC Threshold) 41M->6M(1024M) 7.962ms
[2021-02-16T17:38:45.642+0600][gc,cpu       ] GC(0) User=0.02s Sys=0.00s Real=0.01s
[2021-02-16T17:38:45.642+0600][gc           ] GC(1) Concurrent Cycle
[2021-02-16T17:38:45.642+0600][gc,marking   ] GC(1) Concurrent Clear Claimed Marks
[2021-02-16T17:38:45.642+0600][gc,marking   ] GC(1) Concurrent Clear Claimed Marks 0.031ms
[2021-02-16T17:38:45.642+0600][gc,marking   ] GC(1) Concurrent Scan Root Regions
[2021-02-16T17:38:45.645+0600][gc,marking   ] GC(1) Concurrent Scan Root Regions 2.809ms
[2021-02-16T17:38:45.645+0600][gc,marking   ] GC(1) Concurrent Mark (0.877s)
[2021-02-16T17:38:45.645+0600][gc,marking   ] GC(1) Concurrent Mark From Roots
[2021-02-16T17:38:45.645+0600][gc,task      ] GC(1) Using 2 workers of 2 for marking
[2021-02-16T17:38:45.645+0600][gc,marking   ] GC(1) Concurrent Mark From Roots 0.363ms
[2021-02-16T17:38:45.645+0600][gc,marking   ] GC(1) Concurrent Preclean
[2021-02-16T17:38:45.645+0600][gc,marking   ] GC(1) Concurrent Preclean 0.056ms
[2021-02-16T17:38:45.645+0600][gc,marking   ] GC(1) Concurrent Mark (0.877s, 0.878s) 0.529ms
[2021-02-16T17:38:45.647+0600][gc,start     ] GC(1) Pause Remark
[2021-02-16T17:38:45.649+0600][gc,stringtable] GC(1) Cleaned string and symbol table, strings: 7416 processed, 0 removed, symbols: 63996 processed, 28 removed
[2021-02-16T17:38:45.649+0600][gc            ] GC(1) Pause Remark 7M->7M(1024M) 2.224ms
[2021-02-16T17:38:45.649+0600][gc,cpu        ] GC(1) User=0.01s Sys=0.00s Real=0.00s
[2021-02-16T17:38:45.649+0600][gc,marking    ] GC(1) Concurrent Rebuild Remembered Sets
[2021-02-16T17:38:45.649+0600][gc,marking    ] GC(1) Concurrent Rebuild Remembered Sets 0.097ms
[2021-02-16T17:38:45.649+0600][gc,start      ] GC(1) Pause Cleanup
[2021-02-16T17:38:45.649+0600][gc            ] GC(1) Pause Cleanup 7M->7M(1024M) 0.109ms
[2021-02-16T17:38:45.649+0600][gc,cpu        ] GC(1) User=0.00s Sys=0.00s Real=0.00s
[2021-02-16T17:38:45.649+0600][gc,marking    ] GC(1) Concurrent Cleanup for Next Mark
[2021-02-16T17:38:45.655+0600][gc,marking    ] GC(1) Concurrent Cleanup for Next Mark 5.493ms
[2021-02-16T17:38:45.655+0600][gc            ] GC(1) Concurrent Cycle 13.068ms
[2021-02-16T17:38:46.659+0600][gc,start      ] GC(2) Pause Young (Normal) (G1 Evacuation Pause)
[2021-02-16T17:38:46.659+0600][gc,task       ] GC(2) Using 8 workers of 8 for evacuation
[2021-02-16T17:38:46.666+0600][gc,phases     ] GC(2)   Pre Evacuate Collection Set: 0.0ms
[2021-02-16T17:38:46.666+0600][gc,phases     ] GC(2)   Evacuate Collection Set: 6.5ms
[2021-02-16T17:38:46.666+0600][gc,phases     ] GC(2)   Post Evacuate Collection Set: 0.4ms
[2021-02-16T17:38:46.666+0600][gc,phases     ] GC(2)   Other: 0.1ms
[2021-02-16T17:38:46.666+0600][gc,heap       ] GC(2) Eden regions: 44->0(49)
[2021-02-16T17:38:46.666+0600][gc,heap       ] GC(2) Survivor regions: 7->2(7)
[2021-02-16T17:38:46.666+0600][gc,heap       ] GC(2) Old regions: 0->7
[2021-02-16T17:38:46.666+0600][gc,heap       ] GC(2) Humongous regions: 129->129
[2021-02-16T17:38:46.667+0600][gc,metaspace  ] GC(2) Metaspace: 30222K->30222K(1077248K)
[2021-02-16T17:38:46.667+0600][gc            ] GC(2) Pause Young (Normal) (G1 Evacuation Pause) 179M->137M(1024M) 7.249ms
[2021-02-16T17:38:46.667+0600][gc,cpu        ] GC(2) User=0.03s Sys=0.00s Real=0.01s
[2021-02-16T17:38:46.929+0600][gc,start      ] GC(3) Pause Young (Concurrent Start) (Metadata GC Threshold)
[2021-02-16T17:38:46.929+0600][gc,task       ] GC(3) Using 8 workers of 8 for evacuation
[2021-02-16T17:38:46.932+0600][gc,phases     ] GC(3)   Pre Evacuate Collection Set: 0.1ms
[2021-02-16T17:38:46.932+0600][gc,phases     ] GC(3)   Evacuate Collection Set: 2.8ms
[2021-02-16T17:38:46.932+0600][gc,phases     ] GC(3)   Post Evacuate Collection Set: 0.2ms
[2021-02-16T17:38:46.932+0600][gc,phases     ] GC(3)   Other: 0.2ms
[2021-02-16T17:38:46.932+0600][gc,heap       ] GC(3) Eden regions: 23->0(47)
[2021-02-16T17:38:46.932+0600][gc,heap       ] GC(3) Survivor regions: 2->4(7)
[2021-02-16T17:38:46.932+0600][gc,heap       ] GC(3) Old regions: 7->7
[2021-02-16T17:38:46.932+0600][gc,heap       ] GC(3) Humongous regions: 129->129
[2021-02-16T17:38:46.932+0600][gc,metaspace  ] GC(3) Metaspace: 34717K->34717K(1081344K)
[2021-02-16T17:38:46.932+0600][gc            ] GC(3) Pause Young (Concurrent Start) (Metadata GC Threshold) 159M->138M(1024M) 3.382ms
[2021-02-16T17:38:46.932+0600][gc,cpu        ] GC(3) User=0.02s Sys=0.00s Real=0.01s
[2021-02-16T17:38:46.932+0600][gc            ] GC(4) Concurrent Cycle
[2021-02-16T17:38:46.932+0600][gc,marking    ] GC(4) Concurrent Clear Claimed Marks
[2021-02-16T17:38:46.932+0600][gc,marking    ] GC(4) Concurrent Clear Claimed Marks 0.049ms
[2021-02-16T17:38:46.932+0600][gc,marking    ] GC(4) Concurrent Scan Root Regions
[2021-02-16T17:38:46.934+0600][gc,marking    ] GC(4) Concurrent Scan Root Regions 1.784ms
[2021-02-16T17:38:46.934+0600][gc,marking    ] GC(4) Concurrent Mark (2.166s)
[2021-02-16T17:38:46.934+0600][gc,marking    ] GC(4) Concurrent Mark From Roots
[2021-02-16T17:38:46.934+0600][gc,task       ] GC(4) Using 2 workers of 2 for marking
[2021-02-16T17:38:46.939+0600][gc,marking    ] GC(4) Concurrent Mark From Roots 4.512ms
[2021-02-16T17:38:46.939+0600][gc,marking    ] GC(4) Concurrent Preclean
[2021-02-16T17:38:46.939+0600][gc,marking    ] GC(4) Concurrent Preclean 0.060ms
[2021-02-16T17:38:46.939+0600][gc,marking    ] GC(4) Concurrent Mark (2.166s, 2.171s) 4.625ms
[2021-02-16T17:38:46.939+0600][gc,start      ] GC(4) Pause Remark
[2021-02-16T17:38:46.941+0600][gc,stringtable] GC(4) Cleaned string and symbol table, strings: 11496 processed, 7 removed, symbols: 93814 processed, 17 removed
[2021-02-16T17:38:46.941+0600][gc            ] GC(4) Pause Remark 139M->139M(1024M) 2.486ms
[2021-02-16T17:38:46.941+0600][gc,cpu        ] GC(4) User=0.01s Sys=0.00s Real=0.01s
[2021-02-16T17:38:46.941+0600][gc,marking    ] GC(4) Concurrent Rebuild Remembered Sets
[2021-02-16T17:38:46.945+0600][gc,marking    ] GC(4) Concurrent Rebuild Remembered Sets 3.245ms
[2021-02-16T17:38:46.945+0600][gc,start      ] GC(4) Pause Cleanup
[2021-02-16T17:38:46.945+0600][gc            ] GC(4) Pause Cleanup 139M->139M(1024M) 0.186ms
[2021-02-16T17:38:46.945+0600][gc,cpu        ] GC(4) User=0.00s Sys=0.00s Real=0.00s
[2021-02-16T17:38:46.945+0600][gc,marking    ] GC(4) Concurrent Cleanup for Next Mark
[2021-02-16T17:38:46.952+0600][gc,marking    ] GC(4) Concurrent Cleanup for Next Mark 6.264ms
[2021-02-16T17:38:46.952+0600][gc            ] GC(4) Concurrent Cycle 19.423ms
[2021-02-16T17:40:54.889+0600][gc,start      ] GC(5) Pause Young (Normal) (G1 Evacuation Pause)
[2021-02-16T17:40:54.889+0600][gc,task       ] GC(5) Using 8 workers of 8 for evacuation
[2021-02-16T17:40:54.897+0600][gc,phases     ] GC(5)   Pre Evacuate Collection Set: 0.1ms
[2021-02-16T17:40:54.897+0600][gc,phases     ] GC(5)   Evacuate Collection Set: 6.6ms
[2021-02-16T17:40:54.897+0600][gc,phases     ] GC(5)   Post Evacuate Collection Set: 0.8ms
[2021-02-16T17:40:54.897+0600][gc,phases     ] GC(5)   Other: 0.3ms
[2021-02-16T17:40:54.897+0600][gc,heap       ] GC(5) Eden regions: 47->0(44)
[2021-02-16T17:40:54.897+0600][gc,heap       ] GC(5) Survivor regions: 4->7(7)
[2021-02-16T17:40:54.897+0600][gc,heap       ] GC(5) Old regions: 7->7
[2021-02-16T17:40:54.897+0600][gc,heap       ] GC(5) Humongous regions: 129->129
[2021-02-16T17:40:54.897+0600][gc,metaspace  ] GC(5) Metaspace: 44756K->44756K(1089536K)
[2021-02-16T17:40:54.897+0600][gc            ] GC(5) Pause Young (Normal) (G1 Evacuation Pause) 185M->142M(1024M) 8.078ms
[2021-02-16T17:40:54.897+0600][gc,cpu        ] GC(5) User=0.04s Sys=0.00s Real=0.01s
[2021-02-16T17:43:31.152+0600][gc,start      ] GC(6) Pause Young (Normal) (G1 Evacuation Pause)
[2021-02-16T17:43:31.158+0600][gc,task       ] GC(6) Using 8 workers of 8 for evacuation
[2021-02-16T17:43:31.177+0600][gc,phases     ] GC(6)   Pre Evacuate Collection Set: 0.2ms
[2021-02-16T17:43:31.177+0600][gc,phases     ] GC(6)   Evacuate Collection Set: 13.3ms
[2021-02-16T17:43:31.177+0600][gc,phases     ] GC(6)   Post Evacuate Collection Set: 3.8ms
[2021-02-16T17:43:31.177+0600][gc,phases     ] GC(6)   Other: 7.6ms
[2021-02-16T17:43:31.177+0600][gc,heap       ] GC(6) Eden regions: 44->0(45)
[2021-02-16T17:43:31.177+0600][gc,heap       ] GC(6) Survivor regions: 7->6(7)
[2021-02-16T17:43:31.177+0600][gc,heap       ] GC(6) Old regions: 7->10
[2021-02-16T17:43:31.177+0600][gc,heap       ] GC(6) Humongous regions: 129->129
[2021-02-16T17:43:31.177+0600][gc,metaspace  ] GC(6) Metaspace: 48178K->48178K(1093632K)
[2021-02-16T17:43:31.177+0600][gc            ] GC(6) Pause Young (Normal) (G1 Evacuation Pause) 186M->144M(1024M) 25.123ms
[2021-02-16T17:43:31.177+0600][gc,cpu        ] GC(6) User=0.06s Sys=0.01s Real=0.02s
[2021-02-16T17:46:07.974+0600][gc,start      ] GC(7) Pause Young (Normal) (G1 Evacuation Pause)
[2021-02-16T17:46:07.980+0600][gc,task       ] GC(7) Using 8 workers of 8 for evacuation
[2021-02-16T17:46:07.986+0600][gc,phases     ] GC(7)   Pre Evacuate Collection Set: 0.0ms
[2021-02-16T17:46:07.986+0600][gc,phases     ] GC(7)   Evacuate Collection Set: 5.8ms
[2021-02-16T17:46:07.986+0600][gc,phases     ] GC(7)   Post Evacuate Collection Set: 0.5ms
[2021-02-16T17:46:07.986+0600][gc,phases     ] GC(7)   Other: 6.1ms
[2021-02-16T17:46:07.986+0600][gc,heap       ] GC(7) Eden regions: 45->0(47)
[2021-02-16T17:46:07.986+0600][gc,heap       ] GC(7) Survivor regions: 6->4(7)
[2021-02-16T17:46:07.986+0600][gc,heap       ] GC(7) Old regions: 10->13
[2021-02-16T17:46:07.986+0600][gc,heap       ] GC(7) Humongous regions: 129->129
[2021-02-16T17:46:07.986+0600][gc,metaspace  ] GC(7) Metaspace: 48379K->48379K(1093632K)
[2021-02-16T17:46:07.986+0600][gc            ] GC(7) Pause Young (Normal) (G1 Evacuation Pause) 189M->145M(1024M) 12.542ms
[2021-02-16T17:46:07.986+0600][gc,cpu        ] GC(7) User=0.04s Sys=0.00s Real=0.01s
[2021-02-16T17:49:01.785+0600][gc,start      ] GC(8) Pause Young (Normal) (G1 Evacuation Pause)
[2021-02-16T17:49:01.785+0600][gc,task       ] GC(8) Using 8 workers of 8 for evacuation
[2021-02-16T17:49:01.791+0600][gc,phases     ] GC(8)   Pre Evacuate Collection Set: 0.0ms
[2021-02-16T17:49:01.791+0600][gc,phases     ] GC(8)   Evacuate Collection Set: 4.6ms
[2021-02-16T17:49:01.791+0600][gc,phases     ] GC(8)   Post Evacuate Collection Set: 0.4ms
[2021-02-16T17:49:01.791+0600][gc,phases     ] GC(8)   Other: 0.3ms
[2021-02-16T17:49:01.791+0600][gc,heap       ] GC(8) Eden regions: 47->0(46)
[2021-02-16T17:49:01.791+0600][gc,heap       ] GC(8) Survivor regions: 4->5(7)
[2021-02-16T17:49:01.791+0600][gc,heap       ] GC(8) Old regions: 13->13
[2021-02-16T17:49:01.791+0600][gc,heap       ] GC(8) Humongous regions: 129->129
[2021-02-16T17:49:01.791+0600][gc,metaspace  ] GC(8) Metaspace: 48644K->48644K(1093632K)
[2021-02-16T17:49:01.791+0600][gc            ] GC(8) Pause Young (Normal) (G1 Evacuation Pause) 192M->146M(1024M) 5.498ms
[2021-02-16T17:49:01.791+0600][gc,cpu        ] GC(8) User=0.03s Sys=0.00s Real=0.01s
[2021-02-16T17:51:58.403+0600][gc,start      ] GC(9) Pause Young (Normal) (G1 Evacuation Pause)
[2021-02-16T17:51:58.404+0600][gc,task       ] GC(9) Using 8 workers of 8 for evacuation
[2021-02-16T17:51:58.411+0600][gc,phases     ] GC(9)   Pre Evacuate Collection Set: 0.0ms
[2021-02-16T17:51:58.411+0600][gc,phases     ] GC(9)   Evacuate Collection Set: 7.0ms
[2021-02-16T17:51:58.411+0600][gc,phases     ] GC(9)   Post Evacuate Collection Set: 0.6ms
[2021-02-16T17:51:58.412+0600][gc,phases     ] GC(9)   Other: 0.4ms
[2021-02-16T17:51:58.412+0600][gc,heap       ] GC(9) Eden regions: 46->0(48)
[2021-02-16T17:51:58.412+0600][gc,heap       ] GC(9) Survivor regions: 5->3(7)
[2021-02-16T17:51:58.412+0600][gc,heap       ] GC(9) Old regions: 13->14
[2021-02-16T17:51:58.412+0600][gc,heap       ] GC(9) Humongous regions: 129->129
[2021-02-16T17:51:58.412+0600][gc,metaspace  ] GC(9) Metaspace: 48723K->48723K(1093632K)
[2021-02-16T17:51:58.412+0600][gc            ] GC(9) Pause Young (Normal) (G1 Evacuation Pause) 192M->145M(1024M) 8.142ms
[2021-02-16T17:51:58.412+0600][gc,cpu        ] GC(9) User=0.04s Sys=0.00s Real=0.01s
[2021-02-16T17:55:06.292+0600][gc,start      ] GC(10) Pause Young (Normal) (G1 Evacuation Pause)
[2021-02-16T17:55:06.292+0600][gc,task       ] GC(10) Using 8 workers of 8 for evacuation
[2021-02-16T17:55:06.300+0600][gc,phases     ] GC(10)   Pre Evacuate Collection Set: 0.0ms
[2021-02-16T17:55:06.300+0600][gc,phases     ] GC(10)   Evacuate Collection Set: 6.1ms
[2021-02-16T17:55:06.300+0600][gc,phases     ] GC(10)   Post Evacuate Collection Set: 0.9ms
[2021-02-16T17:55:06.300+0600][gc,phases     ] GC(10)   Other: 0.8ms
[2021-02-16T17:55:06.300+0600][gc,heap       ] GC(10) Eden regions: 48->0(49)
[2021-02-16T17:55:06.300+0600][gc,heap       ] GC(10) Survivor regions: 3->5(7)
[2021-02-16T17:55:06.300+0600][gc,heap       ] GC(10) Old regions: 14->14
[2021-02-16T17:55:06.300+0600][gc,heap       ] GC(10) Humongous regions: 129->129
[2021-02-16T17:55:06.300+0600][gc,metaspace  ] GC(10) Metaspace: 48840K->48840K(1093632K)
[2021-02-16T17:55:06.300+0600][gc            ] GC(10) Pause Young (Normal) (G1 Evacuation Pause) 193M->147M(1024M) 7.892ms
[2021-02-16T17:55:06.300+0600][gc,cpu        ] GC(10) User=0.04s Sys=0.00s Real=0.01s
[2021-02-16T17:58:17.402+0600][gc,start      ] GC(11) Pause Young (Normal) (G1 Evacuation Pause)
[2021-02-16T17:58:17.408+0600][gc,task       ] GC(11) Using 8 workers of 8 for evacuation
[2021-02-16T17:58:17.415+0600][gc,phases     ] GC(11)   Pre Evacuate Collection Set: 0.0ms
[2021-02-16T17:58:17.415+0600][gc,phases     ] GC(11)   Evacuate Collection Set: 6.1ms
[2021-02-16T17:58:17.415+0600][gc,phases     ] GC(11)   Post Evacuate Collection Set: 0.3ms
[2021-02-16T17:58:17.415+0600][gc,phases     ] GC(11)   Other: 6.2ms
[2021-02-16T17:58:17.415+0600][gc,heap       ] GC(11) Eden regions: 49->0(402)
[2021-02-16T17:58:17.415+0600][gc,heap       ] GC(11) Survivor regions: 5->5(7)
[2021-02-16T17:58:17.415+0600][gc,heap       ] GC(11) Old regions: 14->15
[2021-02-16T17:58:17.415+0600][gc,heap       ] GC(11) Humongous regions: 129->129
[2021-02-16T17:58:17.415+0600][gc,metaspace  ] GC(11) Metaspace: 48935K->48935K(1093632K)
[2021-02-16T17:58:17.415+0600][gc            ] GC(11) Pause Young (Normal) (G1 Evacuation Pause) 196M->148M(1024M) 12.676ms
[2021-02-16T17:58:17.415+0600][gc,cpu        ] GC(11) User=0.04s Sys=0.00s Real=0.01s
[2021-02-16T18:24:54.548+0600][gc,start      ] GC(12) Pause Young (Normal) (G1 Evacuation Pause)
[2021-02-16T18:24:54.549+0600][gc,task       ] GC(12) Using 8 workers of 8 for evacuation
[2021-02-16T18:24:54.578+0600][gc,mmu        ] GC(12) MMU target violated: 21.0ms (20.0ms/21.0ms)
[2021-02-16T18:24:54.578+0600][gc,phases     ] GC(12)   Pre Evacuate Collection Set: 0.0ms
[2021-02-16T18:24:54.578+0600][gc,phases     ] GC(12)   Evacuate Collection Set: 27.7ms
[2021-02-16T18:24:54.578+0600][gc,phases     ] GC(12)   Post Evacuate Collection Set: 0.9ms
[2021-02-16T18:24:54.578+0600][gc,phases     ] GC(12)   Other: 1.0ms
[2021-02-16T18:24:54.578+0600][gc,heap       ] GC(12) Eden regions: 402->0(66)
[2021-02-16T18:24:54.578+0600][gc,heap       ] GC(12) Survivor regions: 5->35(51)
[2021-02-16T18:24:54.578+0600][gc,heap       ] GC(12) Old regions: 15->15
[2021-02-16T18:24:54.578+0600][gc,heap       ] GC(12) Humongous regions: 129->129
[2021-02-16T18:24:54.578+0600][gc,metaspace  ] GC(12) Metaspace: 49260K->49260K(1093632K)
[2021-02-16T18:24:54.578+0600][gc            ] GC(12) Pause Young (Normal) (G1 Evacuation Pause) 550M->178M(1024M) 29.724ms
[2021-02-16T18:24:54.578+0600][gc,cpu        ] GC(12) User=0.17s Sys=0.02s Real=0.03s
[2021-02-16T18:29:14.876+0600][gc,start      ] GC(13) Pause Young (Normal) (G1 Evacuation Pause)
[2021-02-16T18:29:14.876+0600][gc,task       ] GC(13) Using 8 workers of 8 for evacuation
[2021-02-16T18:29:14.912+0600][gc,mmu        ] GC(13) MMU target violated: 21.0ms (20.0ms/21.0ms)
[2021-02-16T18:29:14.912+0600][gc,phases     ] GC(13)   Pre Evacuate Collection Set: 0.0ms
[2021-02-16T18:29:14.912+0600][gc,phases     ] GC(13)   Evacuate Collection Set: 35.0ms
[2021-02-16T18:29:14.912+0600][gc,phases     ] GC(13)   Post Evacuate Collection Set: 0.3ms
[2021-02-16T18:29:14.912+0600][gc,phases     ] GC(13)   Other: 0.9ms
[2021-02-16T18:29:14.912+0600][gc,heap       ] GC(13) Eden regions: 66->0(57)
[2021-02-16T18:29:14.912+0600][gc,heap       ] GC(13) Survivor regions: 35->9(13)
[2021-02-16T18:29:14.912+0600][gc,heap       ] GC(13) Old regions: 15->48
[2021-02-16T18:29:14.912+0600][gc,heap       ] GC(13) Humongous regions: 129->129
[2021-02-16T18:29:14.912+0600][gc,metaspace  ] GC(13) Metaspace: 49275K->49275K(1093632K)
[2021-02-16T18:29:14.912+0600][gc            ] GC(13) Pause Young (Normal) (G1 Evacuation Pause) 244M->185M(1024M) 36.314ms
[2021-02-16T18:29:14.912+0600][gc,cpu        ] GC(13) User=0.23s Sys=0.04s Real=0.04s
[2021-02-16T18:32:58.121+0600][gc,start      ] GC(14) Pause Young (Normal) (G1 Evacuation Pause)
[2021-02-16T18:32:58.127+0600][gc,task       ] GC(14) Using 8 workers of 8 for evacuation
[2021-02-16T18:32:58.138+0600][gc,phases     ] GC(14)   Pre Evacuate Collection Set: 0.0ms
[2021-02-16T18:32:58.138+0600][gc,phases     ] GC(14)   Evacuate Collection Set: 10.6ms
[2021-02-16T18:32:58.138+0600][gc,phases     ] GC(14)   Post Evacuate Collection Set: 0.3ms
[2021-02-16T18:32:58.138+0600][gc,phases     ] GC(14)   Other: 6.2ms
[2021-02-16T18:32:58.138+0600][gc,heap       ] GC(14) Eden regions: 57->0(87)
[2021-02-16T18:32:58.138+0600][gc,heap       ] GC(14) Survivor regions: 9->7(9)
[2021-02-16T18:32:58.138+0600][gc,heap       ] GC(14) Old regions: 48->55
[2021-02-16T18:32:58.138+0600][gc,heap       ] GC(14) Humongous regions: 129->129
[2021-02-16T18:32:58.138+0600][gc,metaspace  ] GC(14) Metaspace: 49298K->49298K(1093632K)
[2021-02-16T18:32:58.138+0600][gc            ] GC(14) Pause Young (Normal) (G1 Evacuation Pause) 242M->190M(1024M) 17.198ms
[2021-02-16T18:32:58.138+0600][gc,cpu        ] GC(14) User=0.08s Sys=0.00s Real=0.01s
[2021-02-16T18:38:42.321+0600][gc,start      ] GC(15) Pause Young (Normal) (G1 Evacuation Pause)
[2021-02-16T18:38:42.327+0600][gc,task       ] GC(15) Using 8 workers of 8 for evacuation
[2021-02-16T18:38:42.342+0600][gc,phases     ] GC(15)   Pre Evacuate Collection Set: 0.0ms
[2021-02-16T18:38:42.342+0600][gc,phases     ] GC(15)   Evacuate Collection Set: 14.1ms
[2021-02-16T18:38:42.342+0600][gc,phases     ] GC(15)   Post Evacuate Collection Set: 0.3ms
[2021-02-16T18:38:42.342+0600][gc,phases     ] GC(15)   Other: 6.1ms
[2021-02-16T18:38:42.342+0600][gc,heap       ] GC(15) Eden regions: 87->0(54)
[2021-02-16T18:38:42.342+0600][gc,heap       ] GC(15) Survivor regions: 7->12(12)
[2021-02-16T18:38:42.342+0600][gc,heap       ] GC(15) Old regions: 55->56
[2021-02-16T18:38:42.342+0600][gc,heap       ] GC(15) Humongous regions: 129->129
[2021-02-16T18:38:42.342+0600][gc,metaspace  ] GC(15) Metaspace: 49315K->49315K(1093632K)
[2021-02-16T18:38:42.342+0600][gc            ] GC(15) Pause Young (Normal) (G1 Evacuation Pause) 277M->196M(1024M) 20.670ms
[2021-02-16T18:38:42.342+0600][gc,cpu        ] GC(15) User=0.08s Sys=0.02s Real=0.02s
[2021-02-16T18:40:57.733+0600][gc,start      ] GC(16) Pause Young (Normal) (G1 Evacuation Pause)
[2021-02-16T18:40:57.739+0600][gc,task       ] GC(16) Using 8 workers of 8 for evacuation
[2021-02-16T18:40:57.754+0600][gc,phases     ] GC(16)   Pre Evacuate Collection Set: 0.0ms
[2021-02-16T18:40:57.754+0600][gc,phases     ] GC(16)   Evacuate Collection Set: 14.5ms
[2021-02-16T18:40:57.754+0600][gc,phases     ] GC(16)   Post Evacuate Collection Set: 0.3ms
[2021-02-16T18:40:57.755+0600][gc,phases     ] GC(16)   Other: 6.2ms
[2021-02-16T18:40:57.755+0600][gc,heap       ] GC(16) Eden regions: 39->0(51)
[2021-02-16T18:40:57.755+0600][gc,heap       ] GC(16) Survivor regions: 12->5(7)
[2021-02-16T18:40:57.755+0600][gc,heap       ] GC(16) Old regions: 56->68
[2021-02-16T18:40:57.755+0600][gc,heap       ] GC(16) Humongous regions: 129->129
[2021-02-16T18:40:57.755+0600][gc,metaspace  ] GC(16) Metaspace: 49353K->49353K(1093632K)
[2021-02-16T18:40:57.755+0600][gc            ] GC(16) Pause Young (Normal) (G1 Evacuation Pause) 235M->201M(1024M) 21.157ms
[2021-02-16T18:40:57.755+0600][gc,cpu        ] GC(16) User=0.10s Sys=0.01s Real=0.02s
[2021-02-16T18:44:18.862+0600][gc,start      ] GC(17) Pause Young (Normal) (G1 Evacuation Pause)
[2021-02-16T18:44:18.867+0600][gc,task       ] GC(17) Using 8 workers of 8 for evacuation
[2021-02-16T18:44:18.874+0600][gc,phases     ] GC(17)   Pre Evacuate Collection Set: 0.0ms
[2021-02-16T18:44:18.874+0600][gc,phases     ] GC(17)   Evacuate Collection Set: 6.6ms
[2021-02-16T18:44:18.874+0600][gc,phases     ] GC(17)   Post Evacuate Collection Set: 0.2ms
[2021-02-16T18:44:18.875+0600][gc,phases     ] GC(17)   Other: 6.0ms
[2021-02-16T18:44:18.875+0600][gc,heap       ] GC(17) Eden regions: 51->0(62)
[2021-02-16T18:44:18.875+0600][gc,heap       ] GC(17) Survivor regions: 5->4(7)
[2021-02-16T18:44:18.875+0600][gc,heap       ] GC(17) Old regions: 68->71
[2021-02-16T18:44:18.875+0600][gc,heap       ] GC(17) Humongous regions: 129->129
[2021-02-16T18:44:18.875+0600][gc,metaspace  ] GC(17) Metaspace: 49382K->49382K(1093632K)
[2021-02-16T18:44:18.875+0600][gc            ] GC(17) Pause Young (Normal) (G1 Evacuation Pause) 252M->203M(1024M) 13.013ms
[2021-02-16T18:44:18.875+0600][gc,cpu        ] GC(17) User=0.05s Sys=0.00s Real=0.01s
[2021-02-16T18:48:22.623+0600][gc,start      ] GC(18) Pause Young (Normal) (G1 Evacuation Pause)
[2021-02-16T18:48:22.628+0600][gc,task       ] GC(18) Using 8 workers of 8 for evacuation
[2021-02-16T18:48:22.633+0600][gc,phases     ] GC(18)   Pre Evacuate Collection Set: 0.0ms
[2021-02-16T18:48:22.633+0600][gc,phases     ] GC(18)   Evacuate Collection Set: 4.8ms
[2021-02-16T18:48:22.633+0600][gc,phases     ] GC(18)   Post Evacuate Collection Set: 0.2ms
[2021-02-16T18:48:22.633+0600][gc,phases     ] GC(18)   Other: 5.7ms
[2021-02-16T18:48:22.633+0600][gc,heap       ] GC(18) Eden regions: 62->0(70)
[2021-02-16T18:48:22.633+0600][gc,heap       ] GC(18) Survivor regions: 4->8(9)
[2021-02-16T18:48:22.633+0600][gc,heap       ] GC(18) Old regions: 71->71
[2021-02-16T18:48:22.633+0600][gc,heap       ] GC(18) Humongous regions: 129->129
[2021-02-16T18:48:22.633+0600][gc,metaspace  ] GC(18) Metaspace: 49382K->49382K(1093632K)
[2021-02-16T18:48:22.634+0600][gc            ] GC(18) Pause Young (Normal) (G1 Evacuation Pause) 265M->207M(1024M) 10.854ms
[2021-02-16T18:48:22.634+0600][gc,cpu        ] GC(18) User=0.04s Sys=0.00s Real=0.01s
[2021-02-16T18:52:59.903+0600][gc,start      ] GC(19) Pause Young (Normal) (G1 Evacuation Pause)
[2021-02-16T18:52:59.904+0600][gc,task       ] GC(19) Using 8 workers of 8 for evacuation
[2021-02-16T18:52:59.915+0600][gc,phases     ] GC(19)   Pre Evacuate Collection Set: 0.0ms
[2021-02-16T18:52:59.915+0600][gc,phases     ] GC(19)   Evacuate Collection Set: 10.7ms
[2021-02-16T18:52:59.915+0600][gc,phases     ] GC(19)   Post Evacuate Collection Set: 0.2ms
[2021-02-16T18:52:59.915+0600][gc,phases     ] GC(19)   Other: 0.7ms
[2021-02-16T18:52:59.915+0600][gc,heap       ] GC(19) Eden regions: 70->0(79)
[2021-02-16T18:52:59.915+0600][gc,heap       ] GC(19) Survivor regions: 8->7(10)
[2021-02-16T18:52:59.915+0600][gc,heap       ] GC(19) Old regions: 71->78
[2021-02-16T18:52:59.915+0600][gc,heap       ] GC(19) Humongous regions: 129->129
[2021-02-16T18:52:59.915+0600][gc,metaspace  ] GC(19) Metaspace: 49387K->49387K(1093632K)
[2021-02-16T18:52:59.915+0600][gc            ] GC(19) Pause Young (Normal) (G1 Evacuation Pause) 277M->212M(1024M) 11.821ms
[2021-02-16T18:52:59.915+0600][gc,cpu        ] GC(19) User=0.08s Sys=0.01s Real=0.01s
[2021-02-16T18:58:14.860+0600][gc,start      ] GC(20) Pause Young (Normal) (G1 Evacuation Pause)
[2021-02-16T18:58:14.861+0600][gc,task       ] GC(20) Using 8 workers of 8 for evacuation
[2021-02-16T18:58:14.872+0600][gc,phases     ] GC(20)   Pre Evacuate Collection Set: 0.0ms
[2021-02-16T18:58:14.873+0600][gc,phases     ] GC(20)   Evacuate Collection Set: 11.4ms
[2021-02-16T18:58:14.873+0600][gc,phases     ] GC(20)   Post Evacuate Collection Set: 0.3ms
[2021-02-16T18:58:14.873+0600][gc,phases     ] GC(20)   Other: 0.5ms
[2021-02-16T18:58:14.873+0600][gc,heap       ] GC(20) Eden regions: 79->0(85)
[2021-02-16T18:58:14.873+0600][gc,heap       ] GC(20) Survivor regions: 7->8(11)
[2021-02-16T18:58:14.873+0600][gc,heap       ] GC(20) Old regions: 78->84
[2021-02-16T18:58:14.873+0600][gc,heap       ] GC(20) Humongous regions: 129->129
[2021-02-16T18:58:14.873+0600][gc,metaspace  ] GC(20) Metaspace: 49392K->49392K(1093632K)
[2021-02-16T18:58:14.873+0600][gc            ] GC(20) Pause Young (Normal) (G1 Evacuation Pause) 291M->220M(1024M) 12.305ms
[2021-02-16T18:58:14.873+0600][gc,cpu        ] GC(20) User=0.08s Sys=0.00s Real=0.01s
[2021-02-16T19:03:50.533+0600][gc,start      ] GC(21) Pause Young (Normal) (G1 Evacuation Pause)
[2021-02-16T19:03:50.533+0600][gc,task       ] GC(21) Using 8 workers of 8 for evacuation
[2021-02-16T19:03:50.547+0600][gc,phases     ] GC(21)   Pre Evacuate Collection Set: 0.1ms
[2021-02-16T19:03:50.547+0600][gc,phases     ] GC(21)   Evacuate Collection Set: 13.2ms
[2021-02-16T19:03:50.547+0600][gc,phases     ] GC(21)   Post Evacuate Collection Set: 0.3ms
[2021-02-16T19:03:50.547+0600][gc,phases     ] GC(21)   Other: 0.3ms
[2021-02-16T19:03:50.547+0600][gc,heap       ] GC(21) Eden regions: 85->0(90)
[2021-02-16T19:03:50.547+0600][gc,heap       ] GC(21) Survivor regions: 8->8(12)
[2021-02-16T19:03:50.547+0600][gc,heap       ] GC(21) Old regions: 84->91
[2021-02-16T19:03:50.547+0600][gc,heap       ] GC(21) Humongous regions: 129->129
[2021-02-16T19:03:50.547+0600][gc,metaspace  ] GC(21) Metaspace: 49397K->49397K(1093632K)
[2021-02-16T19:03:50.547+0600][gc            ] GC(21) Pause Young (Normal) (G1 Evacuation Pause) 305M->227M(1024M) 14.034ms
[2021-02-16T19:03:50.547+0600][gc,cpu        ] GC(21) User=0.09s Sys=0.01s Real=0.01s
[2021-02-16T19:09:45.893+0600][gc,start      ] GC(22) Pause Young (Normal) (G1 Evacuation Pause)
[2021-02-16T19:09:45.893+0600][gc,task       ] GC(22) Using 8 workers of 8 for evacuation
[2021-02-16T19:09:45.907+0600][gc,phases     ] GC(22)   Pre Evacuate Collection Set: 0.0ms
[2021-02-16T19:09:45.907+0600][gc,phases     ] GC(22)   Evacuate Collection Set: 13.7ms
[2021-02-16T19:09:45.907+0600][gc,phases     ] GC(22)   Post Evacuate Collection Set: 0.3ms
[2021-02-16T19:09:45.907+0600][gc,phases     ] GC(22)   Other: 0.3ms
[2021-02-16T19:09:45.907+0600][gc,heap       ] GC(22) Eden regions: 90->0(95)
[2021-02-16T19:09:45.907+0600][gc,heap       ] GC(22) Survivor regions: 8->9(13)
[2021-02-16T19:09:45.907+0600][gc,heap       ] GC(22) Old regions: 91->99
[2021-02-16T19:09:45.907+0600][gc,heap       ] GC(22) Humongous regions: 129->129
[2021-02-16T19:09:45.907+0600][gc,metaspace  ] GC(22) Metaspace: 49406K->49406K(1093632K)
[2021-02-16T19:09:45.907+0600][gc            ] GC(22) Pause Young (Normal) (G1 Evacuation Pause) 317M->235M(1024M) 14.453ms
[2021-02-16T19:09:45.908+0600][gc,cpu        ] GC(22) User=0.09s Sys=0.00s Real=0.01s
[2021-02-16T19:16:03.264+0600][gc,start      ] GC(23) Pause Young (Normal) (G1 Evacuation Pause)
[2021-02-16T19:16:03.270+0600][gc,task       ] GC(23) Using 8 workers of 8 for evacuation
[2021-02-16T19:16:03.286+0600][gc,phases     ] GC(23)   Pre Evacuate Collection Set: 0.0ms
[2021-02-16T19:16:03.286+0600][gc,phases     ] GC(23)   Evacuate Collection Set: 16.2ms
[2021-02-16T19:16:03.286+0600][gc,phases     ] GC(23)   Post Evacuate Collection Set: 0.3ms
[2021-02-16T19:16:03.286+0600][gc,phases     ] GC(23)   Other: 6.1ms
[2021-02-16T19:16:03.286+0600][gc,heap       ] GC(23) Eden regions: 95->0(95)
[2021-02-16T19:16:03.286+0600][gc,heap       ] GC(23) Survivor regions: 9->9(13)
[2021-02-16T19:16:03.286+0600][gc,heap       ] GC(23) Old regions: 99->107
[2021-02-16T19:16:03.286+0600][gc,heap       ] GC(23) Humongous regions: 129->129
[2021-02-16T19:16:03.286+0600][gc,metaspace  ] GC(23) Metaspace: 49435K->49435K(1093632K)
[2021-02-16T19:16:03.286+0600][gc            ] GC(23) Pause Young (Normal) (G1 Evacuation Pause) 330M->244M(1024M) 22.663ms
[2021-02-16T19:16:03.287+0600][gc,cpu        ] GC(23) User=0.09s Sys=0.02s Real=0.02s
[2021-02-16T19:22:20.478+0600][gc,start      ] GC(24) Pause Young (Normal) (G1 Evacuation Pause)
[2021-02-16T19:22:20.484+0600][gc,task       ] GC(24) Using 8 workers of 8 for evacuation
[2021-02-16T19:22:20.500+0600][gc,phases     ] GC(24)   Pre Evacuate Collection Set: 0.0ms
[2021-02-16T19:22:20.500+0600][gc,phases     ] GC(24)   Evacuate Collection Set: 15.9ms
[2021-02-16T19:22:20.500+0600][gc,phases     ] GC(24)   Post Evacuate Collection Set: 0.3ms
[2021-02-16T19:22:20.500+0600][gc,phases     ] GC(24)   Other: 6.1ms
[2021-02-16T19:22:20.500+0600][gc,heap       ] GC(24) Eden regions: 95->0(97)
[2021-02-16T19:22:20.500+0600][gc,heap       ] GC(24) Survivor regions: 9->10(13)
[2021-02-16T19:22:20.500+0600][gc,heap       ] GC(24) Old regions: 107->116
[2021-02-16T19:22:20.500+0600][gc,heap       ] GC(24) Humongous regions: 129->129
[2021-02-16T19:22:20.501+0600][gc,metaspace  ] GC(24) Metaspace: 49438K->49438K(1095680K)
[2021-02-16T19:22:20.501+0600][gc            ] GC(24) Pause Young (Normal) (G1 Evacuation Pause) 339M->253M(1024M) 22.526ms
[2021-02-16T19:22:20.501+0600][gc,cpu        ] GC(24) User=0.11s Sys=0.01s Real=0.03s
[2021-02-16T19:25:07.820+0600][gc,start      ] GC(25) Pause Young (Normal) (G1 Evacuation Pause)
[2021-02-16T19:25:07.820+0600][gc,task       ] GC(25) Using 8 workers of 8 for evacuation
[2021-02-16T19:25:07.831+0600][gc,phases     ] GC(25)   Pre Evacuate Collection Set: 0.0ms
[2021-02-16T19:25:07.831+0600][gc,phases     ] GC(25)   Evacuate Collection Set: 11.0ms
[2021-02-16T19:25:07.832+0600][gc,phases     ] GC(25)   Post Evacuate Collection Set: 0.5ms
[2021-02-16T19:25:07.832+0600][gc,phases     ] GC(25)   Other: 0.2ms
[2021-02-16T19:25:07.832+0600][gc,heap       ] GC(25) Eden regions: 74->0(107)
[2021-02-16T19:25:07.832+0600][gc,heap       ] GC(25) Survivor regions: 10->6(11)
[2021-02-16T19:25:07.832+0600][gc,heap       ] GC(25) Old regions: 116->124
[2021-02-16T19:25:07.832+0600][gc,heap       ] GC(25) Humongous regions: 129->129
[2021-02-16T19:25:07.832+0600][gc,metaspace  ] GC(25) Metaspace: 51926K->51926K(1097728K)
[2021-02-16T19:25:07.832+0600][gc            ] GC(25) Pause Young (Normal) (G1 Evacuation Pause) 327M->258M(1024M) 11.820ms
[2021-02-16T19:25:07.832+0600][gc,cpu        ] GC(25) User=0.08s Sys=0.00s Real=0.01s
[2021-02-16T19:25:07.837+0600][gc,heap,exit  ] Heap
[2021-02-16T19:25:07.837+0600][gc,heap,exit  ]  garbage-first heap   total 1048576K, used 264832K [0x00000007c0000000, 0x0000000800000000)
[2021-02-16T19:25:07.837+0600][gc,heap,exit  ]   region size 1024K, 7 young (7168K), 6 survivors (6144K)
[2021-02-16T19:25:07.837+0600][gc,heap,exit  ]  Metaspace       used 51955K, capacity 54512K, committed 54704K, reserved 1097728K
[2021-02-16T19:25:07.837+0600][gc,heap,exit  ]   class space    used 6155K, capacity 7324K, committed 7424K, reserved 1048576K
