[2021-02-16T19:28:00.475+0600][gc,heap] Heap region size: 1M
[2021-02-16T19:28:00.483+0600][gc     ] Using G1
[2021-02-16T19:28:00.483+0600][gc,heap,coops] Heap address: 0x00000007c0000000, size: 1024 MB, Compressed Oops mode: Zero based, Oop shift amount: 3
[2021-02-16T19:28:01.311+0600][gc,start     ] GC(0) Pause Young (Concurrent Start) (Metadata GC Threshold)
[2021-02-16T19:28:01.311+0600][gc,task      ] GC(0) Using 8 workers of 8 for evacuation
[2021-02-16T19:28:01.318+0600][gc,phases    ] GC(0)   Pre Evacuate Collection Set: 0.0ms
[2021-02-16T19:28:01.318+0600][gc,phases    ] GC(0)   Evacuate Collection Set: 6.0ms
[2021-02-16T19:28:01.318+0600][gc,phases    ] GC(0)   Post Evacuate Collection Set: 0.4ms
[2021-02-16T19:28:01.318+0600][gc,phases    ] GC(0)   Other: 0.7ms
[2021-02-16T19:28:01.318+0600][gc,heap      ] GC(0) Eden regions: 42->0(44)
[2021-02-16T19:28:01.318+0600][gc,heap      ] GC(0) Survivor regions: 0->7(7)
[2021-02-16T19:28:01.318+0600][gc,heap      ] GC(0) Old regions: 0->0
[2021-02-16T19:28:01.318+0600][gc,heap      ] GC(0) Humongous regions: 0->0
[2021-02-16T19:28:01.318+0600][gc,metaspace ] GC(0) Metaspace: 20524K->20524K(1069056K)
[2021-02-16T19:28:01.318+0600][gc           ] GC(0) Pause Young (Concurrent Start) (Metadata GC Threshold) 41M->6M(1024M) 7.165ms
[2021-02-16T19:28:01.318+0600][gc,cpu       ] GC(0) User=0.01s Sys=0.00s Real=0.00s
[2021-02-16T19:28:01.318+0600][gc           ] GC(1) Concurrent Cycle
[2021-02-16T19:28:01.318+0600][gc,marking   ] GC(1) Concurrent Clear Claimed Marks
[2021-02-16T19:28:01.318+0600][gc,marking   ] GC(1) Concurrent Clear Claimed Marks 0.015ms
[2021-02-16T19:28:01.318+0600][gc,marking   ] GC(1) Concurrent Scan Root Regions
[2021-02-16T19:28:01.320+0600][gc,marking   ] GC(1) Concurrent Scan Root Regions 1.834ms
[2021-02-16T19:28:01.320+0600][gc,marking   ] GC(1) Concurrent Mark (0.853s)
[2021-02-16T19:28:01.320+0600][gc,marking   ] GC(1) Concurrent Mark From Roots
[2021-02-16T19:28:01.320+0600][gc,task      ] GC(1) Using 2 workers of 2 for marking
[2021-02-16T19:28:01.320+0600][gc,marking   ] GC(1) Concurrent Mark From Roots 0.182ms
[2021-02-16T19:28:01.320+0600][gc,marking   ] GC(1) Concurrent Preclean
[2021-02-16T19:28:01.320+0600][gc,marking   ] GC(1) Concurrent Preclean 0.026ms
[2021-02-16T19:28:01.320+0600][gc,marking   ] GC(1) Concurrent Mark (0.853s, 0.854s) 0.246ms
[2021-02-16T19:28:01.322+0600][gc,start     ] GC(1) Pause Remark
[2021-02-16T19:28:01.323+0600][gc,stringtable] GC(1) Cleaned string and symbol table, strings: 7406 processed, 0 removed, symbols: 63066 processed, 31 removed
[2021-02-16T19:28:01.324+0600][gc            ] GC(1) Pause Remark 6M->6M(1024M) 2.002ms
[2021-02-16T19:28:01.324+0600][gc,cpu        ] GC(1) User=0.01s Sys=0.00s Real=0.00s
[2021-02-16T19:28:01.324+0600][gc,marking    ] GC(1) Concurrent Rebuild Remembered Sets
[2021-02-16T19:28:01.324+0600][gc,marking    ] GC(1) Concurrent Rebuild Remembered Sets 0.088ms
[2021-02-16T19:28:01.324+0600][gc,start      ] GC(1) Pause Cleanup
[2021-02-16T19:28:01.324+0600][gc            ] GC(1) Pause Cleanup 6M->6M(1024M) 0.128ms
[2021-02-16T19:28:01.324+0600][gc,cpu        ] GC(1) User=0.00s Sys=0.00s Real=0.00s
[2021-02-16T19:28:01.324+0600][gc,marking    ] GC(1) Concurrent Cleanup for Next Mark
[2021-02-16T19:28:01.330+0600][gc,marking    ] GC(1) Concurrent Cleanup for Next Mark 5.478ms
[2021-02-16T19:28:01.330+0600][gc            ] GC(1) Concurrent Cycle 11.404ms
[2021-02-16T19:28:02.284+0600][gc,start      ] GC(2) Pause Young (Normal) (G1 Evacuation Pause)
[2021-02-16T19:28:02.284+0600][gc,task       ] GC(2) Using 8 workers of 8 for evacuation
[2021-02-16T19:28:02.291+0600][gc,phases     ] GC(2)   Pre Evacuate Collection Set: 0.0ms
[2021-02-16T19:28:02.291+0600][gc,phases     ] GC(2)   Evacuate Collection Set: 6.2ms
[2021-02-16T19:28:02.291+0600][gc,phases     ] GC(2)   Post Evacuate Collection Set: 0.5ms
[2021-02-16T19:28:02.291+0600][gc,phases     ] GC(2)   Other: 0.2ms
[2021-02-16T19:28:02.291+0600][gc,heap       ] GC(2) Eden regions: 44->0(48)
[2021-02-16T19:28:02.291+0600][gc,heap       ] GC(2) Survivor regions: 7->3(7)
[2021-02-16T19:28:02.291+0600][gc,heap       ] GC(2) Old regions: 0->7
[2021-02-16T19:28:02.291+0600][gc,heap       ] GC(2) Humongous regions: 129->129
[2021-02-16T19:28:02.291+0600][gc,metaspace  ] GC(2) Metaspace: 30234K->30234K(1077248K)
[2021-02-16T19:28:02.291+0600][gc            ] GC(2) Pause Young (Normal) (G1 Evacuation Pause) 179M->138M(1024M) 7.044ms
[2021-02-16T19:28:02.291+0600][gc,cpu        ] GC(2) User=0.03s Sys=0.01s Real=0.01s
[2021-02-16T19:28:02.460+0600][gc,start      ] GC(3) Pause Young (Concurrent Start) (Metadata GC Threshold)
[2021-02-16T19:28:02.461+0600][gc,task       ] GC(3) Using 8 workers of 8 for evacuation
[2021-02-16T19:28:02.463+0600][gc,phases     ] GC(3)   Pre Evacuate Collection Set: 0.1ms
[2021-02-16T19:28:02.463+0600][gc,phases     ] GC(3)   Evacuate Collection Set: 1.9ms
[2021-02-16T19:28:02.463+0600][gc,phases     ] GC(3)   Post Evacuate Collection Set: 0.2ms
[2021-02-16T19:28:02.463+0600][gc,phases     ] GC(3)   Other: 0.2ms
[2021-02-16T19:28:02.463+0600][gc,heap       ] GC(3) Eden regions: 21->0(48)
[2021-02-16T19:28:02.463+0600][gc,heap       ] GC(3) Survivor regions: 3->3(7)
[2021-02-16T19:28:02.463+0600][gc,heap       ] GC(3) Old regions: 7->7
[2021-02-16T19:28:02.463+0600][gc,heap       ] GC(3) Humongous regions: 129->129
[2021-02-16T19:28:02.463+0600][gc,metaspace  ] GC(3) Metaspace: 34886K->34886K(1081344K)
[2021-02-16T19:28:02.463+0600][gc            ] GC(3) Pause Young (Concurrent Start) (Metadata GC Threshold) 158M->138M(1024M) 2.392ms
[2021-02-16T19:28:02.463+0600][gc,cpu        ] GC(3) User=0.01s Sys=0.00s Real=0.00s
[2021-02-16T19:28:02.463+0600][gc            ] GC(4) Concurrent Cycle
[2021-02-16T19:28:02.463+0600][gc,marking    ] GC(4) Concurrent Clear Claimed Marks
[2021-02-16T19:28:02.463+0600][gc,marking    ] GC(4) Concurrent Clear Claimed Marks 0.021ms
[2021-02-16T19:28:02.463+0600][gc,marking    ] GC(4) Concurrent Scan Root Regions
[2021-02-16T19:28:02.464+0600][gc,marking    ] GC(4) Concurrent Scan Root Regions 0.974ms
[2021-02-16T19:28:02.464+0600][gc,marking    ] GC(4) Concurrent Mark (1.997s)
[2021-02-16T19:28:02.464+0600][gc,marking    ] GC(4) Concurrent Mark From Roots
[2021-02-16T19:28:02.464+0600][gc,task       ] GC(4) Using 2 workers of 2 for marking
[2021-02-16T19:28:02.468+0600][gc,marking    ] GC(4) Concurrent Mark From Roots 3.637ms
[2021-02-16T19:28:02.468+0600][gc,marking    ] GC(4) Concurrent Preclean
[2021-02-16T19:28:02.468+0600][gc,marking    ] GC(4) Concurrent Preclean 0.046ms
[2021-02-16T19:28:02.468+0600][gc,marking    ] GC(4) Concurrent Mark (1.997s, 2.001s) 3.726ms
[2021-02-16T19:28:02.468+0600][gc,start      ] GC(4) Pause Remark
[2021-02-16T19:28:02.469+0600][gc,stringtable] GC(4) Cleaned string and symbol table, strings: 10744 processed, 8 removed, symbols: 95820 processed, 13 removed
[2021-02-16T19:28:02.469+0600][gc            ] GC(4) Pause Remark 138M->138M(1024M) 1.519ms
[2021-02-16T19:28:02.469+0600][gc,cpu        ] GC(4) User=0.00s Sys=0.00s Real=0.00s
[2021-02-16T19:28:02.469+0600][gc,marking    ] GC(4) Concurrent Rebuild Remembered Sets
[2021-02-16T19:28:02.472+0600][gc,marking    ] GC(4) Concurrent Rebuild Remembered Sets 2.382ms
[2021-02-16T19:28:02.472+0600][gc,start      ] GC(4) Pause Cleanup
[2021-02-16T19:28:02.472+0600][gc            ] GC(4) Pause Cleanup 139M->139M(1024M) 0.168ms
[2021-02-16T19:28:02.472+0600][gc,cpu        ] GC(4) User=0.00s Sys=0.00s Real=0.00s
[2021-02-16T19:28:02.472+0600][gc,marking    ] GC(4) Concurrent Cleanup for Next Mark
[2021-02-16T19:28:02.477+0600][gc,marking    ] GC(4) Concurrent Cleanup for Next Mark 4.944ms
[2021-02-16T19:28:02.477+0600][gc            ] GC(4) Concurrent Cycle 14.129ms
[2021-02-16T19:28:17.304+0600][gc,start      ] GC(5) Pause Young (Normal) (G1 Evacuation Pause)
[2021-02-16T19:28:17.304+0600][gc,task       ] GC(5) Using 8 workers of 8 for evacuation
[2021-02-16T19:28:17.312+0600][gc,phases     ] GC(5)   Pre Evacuate Collection Set: 0.0ms
[2021-02-16T19:28:17.312+0600][gc,phases     ] GC(5)   Evacuate Collection Set: 7.0ms
[2021-02-16T19:28:17.312+0600][gc,phases     ] GC(5)   Post Evacuate Collection Set: 0.8ms
[2021-02-16T19:28:17.312+0600][gc,phases     ] GC(5)   Other: 0.4ms
[2021-02-16T19:28:17.312+0600][gc,heap       ] GC(5) Eden regions: 48->0(44)
[2021-02-16T19:28:17.312+0600][gc,heap       ] GC(5) Survivor regions: 3->7(7)
[2021-02-16T19:28:17.312+0600][gc,heap       ] GC(5) Old regions: 7->7
[2021-02-16T19:28:17.312+0600][gc,heap       ] GC(5) Humongous regions: 129->129
[2021-02-16T19:28:17.312+0600][gc,metaspace  ] GC(5) Metaspace: 43961K->43961K(1089536K)
[2021-02-16T19:28:17.312+0600][gc            ] GC(5) Pause Young (Normal) (G1 Evacuation Pause) 186M->141M(1024M) 8.405ms
[2021-02-16T19:28:17.312+0600][gc,cpu        ] GC(5) User=0.04s Sys=0.00s Real=0.01s
