[2021-02-16T19:27:00.395+0600][gc,heap] Heap region size: 1M
[2021-02-16T19:27:00.405+0600][gc     ] Using G1
[2021-02-16T19:27:00.405+0600][gc,heap,coops] Heap address: 0x00000007c0000000, size: 1024 MB, Compressed Oops mode: Zero based, Oop shift amount: 3
[2021-02-16T19:27:01.234+0600][gc,start     ] GC(0) Pause Young (Concurrent Start) (Metadata GC Threshold)
[2021-02-16T19:27:01.235+0600][gc,task      ] GC(0) Using 8 workers of 8 for evacuation
[2021-02-16T19:27:01.246+0600][gc,phases    ] GC(0)   Pre Evacuate Collection Set: 0.0ms
[2021-02-16T19:27:01.246+0600][gc,phases    ] GC(0)   Evacuate Collection Set: 10.4ms
[2021-02-16T19:27:01.246+0600][gc,phases    ] GC(0)   Post Evacuate Collection Set: 0.7ms
[2021-02-16T19:27:01.246+0600][gc,phases    ] GC(0)   Other: 0.7ms
[2021-02-16T19:27:01.246+0600][gc,heap      ] GC(0) Eden regions: 42->0(44)
[2021-02-16T19:27:01.246+0600][gc,heap      ] GC(0) Survivor regions: 0->7(7)
[2021-02-16T19:27:01.246+0600][gc,heap      ] GC(0) Old regions: 0->0
[2021-02-16T19:27:01.246+0600][gc,heap      ] GC(0) Humongous regions: 0->0
[2021-02-16T19:27:01.246+0600][gc,metaspace ] GC(0) Metaspace: 20618K->20618K(1069056K)
[2021-02-16T19:27:01.246+0600][gc           ] GC(0) Pause Young (Concurrent Start) (Metadata GC Threshold) 41M->6M(1024M) 12.030ms
[2021-02-16T19:27:01.246+0600][gc,cpu       ] GC(0) User=0.03s Sys=0.00s Real=0.01s
[2021-02-16T19:27:01.247+0600][gc           ] GC(1) Concurrent Cycle
[2021-02-16T19:27:01.247+0600][gc,marking   ] GC(1) Concurrent Clear Claimed Marks
[2021-02-16T19:27:01.247+0600][gc,marking   ] GC(1) Concurrent Clear Claimed Marks 0.039ms
[2021-02-16T19:27:01.247+0600][gc,marking   ] GC(1) Concurrent Scan Root Regions
[2021-02-16T19:27:01.250+0600][gc,marking   ] GC(1) Concurrent Scan Root Regions 3.403ms
[2021-02-16T19:27:01.250+0600][gc,marking   ] GC(1) Concurrent Mark (0.872s)
[2021-02-16T19:27:01.250+0600][gc,marking   ] GC(1) Concurrent Mark From Roots
[2021-02-16T19:27:01.250+0600][gc,task      ] GC(1) Using 2 workers of 2 for marking
[2021-02-16T19:27:01.250+0600][gc,marking   ] GC(1) Concurrent Mark From Roots 0.227ms
[2021-02-16T19:27:01.250+0600][gc,marking   ] GC(1) Concurrent Preclean
[2021-02-16T19:27:01.250+0600][gc,marking   ] GC(1) Concurrent Preclean 0.031ms
[2021-02-16T19:27:01.250+0600][gc,marking   ] GC(1) Concurrent Mark (0.872s, 0.873s) 0.330ms
[2021-02-16T19:27:01.253+0600][gc,start     ] GC(1) Pause Remark
[2021-02-16T19:27:01.258+0600][gc,stringtable] GC(1) Cleaned string and symbol table, strings: 7415 processed, 0 removed, symbols: 63995 processed, 28 removed
[2021-02-16T19:27:01.259+0600][gc            ] GC(1) Pause Remark 6M->6M(1024M) 6.011ms
[2021-02-16T19:27:01.259+0600][gc,cpu        ] GC(1) User=0.01s Sys=0.00s Real=0.00s
[2021-02-16T19:27:01.259+0600][gc,marking    ] GC(1) Concurrent Rebuild Remembered Sets
[2021-02-16T19:27:01.259+0600][gc,marking    ] GC(1) Concurrent Rebuild Remembered Sets 0.110ms
[2021-02-16T19:27:01.259+0600][gc,start      ] GC(1) Pause Cleanup
[2021-02-16T19:27:01.259+0600][gc            ] GC(1) Pause Cleanup 6M->6M(1024M) 0.186ms
[2021-02-16T19:27:01.259+0600][gc,cpu        ] GC(1) User=0.00s Sys=0.00s Real=0.00s
[2021-02-16T19:27:01.259+0600][gc,marking    ] GC(1) Concurrent Cleanup for Next Mark
[2021-02-16T19:27:01.267+0600][gc,marking    ] GC(1) Concurrent Cleanup for Next Mark 7.806ms
[2021-02-16T19:27:01.267+0600][gc            ] GC(1) Concurrent Cycle 20.377ms
[2021-02-16T19:27:02.458+0600][gc,start      ] GC(2) Pause Young (Normal) (G1 Evacuation Pause)
[2021-02-16T19:27:02.458+0600][gc,task       ] GC(2) Using 8 workers of 8 for evacuation
[2021-02-16T19:27:02.478+0600][gc,phases     ] GC(2)   Pre Evacuate Collection Set: 0.0ms
[2021-02-16T19:27:02.478+0600][gc,phases     ] GC(2)   Evacuate Collection Set: 18.6ms
[2021-02-16T19:27:02.478+0600][gc,phases     ] GC(2)   Post Evacuate Collection Set: 0.8ms
[2021-02-16T19:27:02.478+0600][gc,phases     ] GC(2)   Other: 0.3ms
[2021-02-16T19:27:02.478+0600][gc,heap       ] GC(2) Eden regions: 44->0(49)
[2021-02-16T19:27:02.478+0600][gc,heap       ] GC(2) Survivor regions: 7->2(7)
[2021-02-16T19:27:02.478+0600][gc,heap       ] GC(2) Old regions: 0->7
[2021-02-16T19:27:02.478+0600][gc,heap       ] GC(2) Humongous regions: 0->0
[2021-02-16T19:27:02.478+0600][gc,metaspace  ] GC(2) Metaspace: 30143K->30143K(1077248K)
[2021-02-16T19:27:02.478+0600][gc            ] GC(2) Pause Young (Normal) (G1 Evacuation Pause) 50M->8M(1024M) 19.911ms
[2021-02-16T19:27:02.478+0600][gc,cpu        ] GC(2) User=0.05s Sys=0.01s Real=0.02s
[2021-02-16T19:27:02.773+0600][gc,start      ] GC(3) Pause Young (Concurrent Start) (Metadata GC Threshold)
[2021-02-16T19:27:02.773+0600][gc,task       ] GC(3) Using 8 workers of 8 for evacuation
[2021-02-16T19:27:02.775+0600][gc,phases     ] GC(3)   Pre Evacuate Collection Set: 0.1ms
[2021-02-16T19:27:02.775+0600][gc,phases     ] GC(3)   Evacuate Collection Set: 1.7ms
[2021-02-16T19:27:02.775+0600][gc,phases     ] GC(3)   Post Evacuate Collection Set: 0.2ms
[2021-02-16T19:27:02.775+0600][gc,phases     ] GC(3)   Other: 0.2ms
[2021-02-16T19:27:02.775+0600][gc,heap       ] GC(3) Eden regions: 21->0(48)
[2021-02-16T19:27:02.775+0600][gc,heap       ] GC(3) Survivor regions: 2->3(7)
[2021-02-16T19:27:02.775+0600][gc,heap       ] GC(3) Old regions: 7->7
[2021-02-16T19:27:02.775+0600][gc,heap       ] GC(3) Humongous regions: 129->129
[2021-02-16T19:27:02.775+0600][gc,metaspace  ] GC(3) Metaspace: 34638K->34638K(1081344K)
[2021-02-16T19:27:02.775+0600][gc            ] GC(3) Pause Young (Concurrent Start) (Metadata GC Threshold) 157M->138M(1024M) 2.184ms
[2021-02-16T19:27:02.775+0600][gc,cpu        ] GC(3) User=0.01s Sys=0.00s Real=0.00s
[2021-02-16T19:27:02.775+0600][gc            ] GC(4) Concurrent Cycle
[2021-02-16T19:27:02.775+0600][gc,marking    ] GC(4) Concurrent Clear Claimed Marks
[2021-02-16T19:27:02.775+0600][gc,marking    ] GC(4) Concurrent Clear Claimed Marks 0.029ms
[2021-02-16T19:27:02.775+0600][gc,marking    ] GC(4) Concurrent Scan Root Regions
[2021-02-16T19:27:02.776+0600][gc,marking    ] GC(4) Concurrent Scan Root Regions 1.050ms
[2021-02-16T19:27:02.776+0600][gc,marking    ] GC(4) Concurrent Mark (2.398s)
[2021-02-16T19:27:02.776+0600][gc,marking    ] GC(4) Concurrent Mark From Roots
[2021-02-16T19:27:02.776+0600][gc,task       ] GC(4) Using 2 workers of 2 for marking
[2021-02-16T19:27:02.780+0600][gc,marking    ] GC(4) Concurrent Mark From Roots 3.659ms
[2021-02-16T19:27:02.780+0600][gc,marking    ] GC(4) Concurrent Preclean
[2021-02-16T19:27:02.780+0600][gc,marking    ] GC(4) Concurrent Preclean 0.050ms
[2021-02-16T19:27:02.780+0600][gc,marking    ] GC(4) Concurrent Mark (2.398s, 2.402s) 3.761ms
[2021-02-16T19:27:02.780+0600][gc,start      ] GC(4) Pause Remark
[2021-02-16T19:27:02.782+0600][gc,stringtable] GC(4) Cleaned string and symbol table, strings: 10743 processed, 8 removed, symbols: 95601 processed, 12 removed
[2021-02-16T19:27:02.782+0600][gc            ] GC(4) Pause Remark 139M->139M(1024M) 2.185ms
[2021-02-16T19:27:02.782+0600][gc,cpu        ] GC(4) User=0.01s Sys=0.00s Real=0.00s
[2021-02-16T19:27:02.782+0600][gc,marking    ] GC(4) Concurrent Rebuild Remembered Sets
[2021-02-16T19:27:02.784+0600][gc,marking    ] GC(4) Concurrent Rebuild Remembered Sets 2.267ms
[2021-02-16T19:27:02.784+0600][gc,start      ] GC(4) Pause Cleanup
[2021-02-16T19:27:02.785+0600][gc            ] GC(4) Pause Cleanup 139M->139M(1024M) 0.107ms
[2021-02-16T19:27:02.785+0600][gc,cpu        ] GC(4) User=0.00s Sys=0.00s Real=0.00s
[2021-02-16T19:27:02.785+0600][gc,marking    ] GC(4) Concurrent Cleanup for Next Mark
[2021-02-16T19:27:02.789+0600][gc,marking    ] GC(4) Concurrent Cleanup for Next Mark 4.832ms
[2021-02-16T19:27:02.790+0600][gc            ] GC(4) Concurrent Cycle 14.753ms
[2021-02-16T19:27:03.507+0600][gc,start      ] GC(5) Pause Young (Normal) (G1 Evacuation Pause)
[2021-02-16T19:27:03.511+0600][gc,task       ] GC(5) Using 8 workers of 8 for evacuation
[2021-02-16T19:27:03.519+0600][gc,phases     ] GC(5)   Pre Evacuate Collection Set: 0.0ms
[2021-02-16T19:27:03.519+0600][gc,phases     ] GC(5)   Evacuate Collection Set: 6.8ms
[2021-02-16T19:27:03.519+0600][gc,phases     ] GC(5)   Post Evacuate Collection Set: 0.6ms
[2021-02-16T19:27:03.519+0600][gc,phases     ] GC(5)   Other: 4.5ms
[2021-02-16T19:27:03.519+0600][gc,heap       ] GC(5) Eden regions: 48->0(44)
[2021-02-16T19:27:03.519+0600][gc,heap       ] GC(5) Survivor regions: 3->7(7)
[2021-02-16T19:27:03.519+0600][gc,heap       ] GC(5) Old regions: 7->7
[2021-02-16T19:27:03.519+0600][gc,heap       ] GC(5) Humongous regions: 129->129
[2021-02-16T19:27:03.519+0600][gc,metaspace  ] GC(5) Metaspace: 43672K->43672K(1089536K)
[2021-02-16T19:27:03.519+0600][gc            ] GC(5) Pause Young (Normal) (G1 Evacuation Pause) 186M->141M(1024M) 12.067ms
[2021-02-16T19:27:03.519+0600][gc,cpu        ] GC(5) User=0.05s Sys=0.01s Real=0.01s
