[2021-02-16T19:27:52.462+0600][gc,heap] Heap region size: 1M
[2021-02-16T19:27:52.470+0600][gc     ] Using G1
[2021-02-16T19:27:52.470+0600][gc,heap,coops] Heap address: 0x00000007c0000000, size: 1024 MB, Compressed Oops mode: Zero based, Oop shift amount: 3
[2021-02-16T19:27:53.245+0600][gc,start     ] GC(0) Pause Young (Concurrent Start) (Metadata GC Threshold)
[2021-02-16T19:27:53.245+0600][gc,task      ] GC(0) Using 8 workers of 8 for evacuation
[2021-02-16T19:27:53.253+0600][gc,phases    ] GC(0)   Pre Evacuate Collection Set: 0.0ms
[2021-02-16T19:27:53.253+0600][gc,phases    ] GC(0)   Evacuate Collection Set: 6.7ms
[2021-02-16T19:27:53.253+0600][gc,phases    ] GC(0)   Post Evacuate Collection Set: 0.3ms
[2021-02-16T19:27:53.253+0600][gc,phases    ] GC(0)   Other: 0.7ms
[2021-02-16T19:27:53.253+0600][gc,heap      ] GC(0) Eden regions: 42->0(44)
[2021-02-16T19:27:53.253+0600][gc,heap      ] GC(0) Survivor regions: 0->7(7)
[2021-02-16T19:27:53.253+0600][gc,heap      ] GC(0) Old regions: 0->0
[2021-02-16T19:27:53.253+0600][gc,heap      ] GC(0) Humongous regions: 0->0
[2021-02-16T19:27:53.253+0600][gc,metaspace ] GC(0) Metaspace: 20631K->20631K(1069056K)
[2021-02-16T19:27:53.253+0600][gc           ] GC(0) Pause Young (Concurrent Start) (Metadata GC Threshold) 41M->6M(1024M) 7.882ms
[2021-02-16T19:27:53.253+0600][gc,cpu       ] GC(0) User=0.02s Sys=0.00s Real=0.01s
[2021-02-16T19:27:53.253+0600][gc           ] GC(1) Concurrent Cycle
[2021-02-16T19:27:53.253+0600][gc,marking   ] GC(1) Concurrent Clear Claimed Marks
[2021-02-16T19:27:53.253+0600][gc,marking   ] GC(1) Concurrent Clear Claimed Marks 0.020ms
[2021-02-16T19:27:53.253+0600][gc,marking   ] GC(1) Concurrent Scan Root Regions
[2021-02-16T19:27:53.255+0600][gc,marking   ] GC(1) Concurrent Scan Root Regions 1.696ms
[2021-02-16T19:27:53.255+0600][gc,marking   ] GC(1) Concurrent Mark (0.800s)
[2021-02-16T19:27:53.255+0600][gc,marking   ] GC(1) Concurrent Mark From Roots
[2021-02-16T19:27:53.255+0600][gc,task      ] GC(1) Using 2 workers of 2 for marking
[2021-02-16T19:27:53.255+0600][gc,marking   ] GC(1) Concurrent Mark From Roots 0.173ms
[2021-02-16T19:27:53.255+0600][gc,marking   ] GC(1) Concurrent Preclean
[2021-02-16T19:27:53.255+0600][gc,marking   ] GC(1) Concurrent Preclean 0.057ms
[2021-02-16T19:27:53.255+0600][gc,marking   ] GC(1) Concurrent Mark (0.800s, 0.800s) 0.298ms
[2021-02-16T19:27:53.255+0600][gc,start     ] GC(1) Pause Remark
[2021-02-16T19:27:53.256+0600][gc,stringtable] GC(1) Cleaned string and symbol table, strings: 7428 processed, 0 removed, symbols: 63245 processed, 31 removed
[2021-02-16T19:27:53.256+0600][gc            ] GC(1) Pause Remark 7M->7M(1024M) 1.347ms
[2021-02-16T19:27:53.256+0600][gc,cpu        ] GC(1) User=0.01s Sys=0.00s Real=0.00s
[2021-02-16T19:27:53.257+0600][gc,marking    ] GC(1) Concurrent Rebuild Remembered Sets
[2021-02-16T19:27:53.257+0600][gc,marking    ] GC(1) Concurrent Rebuild Remembered Sets 0.067ms
[2021-02-16T19:27:53.257+0600][gc,start      ] GC(1) Pause Cleanup
[2021-02-16T19:27:53.257+0600][gc            ] GC(1) Pause Cleanup 7M->7M(1024M) 0.116ms
[2021-02-16T19:27:53.258+0600][gc,cpu        ] GC(1) User=0.00s Sys=0.00s Real=0.00s
[2021-02-16T19:27:53.258+0600][gc,marking    ] GC(1) Concurrent Cleanup for Next Mark
[2021-02-16T19:27:53.263+0600][gc,marking    ] GC(1) Concurrent Cleanup for Next Mark 5.351ms
[2021-02-16T19:27:53.263+0600][gc            ] GC(1) Concurrent Cycle 10.028ms
[2021-02-16T19:27:54.143+0600][gc,start      ] GC(2) Pause Young (Normal) (GCLocker Initiated GC)
[2021-02-16T19:27:54.143+0600][gc,task       ] GC(2) Using 8 workers of 8 for evacuation
[2021-02-16T19:27:54.151+0600][gc,phases     ] GC(2)   Pre Evacuate Collection Set: 0.0ms
[2021-02-16T19:27:54.151+0600][gc,phases     ] GC(2)   Evacuate Collection Set: 7.2ms
[2021-02-16T19:27:54.151+0600][gc,phases     ] GC(2)   Post Evacuate Collection Set: 0.5ms
[2021-02-16T19:27:54.151+0600][gc,phases     ] GC(2)   Other: 0.2ms
[2021-02-16T19:27:54.151+0600][gc,heap       ] GC(2) Eden regions: 45->0(48)
[2021-02-16T19:27:54.151+0600][gc,heap       ] GC(2) Survivor regions: 7->3(7)
[2021-02-16T19:27:54.151+0600][gc,heap       ] GC(2) Old regions: 0->7
[2021-02-16T19:27:54.151+0600][gc,heap       ] GC(2) Humongous regions: 129->129
[2021-02-16T19:27:54.151+0600][gc,metaspace  ] GC(2) Metaspace: 30391K->30391K(1077248K)
[2021-02-16T19:27:54.151+0600][gc            ] GC(2) Pause Young (Normal) (GCLocker Initiated GC) 179M->137M(1024M) 7.947ms
[2021-02-16T19:27:54.151+0600][gc,cpu        ] GC(2) User=0.04s Sys=0.01s Real=0.01s
[2021-02-16T19:27:54.301+0600][gc,start      ] GC(3) Pause Young (Concurrent Start) (Metadata GC Threshold)
[2021-02-16T19:27:54.301+0600][gc,task       ] GC(3) Using 8 workers of 8 for evacuation
[2021-02-16T19:27:54.303+0600][gc,phases     ] GC(3)   Pre Evacuate Collection Set: 0.1ms
[2021-02-16T19:27:54.303+0600][gc,phases     ] GC(3)   Evacuate Collection Set: 1.7ms
[2021-02-16T19:27:54.303+0600][gc,phases     ] GC(3)   Post Evacuate Collection Set: 0.2ms
[2021-02-16T19:27:54.303+0600][gc,phases     ] GC(3)   Other: 0.2ms
[2021-02-16T19:27:54.303+0600][gc,heap       ] GC(3) Eden regions: 20->0(48)
[2021-02-16T19:27:54.303+0600][gc,heap       ] GC(3) Survivor regions: 3->3(7)
[2021-02-16T19:27:54.303+0600][gc,heap       ] GC(3) Old regions: 7->7
[2021-02-16T19:27:54.303+0600][gc,heap       ] GC(3) Humongous regions: 129->129
[2021-02-16T19:27:54.303+0600][gc,metaspace  ] GC(3) Metaspace: 34641K->34641K(1081344K)
[2021-02-16T19:27:54.303+0600][gc            ] GC(3) Pause Young (Concurrent Start) (Metadata GC Threshold) 157M->137M(1024M) 2.176ms
[2021-02-16T19:27:54.303+0600][gc,cpu        ] GC(3) User=0.01s Sys=0.00s Real=0.00s
[2021-02-16T19:27:54.303+0600][gc            ] GC(4) Concurrent Cycle
[2021-02-16T19:27:54.303+0600][gc,marking    ] GC(4) Concurrent Clear Claimed Marks
[2021-02-16T19:27:54.303+0600][gc,marking    ] GC(4) Concurrent Clear Claimed Marks 0.032ms
[2021-02-16T19:27:54.304+0600][gc,marking    ] GC(4) Concurrent Scan Root Regions
[2021-02-16T19:27:54.305+0600][gc,marking    ] GC(4) Concurrent Scan Root Regions 1.049ms
[2021-02-16T19:27:54.305+0600][gc,marking    ] GC(4) Concurrent Mark (1.850s)
[2021-02-16T19:27:54.305+0600][gc,marking    ] GC(4) Concurrent Mark From Roots
[2021-02-16T19:27:54.305+0600][gc,task       ] GC(4) Using 2 workers of 2 for marking
[2021-02-16T19:27:54.308+0600][gc,marking    ] GC(4) Concurrent Mark From Roots 3.815ms
[2021-02-16T19:27:54.308+0600][gc,marking    ] GC(4) Concurrent Preclean
[2021-02-16T19:27:54.308+0600][gc,marking    ] GC(4) Concurrent Preclean 0.047ms
[2021-02-16T19:27:54.308+0600][gc,marking    ] GC(4) Concurrent Mark (1.850s, 1.853s) 3.922ms
[2021-02-16T19:27:54.309+0600][gc,start      ] GC(4) Pause Remark
[2021-02-16T19:27:54.310+0600][gc,stringtable] GC(4) Cleaned string and symbol table, strings: 10734 processed, 8 removed, symbols: 95682 processed, 13 removed
[2021-02-16T19:27:54.311+0600][gc            ] GC(4) Pause Remark 138M->138M(1024M) 1.908ms
[2021-02-16T19:27:54.311+0600][gc,cpu        ] GC(4) User=0.01s Sys=0.00s Real=0.01s
[2021-02-16T19:27:54.311+0600][gc,marking    ] GC(4) Concurrent Rebuild Remembered Sets
[2021-02-16T19:27:54.313+0600][gc,marking    ] GC(4) Concurrent Rebuild Remembered Sets 2.425ms
[2021-02-16T19:27:54.313+0600][gc,start      ] GC(4) Pause Cleanup
[2021-02-16T19:27:54.313+0600][gc            ] GC(4) Pause Cleanup 138M->138M(1024M) 0.123ms
[2021-02-16T19:27:54.313+0600][gc,cpu        ] GC(4) User=0.00s Sys=0.00s Real=0.00s
[2021-02-16T19:27:54.314+0600][gc,marking    ] GC(4) Concurrent Cleanup for Next Mark
[2021-02-16T19:27:54.319+0600][gc,marking    ] GC(4) Concurrent Cleanup for Next Mark 5.062ms
[2021-02-16T19:27:54.319+0600][gc            ] GC(4) Concurrent Cycle 15.216ms
[2021-02-16T19:27:55.047+0600][gc,start      ] GC(5) Pause Young (Normal) (G1 Evacuation Pause)
[2021-02-16T19:27:55.047+0600][gc,task       ] GC(5) Using 8 workers of 8 for evacuation
[2021-02-16T19:27:55.055+0600][gc,phases     ] GC(5)   Pre Evacuate Collection Set: 0.0ms
[2021-02-16T19:27:55.055+0600][gc,phases     ] GC(5)   Evacuate Collection Set: 7.4ms
[2021-02-16T19:27:55.055+0600][gc,phases     ] GC(5)   Post Evacuate Collection Set: 0.4ms
[2021-02-16T19:27:55.055+0600][gc,phases     ] GC(5)   Other: 0.3ms
[2021-02-16T19:27:55.055+0600][gc,heap       ] GC(5) Eden regions: 48->0(44)
[2021-02-16T19:27:55.055+0600][gc,heap       ] GC(5) Survivor regions: 3->7(7)
[2021-02-16T19:27:55.055+0600][gc,heap       ] GC(5) Old regions: 7->7
[2021-02-16T19:27:55.055+0600][gc,heap       ] GC(5) Humongous regions: 129->129
[2021-02-16T19:27:55.055+0600][gc,metaspace  ] GC(5) Metaspace: 43848K->43848K(1089536K)
[2021-02-16T19:27:55.055+0600][gc            ] GC(5) Pause Young (Normal) (G1 Evacuation Pause) 185M->141M(1024M) 8.289ms
[2021-02-16T19:27:55.055+0600][gc,cpu        ] GC(5) User=0.06s Sys=0.00s Real=0.01s
[2021-02-16T19:30:29.355+0600][gc,start      ] GC(6) Pause Young (Normal) (G1 Evacuation Pause)
[2021-02-16T19:30:29.360+0600][gc,task       ] GC(6) Using 8 workers of 8 for evacuation
[2021-02-16T19:30:29.369+0600][gc,phases     ] GC(6)   Pre Evacuate Collection Set: 0.1ms
[2021-02-16T19:30:29.369+0600][gc,phases     ] GC(6)   Evacuate Collection Set: 7.6ms
[2021-02-16T19:30:29.369+0600][gc,phases     ] GC(6)   Post Evacuate Collection Set: 0.6ms
[2021-02-16T19:30:29.369+0600][gc,phases     ] GC(6)   Other: 6.0ms
[2021-02-16T19:30:29.369+0600][gc,heap       ] GC(6) Eden regions: 44->0(47)
[2021-02-16T19:30:29.369+0600][gc,heap       ] GC(6) Survivor regions: 7->4(7)
[2021-02-16T19:30:29.369+0600][gc,heap       ] GC(6) Old regions: 7->13
[2021-02-16T19:30:29.369+0600][gc,heap       ] GC(6) Humongous regions: 129->129
[2021-02-16T19:30:29.369+0600][gc,metaspace  ] GC(6) Metaspace: 46995K->46995K(1091584K)
[2021-02-16T19:30:29.369+0600][gc            ] GC(6) Pause Young (Normal) (G1 Evacuation Pause) 185M->144M(1024M) 14.364ms
[2021-02-16T19:30:29.369+0600][gc,cpu        ] GC(6) User=0.05s Sys=0.00s Real=0.01s
