[2021-02-16T19:28:07.544+0600][gc,heap] Heap region size: 1M
[2021-02-16T19:28:07.553+0600][gc     ] Using G1
[2021-02-16T19:28:07.553+0600][gc,heap,coops] Heap address: 0x00000007c0000000, size: 1024 MB, Compressed Oops mode: Zero based, Oop shift amount: 3
[2021-02-16T19:28:08.387+0600][gc,start     ] GC(0) Pause Young (Concurrent Start) (Metadata GC Threshold)
[2021-02-16T19:28:08.387+0600][gc,task      ] GC(0) Using 8 workers of 8 for evacuation
[2021-02-16T19:28:08.395+0600][gc,phases    ] GC(0)   Pre Evacuate Collection Set: 0.0ms
[2021-02-16T19:28:08.396+0600][gc,phases    ] GC(0)   Evacuate Collection Set: 7.6ms
[2021-02-16T19:28:08.396+0600][gc,phases    ] GC(0)   Post Evacuate Collection Set: 0.4ms
[2021-02-16T19:28:08.396+0600][gc,phases    ] GC(0)   Other: 0.8ms
[2021-02-16T19:28:08.396+0600][gc,heap      ] GC(0) Eden regions: 41->0(44)
[2021-02-16T19:28:08.396+0600][gc,heap      ] GC(0) Survivor regions: 0->7(7)
[2021-02-16T19:28:08.396+0600][gc,heap      ] GC(0) Old regions: 0->0
[2021-02-16T19:28:08.396+0600][gc,heap      ] GC(0) Humongous regions: 0->0
[2021-02-16T19:28:08.396+0600][gc,metaspace ] GC(0) Metaspace: 20625K->20625K(1069056K)
[2021-02-16T19:28:08.396+0600][gc           ] GC(0) Pause Young (Concurrent Start) (Metadata GC Threshold) 41M->6M(1024M) 8.923ms
[2021-02-16T19:28:08.396+0600][gc,cpu       ] GC(0) User=0.02s Sys=0.01s Real=0.01s
[2021-02-16T19:28:08.396+0600][gc           ] GC(1) Concurrent Cycle
[2021-02-16T19:28:08.396+0600][gc,marking   ] GC(1) Concurrent Clear Claimed Marks
[2021-02-16T19:28:08.396+0600][gc,marking   ] GC(1) Concurrent Clear Claimed Marks 0.022ms
[2021-02-16T19:28:08.396+0600][gc,marking   ] GC(1) Concurrent Scan Root Regions
[2021-02-16T19:28:08.398+0600][gc,marking   ] GC(1) Concurrent Scan Root Regions 1.820ms
[2021-02-16T19:28:08.398+0600][gc,marking   ] GC(1) Concurrent Mark (0.861s)
[2021-02-16T19:28:08.398+0600][gc,marking   ] GC(1) Concurrent Mark From Roots
[2021-02-16T19:28:08.398+0600][gc,task      ] GC(1) Using 2 workers of 2 for marking
[2021-02-16T19:28:08.398+0600][gc,marking   ] GC(1) Concurrent Mark From Roots 0.170ms
[2021-02-16T19:28:08.398+0600][gc,marking   ] GC(1) Concurrent Preclean
[2021-02-16T19:28:08.398+0600][gc,marking   ] GC(1) Concurrent Preclean 0.028ms
[2021-02-16T19:28:08.398+0600][gc,marking   ] GC(1) Concurrent Mark (0.861s, 0.861s) 0.252ms
[2021-02-16T19:28:08.398+0600][gc,start     ] GC(1) Pause Remark
[2021-02-16T19:28:08.399+0600][gc,stringtable] GC(1) Cleaned string and symbol table, strings: 7415 processed, 0 removed, symbols: 63245 processed, 31 removed
[2021-02-16T19:28:08.399+0600][gc            ] GC(1) Pause Remark 7M->7M(1024M) 1.445ms
[2021-02-16T19:28:08.399+0600][gc,cpu        ] GC(1) User=0.00s Sys=0.00s Real=0.00s
[2021-02-16T19:28:08.399+0600][gc,marking    ] GC(1) Concurrent Rebuild Remembered Sets
[2021-02-16T19:28:08.400+0600][gc,marking    ] GC(1) Concurrent Rebuild Remembered Sets 0.071ms
[2021-02-16T19:28:08.400+0600][gc,start      ] GC(1) Pause Cleanup
[2021-02-16T19:28:08.400+0600][gc            ] GC(1) Pause Cleanup 7M->7M(1024M) 0.106ms
[2021-02-16T19:28:08.400+0600][gc,cpu        ] GC(1) User=0.00s Sys=0.00s Real=0.00s
[2021-02-16T19:28:08.400+0600][gc,marking    ] GC(1) Concurrent Cleanup for Next Mark
[2021-02-16T19:28:08.406+0600][gc,marking    ] GC(1) Concurrent Cleanup for Next Mark 6.568ms
[2021-02-16T19:28:08.406+0600][gc            ] GC(1) Concurrent Cycle 10.753ms
[2021-02-16T19:28:10.924+0600][gc,heap,exit  ] Heap
[2021-02-16T19:28:10.924+0600][gc,heap,exit  ]  garbage-first heap   total 1048576K, used 40585K [0x00000007c0000000, 0x0000000800000000)
[2021-02-16T19:28:10.924+0600][gc,heap,exit  ]   region size 1024K, 42 young (43008K), 7 survivors (7168K)
[2021-02-16T19:28:10.924+0600][gc,heap,exit  ]  Metaspace       used 28584K, capacity 29229K, committed 29360K, reserved 1075200K
[2021-02-16T19:28:10.924+0600][gc,heap,exit  ]   class space    used 3309K, capacity 3562K, committed 3584K, reserved 1048576K
