[2021-02-16T17:41:25.165+0600][gc,heap] Heap region size: 1M
[2021-02-16T17:41:25.174+0600][gc     ] Using G1
[2021-02-16T17:41:25.174+0600][gc,heap,coops] Heap address: 0x00000007c0000000, size: 1024 MB, Compressed Oops mode: Zero based, Oop shift amount: 3
[2021-02-16T17:41:26.119+0600][gc,start     ] GC(0) Pause Young (Concurrent Start) (Metadata GC Threshold)
[2021-02-16T17:41:26.119+0600][gc,task      ] GC(0) Using 8 workers of 8 for evacuation
[2021-02-16T17:41:26.127+0600][gc,phases    ] GC(0)   Pre Evacuate Collection Set: 0.0ms
[2021-02-16T17:41:26.127+0600][gc,phases    ] GC(0)   Evacuate Collection Set: 7.1ms
[2021-02-16T17:41:26.127+0600][gc,phases    ] GC(0)   Post Evacuate Collection Set: 0.3ms
[2021-02-16T17:41:26.127+0600][gc,phases    ] GC(0)   Other: 0.6ms
[2021-02-16T17:41:26.127+0600][gc,heap      ] GC(0) Eden regions: 42->0(44)
[2021-02-16T17:41:26.127+0600][gc,heap      ] GC(0) Survivor regions: 0->7(7)
[2021-02-16T17:41:26.127+0600][gc,heap      ] GC(0) Old regions: 0->0
[2021-02-16T17:41:26.127+0600][gc,heap      ] GC(0) Humongous regions: 0->0
[2021-02-16T17:41:26.127+0600][gc,metaspace ] GC(0) Metaspace: 20629K->20629K(1069056K)
[2021-02-16T17:41:26.127+0600][gc           ] GC(0) Pause Young (Concurrent Start) (Metadata GC Threshold) 41M->6M(1024M) 8.226ms
[2021-02-16T17:41:26.127+0600][gc,cpu       ] GC(0) User=0.02s Sys=0.00s Real=0.01s
[2021-02-16T17:41:26.127+0600][gc           ] GC(1) Concurrent Cycle
[2021-02-16T17:41:26.127+0600][gc,marking   ] GC(1) Concurrent Clear Claimed Marks
[2021-02-16T17:41:26.127+0600][gc,marking   ] GC(1) Concurrent Clear Claimed Marks 0.026ms
[2021-02-16T17:41:26.127+0600][gc,marking   ] GC(1) Concurrent Scan Root Regions
[2021-02-16T17:41:26.129+0600][gc,marking   ] GC(1) Concurrent Scan Root Regions 1.850ms
[2021-02-16T17:41:26.129+0600][gc,marking   ] GC(1) Concurrent Mark (0.976s)
[2021-02-16T17:41:26.129+0600][gc,marking   ] GC(1) Concurrent Mark From Roots
[2021-02-16T17:41:26.129+0600][gc,task      ] GC(1) Using 2 workers of 2 for marking
[2021-02-16T17:41:26.129+0600][gc,marking   ] GC(1) Concurrent Mark From Roots 0.171ms
[2021-02-16T17:41:26.129+0600][gc,marking   ] GC(1) Concurrent Preclean
[2021-02-16T17:41:26.129+0600][gc,marking   ] GC(1) Concurrent Preclean 0.028ms
[2021-02-16T17:41:26.129+0600][gc,marking   ] GC(1) Concurrent Mark (0.976s, 0.976s) 0.251ms
[2021-02-16T17:41:26.130+0600][gc,start     ] GC(1) Pause Remark
[2021-02-16T17:41:26.131+0600][gc,stringtable] GC(1) Cleaned string and symbol table, strings: 7427 processed, 0 removed, symbols: 63245 processed, 31 removed
[2021-02-16T17:41:26.131+0600][gc            ] GC(1) Pause Remark 7M->7M(1024M) 1.880ms
[2021-02-16T17:41:26.131+0600][gc,cpu        ] GC(1) User=0.01s Sys=0.00s Real=0.00s
[2021-02-16T17:41:26.132+0600][gc,marking    ] GC(1) Concurrent Rebuild Remembered Sets
[2021-02-16T17:41:26.132+0600][gc,marking    ] GC(1) Concurrent Rebuild Remembered Sets 0.069ms
[2021-02-16T17:41:26.132+0600][gc,start      ] GC(1) Pause Cleanup
[2021-02-16T17:41:26.132+0600][gc            ] GC(1) Pause Cleanup 7M->7M(1024M) 0.115ms
[2021-02-16T17:41:26.132+0600][gc,cpu        ] GC(1) User=0.00s Sys=0.00s Real=0.00s
[2021-02-16T17:41:26.132+0600][gc,marking    ] GC(1) Concurrent Cleanup for Next Mark
[2021-02-16T17:41:26.137+0600][gc,marking    ] GC(1) Concurrent Cleanup for Next Mark 4.713ms
[2021-02-16T17:41:26.137+0600][gc            ] GC(1) Concurrent Cycle 9.380ms
[2021-02-16T17:41:27.046+0600][gc,start      ] GC(2) Pause Young (Normal) (G1 Evacuation Pause)
[2021-02-16T17:41:27.046+0600][gc,task       ] GC(2) Using 8 workers of 8 for evacuation
[2021-02-16T17:41:27.051+0600][gc,phases     ] GC(2)   Pre Evacuate Collection Set: 0.0ms
[2021-02-16T17:41:27.051+0600][gc,phases     ] GC(2)   Evacuate Collection Set: 5.3ms
[2021-02-16T17:41:27.051+0600][gc,phases     ] GC(2)   Post Evacuate Collection Set: 0.3ms
[2021-02-16T17:41:27.051+0600][gc,phases     ] GC(2)   Other: 0.1ms
[2021-02-16T17:41:27.051+0600][gc,heap       ] GC(2) Eden regions: 44->0(49)
[2021-02-16T17:41:27.051+0600][gc,heap       ] GC(2) Survivor regions: 7->2(7)
[2021-02-16T17:41:27.052+0600][gc,heap       ] GC(2) Old regions: 0->7
[2021-02-16T17:41:27.052+0600][gc,heap       ] GC(2) Humongous regions: 129->129
[2021-02-16T17:41:27.052+0600][gc,metaspace  ] GC(2) Metaspace: 30170K->30170K(1077248K)
[2021-02-16T17:41:27.052+0600][gc            ] GC(2) Pause Young (Normal) (G1 Evacuation Pause) 179M->137M(1024M) 5.910ms
[2021-02-16T17:41:27.052+0600][gc,cpu        ] GC(2) User=0.03s Sys=0.01s Real=0.01s
[2021-02-16T17:41:27.301+0600][gc,start      ] GC(3) Pause Young (Concurrent Start) (Metadata GC Threshold)
[2021-02-16T17:41:27.301+0600][gc,task       ] GC(3) Using 8 workers of 8 for evacuation
[2021-02-16T17:41:27.304+0600][gc,phases     ] GC(3)   Pre Evacuate Collection Set: 0.1ms
[2021-02-16T17:41:27.304+0600][gc,phases     ] GC(3)   Evacuate Collection Set: 2.8ms
[2021-02-16T17:41:27.304+0600][gc,phases     ] GC(3)   Post Evacuate Collection Set: 0.3ms
[2021-02-16T17:41:27.304+0600][gc,phases     ] GC(3)   Other: 0.2ms
[2021-02-16T17:41:27.304+0600][gc,heap       ] GC(3) Eden regions: 23->0(47)
[2021-02-16T17:41:27.304+0600][gc,heap       ] GC(3) Survivor regions: 2->4(7)
[2021-02-16T17:41:27.304+0600][gc,heap       ] GC(3) Old regions: 7->7
[2021-02-16T17:41:27.304+0600][gc,heap       ] GC(3) Humongous regions: 129->129
[2021-02-16T17:41:27.304+0600][gc,metaspace  ] GC(3) Metaspace: 34719K->34719K(1081344K)
[2021-02-16T17:41:27.304+0600][gc            ] GC(3) Pause Young (Concurrent Start) (Metadata GC Threshold) 160M->138M(1024M) 3.436ms
[2021-02-16T17:41:27.304+0600][gc,cpu        ] GC(3) User=0.02s Sys=0.00s Real=0.00s
[2021-02-16T17:41:27.304+0600][gc            ] GC(4) Concurrent Cycle
[2021-02-16T17:41:27.304+0600][gc,marking    ] GC(4) Concurrent Clear Claimed Marks
[2021-02-16T17:41:27.304+0600][gc,marking    ] GC(4) Concurrent Clear Claimed Marks 0.025ms
[2021-02-16T17:41:27.304+0600][gc,marking    ] GC(4) Concurrent Scan Root Regions
[2021-02-16T17:41:27.306+0600][gc,marking    ] GC(4) Concurrent Scan Root Regions 2.042ms
[2021-02-16T17:41:27.306+0600][gc,marking    ] GC(4) Concurrent Mark (2.153s)
[2021-02-16T17:41:27.307+0600][gc,marking    ] GC(4) Concurrent Mark From Roots
[2021-02-16T17:41:27.307+0600][gc,task       ] GC(4) Using 2 workers of 2 for marking
[2021-02-16T17:41:27.313+0600][gc,marking    ] GC(4) Concurrent Mark From Roots 6.064ms
[2021-02-16T17:41:27.313+0600][gc,marking    ] GC(4) Concurrent Preclean
[2021-02-16T17:41:27.313+0600][gc,marking    ] GC(4) Concurrent Preclean 0.084ms
[2021-02-16T17:41:27.313+0600][gc,marking    ] GC(4) Concurrent Mark (2.153s, 2.159s) 6.216ms
[2021-02-16T17:41:27.313+0600][gc,start      ] GC(4) Pause Remark
[2021-02-16T17:41:27.315+0600][gc,stringtable] GC(4) Cleaned string and symbol table, strings: 11475 processed, 7 removed, symbols: 93891 processed, 17 removed
[2021-02-16T17:41:27.315+0600][gc            ] GC(4) Pause Remark 139M->139M(1024M) 2.485ms
[2021-02-16T17:41:27.315+0600][gc,cpu        ] GC(4) User=0.02s Sys=0.00s Real=0.00s
[2021-02-16T17:41:27.315+0600][gc,marking    ] GC(4) Concurrent Rebuild Remembered Sets
[2021-02-16T17:41:27.318+0600][gc,marking    ] GC(4) Concurrent Rebuild Remembered Sets 2.920ms
[2021-02-16T17:41:27.318+0600][gc,start      ] GC(4) Pause Cleanup
[2021-02-16T17:41:27.319+0600][gc            ] GC(4) Pause Cleanup 139M->139M(1024M) 0.150ms
[2021-02-16T17:41:27.319+0600][gc,cpu        ] GC(4) User=0.00s Sys=0.00s Real=0.00s
[2021-02-16T17:41:27.319+0600][gc,marking    ] GC(4) Concurrent Cleanup for Next Mark
[2021-02-16T17:41:27.325+0600][gc,marking    ] GC(4) Concurrent Cleanup for Next Mark 5.918ms
[2021-02-16T17:41:27.325+0600][gc            ] GC(4) Concurrent Cycle 20.279ms
[2021-02-16T17:42:38.731+0600][gc,start      ] GC(5) Pause Young (Normal) (G1 Evacuation Pause)
[2021-02-16T17:42:38.731+0600][gc,task       ] GC(5) Using 8 workers of 8 for evacuation
[2021-02-16T17:42:38.744+0600][gc,phases     ] GC(5)   Pre Evacuate Collection Set: 0.1ms
[2021-02-16T17:42:38.744+0600][gc,phases     ] GC(5)   Evacuate Collection Set: 10.9ms
[2021-02-16T17:42:38.744+0600][gc,phases     ] GC(5)   Post Evacuate Collection Set: 1.2ms
[2021-02-16T17:42:38.745+0600][gc,phases     ] GC(5)   Other: 0.9ms
[2021-02-16T17:42:38.745+0600][gc,heap       ] GC(5) Eden regions: 47->0(44)
[2021-02-16T17:42:38.745+0600][gc,heap       ] GC(5) Survivor regions: 4->7(7)
[2021-02-16T17:42:38.745+0600][gc,heap       ] GC(5) Old regions: 7->7
[2021-02-16T17:42:38.745+0600][gc,heap       ] GC(5) Humongous regions: 129->129
[2021-02-16T17:42:38.745+0600][gc,metaspace  ] GC(5) Metaspace: 44689K->44689K(1089536K)
[2021-02-16T17:42:38.745+0600][gc            ] GC(5) Pause Young (Normal) (G1 Evacuation Pause) 185M->141M(1024M) 13.822ms
[2021-02-16T17:42:38.745+0600][gc,cpu        ] GC(5) User=0.06s Sys=0.01s Real=0.01s
[2021-02-16T17:45:39.793+0600][gc,start      ] GC(6) Pause Young (Normal) (G1 Evacuation Pause)
[2021-02-16T17:45:39.799+0600][gc,task       ] GC(6) Using 8 workers of 8 for evacuation
[2021-02-16T17:45:39.809+0600][gc,phases     ] GC(6)   Pre Evacuate Collection Set: 0.0ms
[2021-02-16T17:45:39.809+0600][gc,phases     ] GC(6)   Evacuate Collection Set: 9.2ms
[2021-02-16T17:45:39.809+0600][gc,phases     ] GC(6)   Post Evacuate Collection Set: 0.6ms
[2021-02-16T17:45:39.809+0600][gc,phases     ] GC(6)   Other: 5.9ms
[2021-02-16T17:45:39.809+0600][gc,heap       ] GC(6) Eden regions: 44->0(44)
[2021-02-16T17:45:39.809+0600][gc,heap       ] GC(6) Survivor regions: 7->7(7)
[2021-02-16T17:45:39.809+0600][gc,heap       ] GC(6) Old regions: 7->10
[2021-02-16T17:45:39.809+0600][gc,heap       ] GC(6) Humongous regions: 129->129
[2021-02-16T17:45:39.809+0600][gc,metaspace  ] GC(6) Metaspace: 46972K->46972K(1091584K)
[2021-02-16T17:45:39.809+0600][gc            ] GC(6) Pause Young (Normal) (G1 Evacuation Pause) 185M->145M(1024M) 15.899ms
[2021-02-16T17:45:39.809+0600][gc,cpu        ] GC(6) User=0.06s Sys=0.01s Real=0.01s
[2021-02-16T17:49:11.797+0600][gc,start      ] GC(7) Pause Young (Normal) (G1 Evacuation Pause)
[2021-02-16T17:49:11.797+0600][gc,task       ] GC(7) Using 8 workers of 8 for evacuation
[2021-02-16T17:49:11.804+0600][gc,phases     ] GC(7)   Pre Evacuate Collection Set: 0.0ms
[2021-02-16T17:49:11.804+0600][gc,phases     ] GC(7)   Evacuate Collection Set: 6.0ms
[2021-02-16T17:49:11.804+0600][gc,phases     ] GC(7)   Post Evacuate Collection Set: 0.4ms
[2021-02-16T17:49:11.804+0600][gc,phases     ] GC(7)   Other: 0.3ms
[2021-02-16T17:49:11.804+0600][gc,heap       ] GC(7) Eden regions: 44->0(47)
[2021-02-16T17:49:11.804+0600][gc,heap       ] GC(7) Survivor regions: 7->4(7)
[2021-02-16T17:49:11.804+0600][gc,heap       ] GC(7) Old regions: 10->13
[2021-02-16T17:49:11.804+0600][gc,heap       ] GC(7) Humongous regions: 129->129
[2021-02-16T17:49:11.804+0600][gc,metaspace  ] GC(7) Metaspace: 47031K->47031K(1091584K)
[2021-02-16T17:49:11.804+0600][gc            ] GC(7) Pause Young (Normal) (G1 Evacuation Pause) 189M->145M(1024M) 6.923ms
[2021-02-16T17:49:11.804+0600][gc,cpu        ] GC(7) User=0.04s Sys=0.00s Real=0.01s
[2021-02-16T17:53:06.368+0600][gc,start      ] GC(8) Pause Young (Normal) (G1 Evacuation Pause)
[2021-02-16T17:53:06.368+0600][gc,task       ] GC(8) Using 8 workers of 8 for evacuation
[2021-02-16T17:53:06.374+0600][gc,phases     ] GC(8)   Pre Evacuate Collection Set: 0.1ms
[2021-02-16T17:53:06.374+0600][gc,phases     ] GC(8)   Evacuate Collection Set: 5.3ms
[2021-02-16T17:53:06.374+0600][gc,phases     ] GC(8)   Post Evacuate Collection Set: 0.5ms
[2021-02-16T17:53:06.374+0600][gc,phases     ] GC(8)   Other: 0.3ms
[2021-02-16T17:53:06.374+0600][gc,heap       ] GC(8) Eden regions: 47->0(48)
[2021-02-16T17:53:06.374+0600][gc,heap       ] GC(8) Survivor regions: 4->3(7)
[2021-02-16T17:53:06.374+0600][gc,heap       ] GC(8) Old regions: 13->13
[2021-02-16T17:53:06.374+0600][gc,heap       ] GC(8) Humongous regions: 129->129
[2021-02-16T17:53:06.374+0600][gc,metaspace  ] GC(8) Metaspace: 47074K->47074K(1091584K)
[2021-02-16T17:53:06.374+0600][gc            ] GC(8) Pause Young (Normal) (G1 Evacuation Pause) 192M->144M(1024M) 6.305ms
[2021-02-16T17:53:06.374+0600][gc,cpu        ] GC(8) User=0.04s Sys=0.00s Real=0.01s
[2021-02-16T17:57:07.901+0600][gc,start      ] GC(9) Pause Young (Normal) (G1 Evacuation Pause)
[2021-02-16T17:57:07.901+0600][gc,task       ] GC(9) Using 8 workers of 8 for evacuation
[2021-02-16T17:57:07.905+0600][gc,phases     ] GC(9)   Pre Evacuate Collection Set: 0.0ms
[2021-02-16T17:57:07.906+0600][gc,phases     ] GC(9)   Evacuate Collection Set: 3.6ms
[2021-02-16T17:57:07.906+0600][gc,phases     ] GC(9)   Post Evacuate Collection Set: 0.2ms
[2021-02-16T17:57:07.906+0600][gc,phases     ] GC(9)   Other: 0.8ms
[2021-02-16T17:57:07.906+0600][gc,heap       ] GC(9) Eden regions: 48->0(47)
[2021-02-16T17:57:07.906+0600][gc,heap       ] GC(9) Survivor regions: 3->4(7)
[2021-02-16T17:57:07.906+0600][gc,heap       ] GC(9) Old regions: 13->13
[2021-02-16T17:57:07.906+0600][gc,heap       ] GC(9) Humongous regions: 129->129
[2021-02-16T17:57:07.906+0600][gc,metaspace  ] GC(9) Metaspace: 47094K->47094K(1091584K)
[2021-02-16T17:57:07.906+0600][gc            ] GC(9) Pause Young (Normal) (G1 Evacuation Pause) 192M->145M(1024M) 4.733ms
[2021-02-16T17:57:07.906+0600][gc,cpu        ] GC(9) User=0.03s Sys=0.00s Real=0.00s
[2021-02-16T18:01:09.459+0600][gc,start      ] GC(10) Pause Young (Normal) (G1 Evacuation Pause)
[2021-02-16T18:01:09.465+0600][gc,task       ] GC(10) Using 8 workers of 8 for evacuation
[2021-02-16T18:01:09.469+0600][gc,phases     ] GC(10)   Pre Evacuate Collection Set: 0.0ms
[2021-02-16T18:01:09.469+0600][gc,phases     ] GC(10)   Evacuate Collection Set: 4.1ms
[2021-02-16T18:01:09.469+0600][gc,phases     ] GC(10)   Post Evacuate Collection Set: 0.3ms
[2021-02-16T18:01:09.469+0600][gc,phases     ] GC(10)   Other: 5.8ms
[2021-02-16T18:01:09.469+0600][gc,heap       ] GC(10) Eden regions: 47->0(57)
[2021-02-16T18:01:09.469+0600][gc,heap       ] GC(10) Survivor regions: 4->5(7)
[2021-02-16T18:01:09.469+0600][gc,heap       ] GC(10) Old regions: 13->13
[2021-02-16T18:01:09.469+0600][gc,heap       ] GC(10) Humongous regions: 129->129
[2021-02-16T18:01:09.469+0600][gc,metaspace  ] GC(10) Metaspace: 47151K->47151K(1091584K)
[2021-02-16T18:01:09.469+0600][gc            ] GC(10) Pause Young (Normal) (G1 Evacuation Pause) 192M->146M(1024M) 10.312ms
[2021-02-16T18:01:09.469+0600][gc,cpu        ] GC(10) User=0.03s Sys=0.00s Real=0.01s
[2021-02-16T18:06:05.720+0600][gc,start      ] GC(11) Pause Young (Normal) (G1 Evacuation Pause)
[2021-02-16T18:06:05.726+0600][gc,task       ] GC(11) Using 8 workers of 8 for evacuation
[2021-02-16T18:06:05.733+0600][gc,phases     ] GC(11)   Pre Evacuate Collection Set: 0.2ms
[2021-02-16T18:06:05.733+0600][gc,phases     ] GC(11)   Evacuate Collection Set: 6.4ms
[2021-02-16T18:06:05.733+0600][gc,phases     ] GC(11)   Post Evacuate Collection Set: 0.4ms
[2021-02-16T18:06:05.733+0600][gc,phases     ] GC(11)   Other: 6.0ms
[2021-02-16T18:06:05.733+0600][gc,heap       ] GC(11) Eden regions: 57->0(87)
[2021-02-16T18:06:05.733+0600][gc,heap       ] GC(11) Survivor regions: 5->5(8)
[2021-02-16T18:06:05.733+0600][gc,heap       ] GC(11) Old regions: 13->13
[2021-02-16T18:06:05.733+0600][gc,heap       ] GC(11) Humongous regions: 129->129
[2021-02-16T18:06:05.733+0600][gc,metaspace  ] GC(11) Metaspace: 47194K->47194K(1091584K)
[2021-02-16T18:06:05.733+0600][gc            ] GC(11) Pause Young (Normal) (G1 Evacuation Pause) 203M->146M(1024M) 13.099ms
[2021-02-16T18:06:05.733+0600][gc,cpu        ] GC(11) User=0.05s Sys=0.00s Real=0.01s
[2021-02-16T18:13:42.164+0600][gc,start      ] GC(12) Pause Young (Normal) (G1 Evacuation Pause)
[2021-02-16T18:13:42.170+0600][gc,task       ] GC(12) Using 8 workers of 8 for evacuation
[2021-02-16T18:13:42.179+0600][gc,phases     ] GC(12)   Pre Evacuate Collection Set: 0.0ms
[2021-02-16T18:13:42.179+0600][gc,phases     ] GC(12)   Evacuate Collection Set: 8.2ms
[2021-02-16T18:13:42.179+0600][gc,phases     ] GC(12)   Post Evacuate Collection Set: 0.4ms
[2021-02-16T18:13:42.179+0600][gc,phases     ] GC(12)   Other: 6.0ms
[2021-02-16T18:13:42.179+0600][gc,heap       ] GC(12) Eden regions: 87->0(164)
[2021-02-16T18:13:42.179+0600][gc,heap       ] GC(12) Survivor regions: 5->4(12)
[2021-02-16T18:13:42.179+0600][gc,heap       ] GC(12) Old regions: 13->13
[2021-02-16T18:13:42.179+0600][gc,heap       ] GC(12) Humongous regions: 129->129
[2021-02-16T18:13:42.179+0600][gc,metaspace  ] GC(12) Metaspace: 47259K->47259K(1093632K)
[2021-02-16T18:13:42.179+0600][gc            ] GC(12) Pause Young (Normal) (G1 Evacuation Pause) 233M->145M(1024M) 14.804ms
[2021-02-16T18:13:42.179+0600][gc,cpu        ] GC(12) User=0.06s Sys=0.01s Real=0.01s
[2021-02-16T18:27:58.679+0600][gc,start      ] GC(13) Pause Young (Normal) (G1 Evacuation Pause)
[2021-02-16T18:27:58.679+0600][gc,task       ] GC(13) Using 8 workers of 8 for evacuation
[2021-02-16T18:27:58.691+0600][gc,phases     ] GC(13)   Pre Evacuate Collection Set: 0.0ms
[2021-02-16T18:27:58.691+0600][gc,phases     ] GC(13)   Evacuate Collection Set: 10.7ms
[2021-02-16T18:27:58.691+0600][gc,phases     ] GC(13)   Post Evacuate Collection Set: 0.4ms
[2021-02-16T18:27:58.691+0600][gc,phases     ] GC(13)   Other: 0.7ms
[2021-02-16T18:27:58.691+0600][gc,heap       ] GC(13) Eden regions: 164->0(168)
[2021-02-16T18:27:58.691+0600][gc,heap       ] GC(13) Survivor regions: 4->6(21)
[2021-02-16T18:27:58.691+0600][gc,heap       ] GC(13) Old regions: 13->13
[2021-02-16T18:27:58.691+0600][gc,heap       ] GC(13) Humongous regions: 129->129
[2021-02-16T18:27:58.691+0600][gc,metaspace  ] GC(13) Metaspace: 47315K->47315K(1093632K)
[2021-02-16T18:27:58.691+0600][gc            ] GC(13) Pause Young (Normal) (G1 Evacuation Pause) 309M->147M(1024M) 11.909ms
[2021-02-16T18:27:58.691+0600][gc,cpu        ] GC(13) User=0.08s Sys=0.00s Real=0.02s
[2021-02-16T18:42:22.549+0600][gc,start      ] GC(14) Pause Young (Normal) (G1 Evacuation Pause)
[2021-02-16T18:42:22.555+0600][gc,task       ] GC(14) Using 8 workers of 8 for evacuation
[2021-02-16T18:42:22.568+0600][gc,phases     ] GC(14)   Pre Evacuate Collection Set: 0.0ms
[2021-02-16T18:42:22.568+0600][gc,phases     ] GC(14)   Evacuate Collection Set: 13.0ms
[2021-02-16T18:42:22.568+0600][gc,phases     ] GC(14)   Post Evacuate Collection Set: 0.4ms
[2021-02-16T18:42:22.568+0600][gc,phases     ] GC(14)   Other: 6.0ms
[2021-02-16T18:42:22.568+0600][gc,heap       ] GC(14) Eden regions: 168->0(214)
[2021-02-16T18:42:22.568+0600][gc,heap       ] GC(14) Survivor regions: 6->6(22)
[2021-02-16T18:42:22.568+0600][gc,heap       ] GC(14) Old regions: 13->13
[2021-02-16T18:42:22.568+0600][gc,heap       ] GC(14) Humongous regions: 129->129
[2021-02-16T18:42:22.568+0600][gc,metaspace  ] GC(14) Metaspace: 47410K->47410K(1093632K)
[2021-02-16T18:42:22.569+0600][gc            ] GC(14) Pause Young (Normal) (G1 Evacuation Pause) 315M->147M(1024M) 19.575ms
[2021-02-16T18:42:22.569+0600][gc,cpu        ] GC(14) User=0.10s Sys=0.00s Real=0.02s
[2021-02-16T19:01:06.486+0600][gc,start      ] GC(15) Pause Young (Normal) (G1 Evacuation Pause)
[2021-02-16T19:01:06.492+0600][gc,task       ] GC(15) Using 8 workers of 8 for evacuation
[2021-02-16T19:01:06.505+0600][gc,phases     ] GC(15)   Pre Evacuate Collection Set: 0.0ms
[2021-02-16T19:01:06.505+0600][gc,phases     ] GC(15)   Evacuate Collection Set: 12.2ms
[2021-02-16T19:01:06.505+0600][gc,phases     ] GC(15)   Post Evacuate Collection Set: 0.7ms
[2021-02-16T19:01:06.505+0600][gc,phases     ] GC(15)   Other: 6.1ms
[2021-02-16T19:01:06.505+0600][gc,heap       ] GC(15) Eden regions: 214->0(608)
[2021-02-16T19:01:06.506+0600][gc,heap       ] GC(15) Survivor regions: 6->6(28)
[2021-02-16T19:01:06.506+0600][gc,heap       ] GC(15) Old regions: 13->13
[2021-02-16T19:01:06.506+0600][gc,heap       ] GC(15) Humongous regions: 129->129
[2021-02-16T19:01:06.506+0600][gc,metaspace  ] GC(15) Metaspace: 47477K->47477K(1093632K)
[2021-02-16T19:01:06.506+0600][gc            ] GC(15) Pause Young (Normal) (G1 Evacuation Pause) 361M->147M(1024M) 19.256ms
[2021-02-16T19:01:06.506+0600][gc,cpu        ] GC(15) User=0.08s Sys=0.00s Real=0.02s
[2021-02-16T19:25:06.827+0600][gc,heap,exit  ] Heap
[2021-02-16T19:25:06.833+0600][gc,heap,exit  ]  garbage-first heap   total 1048576K, used 444678K [0x00000007c0000000, 0x0000000800000000)
[2021-02-16T19:25:06.833+0600][gc,heap,exit  ]   region size 1024K, 295 young (302080K), 6 survivors (6144K)
[2021-02-16T19:25:06.833+0600][gc,heap,exit  ]  Metaspace       used 48544K, capacity 50463K, committed 50608K, reserved 1093632K
[2021-02-16T19:25:06.833+0600][gc,heap,exit  ]   class space    used 5511K, capacity 6362K, committed 6400K, reserved 1048576K
