[2021-02-16T17:39:01.583+0600][gc,heap] Heap region size: 1M
[2021-02-16T17:39:01.591+0600][gc     ] Using G1
[2021-02-16T17:39:01.591+0600][gc,heap,coops] Heap address: 0x00000007c0000000, size: 1024 MB, Compressed Oops mode: Zero based, Oop shift amount: 3
[2021-02-16T17:39:02.476+0600][gc,start     ] GC(0) Pause Young (Concurrent Start) (Metadata GC Threshold)
[2021-02-16T17:39:02.476+0600][gc,task      ] GC(0) Using 8 workers of 8 for evacuation
[2021-02-16T17:39:02.488+0600][gc,phases    ] GC(0)   Pre Evacuate Collection Set: 0.0ms
[2021-02-16T17:39:02.488+0600][gc,phases    ] GC(0)   Evacuate Collection Set: 11.0ms
[2021-02-16T17:39:02.488+0600][gc,phases    ] GC(0)   Post Evacuate Collection Set: 0.4ms
[2021-02-16T17:39:02.488+0600][gc,phases    ] GC(0)   Other: 0.9ms
[2021-02-16T17:39:02.488+0600][gc,heap      ] GC(0) Eden regions: 42->0(44)
[2021-02-16T17:39:02.488+0600][gc,heap      ] GC(0) Survivor regions: 0->7(7)
[2021-02-16T17:39:02.488+0600][gc,heap      ] GC(0) Old regions: 0->0
[2021-02-16T17:39:02.488+0600][gc,heap      ] GC(0) Humongous regions: 0->0
[2021-02-16T17:39:02.488+0600][gc,metaspace ] GC(0) Metaspace: 20640K->20640K(1069056K)
[2021-02-16T17:39:02.488+0600][gc           ] GC(0) Pause Young (Concurrent Start) (Metadata GC Threshold) 41M->6M(1024M) 12.467ms
[2021-02-16T17:39:02.488+0600][gc,cpu       ] GC(0) User=0.02s Sys=0.00s Real=0.01s
[2021-02-16T17:39:02.488+0600][gc           ] GC(1) Concurrent Cycle
[2021-02-16T17:39:02.488+0600][gc,marking   ] GC(1) Concurrent Clear Claimed Marks
[2021-02-16T17:39:02.488+0600][gc,marking   ] GC(1) Concurrent Clear Claimed Marks 0.026ms
[2021-02-16T17:39:02.488+0600][gc,marking   ] GC(1) Concurrent Scan Root Regions
[2021-02-16T17:39:02.491+0600][gc,marking   ] GC(1) Concurrent Scan Root Regions 2.175ms
[2021-02-16T17:39:02.491+0600][gc,marking   ] GC(1) Concurrent Mark (0.920s)
[2021-02-16T17:39:02.491+0600][gc,marking   ] GC(1) Concurrent Mark From Roots
[2021-02-16T17:39:02.491+0600][gc,task      ] GC(1) Using 2 workers of 2 for marking
[2021-02-16T17:39:02.491+0600][gc,marking   ] GC(1) Concurrent Mark From Roots 0.219ms
[2021-02-16T17:39:02.491+0600][gc,marking   ] GC(1) Concurrent Preclean
[2021-02-16T17:39:02.491+0600][gc,marking   ] GC(1) Concurrent Preclean 0.031ms
[2021-02-16T17:39:02.491+0600][gc,marking   ] GC(1) Concurrent Mark (0.920s, 0.921s) 0.302ms
[2021-02-16T17:39:02.491+0600][gc,start     ] GC(1) Pause Remark
[2021-02-16T17:39:02.493+0600][gc,stringtable] GC(1) Cleaned string and symbol table, strings: 7417 processed, 0 removed, symbols: 63243 processed, 32 removed
[2021-02-16T17:39:02.494+0600][gc            ] GC(1) Pause Remark 7M->7M(1024M) 2.797ms
[2021-02-16T17:39:02.494+0600][gc,cpu        ] GC(1) User=0.02s Sys=0.00s Real=0.00s
[2021-02-16T17:39:02.494+0600][gc,marking    ] GC(1) Concurrent Rebuild Remembered Sets
[2021-02-16T17:39:02.494+0600][gc,marking    ] GC(1) Concurrent Rebuild Remembered Sets 0.103ms
[2021-02-16T17:39:02.494+0600][gc,start      ] GC(1) Pause Cleanup
[2021-02-16T17:39:02.494+0600][gc            ] GC(1) Pause Cleanup 7M->7M(1024M) 0.148ms
[2021-02-16T17:39:02.494+0600][gc,cpu        ] GC(1) User=0.00s Sys=0.00s Real=0.00s
[2021-02-16T17:39:02.495+0600][gc,marking    ] GC(1) Concurrent Cleanup for Next Mark
[2021-02-16T17:39:02.504+0600][gc,marking    ] GC(1) Concurrent Cleanup for Next Mark 9.195ms
[2021-02-16T17:39:02.504+0600][gc            ] GC(1) Concurrent Cycle 15.406ms
[2021-02-16T17:39:03.645+0600][gc,start      ] GC(2) Pause Young (Normal) (G1 Evacuation Pause)
[2021-02-16T17:39:03.645+0600][gc,task       ] GC(2) Using 8 workers of 8 for evacuation
[2021-02-16T17:39:03.652+0600][gc,phases     ] GC(2)   Pre Evacuate Collection Set: 0.0ms
[2021-02-16T17:39:03.652+0600][gc,phases     ] GC(2)   Evacuate Collection Set: 6.3ms
[2021-02-16T17:39:03.652+0600][gc,phases     ] GC(2)   Post Evacuate Collection Set: 0.4ms
[2021-02-16T17:39:03.652+0600][gc,phases     ] GC(2)   Other: 0.2ms
[2021-02-16T17:39:03.652+0600][gc,heap       ] GC(2) Eden regions: 44->0(48)
[2021-02-16T17:39:03.652+0600][gc,heap       ] GC(2) Survivor regions: 7->3(7)
[2021-02-16T17:39:03.652+0600][gc,heap       ] GC(2) Old regions: 0->7
[2021-02-16T17:39:03.652+0600][gc,heap       ] GC(2) Humongous regions: 129->129
[2021-02-16T17:39:03.652+0600][gc,metaspace  ] GC(2) Metaspace: 30272K->30272K(1077248K)
[2021-02-16T17:39:03.652+0600][gc            ] GC(2) Pause Young (Normal) (G1 Evacuation Pause) 179M->137M(1024M) 7.073ms
[2021-02-16T17:39:03.652+0600][gc,cpu        ] GC(2) User=0.03s Sys=0.01s Real=0.01s
[2021-02-16T17:39:03.930+0600][gc,start      ] GC(3) Pause Young (Concurrent Start) (Metadata GC Threshold)
[2021-02-16T17:39:03.930+0600][gc,task       ] GC(3) Using 8 workers of 8 for evacuation
[2021-02-16T17:39:03.934+0600][gc,phases     ] GC(3)   Pre Evacuate Collection Set: 0.1ms
[2021-02-16T17:39:03.934+0600][gc,phases     ] GC(3)   Evacuate Collection Set: 2.5ms
[2021-02-16T17:39:03.934+0600][gc,phases     ] GC(3)   Post Evacuate Collection Set: 0.4ms
[2021-02-16T17:39:03.934+0600][gc,phases     ] GC(3)   Other: 0.3ms
[2021-02-16T17:39:03.934+0600][gc,heap       ] GC(3) Eden regions: 23->0(47)
[2021-02-16T17:39:03.934+0600][gc,heap       ] GC(3) Survivor regions: 3->4(7)
[2021-02-16T17:39:03.934+0600][gc,heap       ] GC(3) Old regions: 7->7
[2021-02-16T17:39:03.934+0600][gc,heap       ] GC(3) Humongous regions: 129->129
[2021-02-16T17:39:03.934+0600][gc,metaspace  ] GC(3) Metaspace: 34663K->34663K(1081344K)
[2021-02-16T17:39:03.934+0600][gc            ] GC(3) Pause Young (Concurrent Start) (Metadata GC Threshold) 160M->138M(1024M) 3.353ms
[2021-02-16T17:39:03.934+0600][gc,cpu        ] GC(3) User=0.02s Sys=0.00s Real=0.00s
[2021-02-16T17:39:03.934+0600][gc            ] GC(4) Concurrent Cycle
[2021-02-16T17:39:03.934+0600][gc,marking    ] GC(4) Concurrent Clear Claimed Marks
[2021-02-16T17:39:03.934+0600][gc,marking    ] GC(4) Concurrent Clear Claimed Marks 0.053ms
[2021-02-16T17:39:03.934+0600][gc,marking    ] GC(4) Concurrent Scan Root Regions
[2021-02-16T17:39:03.935+0600][gc,marking    ] GC(4) Concurrent Scan Root Regions 1.443ms
[2021-02-16T17:39:03.935+0600][gc,marking    ] GC(4) Concurrent Mark (2.365s)
[2021-02-16T17:39:03.935+0600][gc,marking    ] GC(4) Concurrent Mark From Roots
[2021-02-16T17:39:03.935+0600][gc,task       ] GC(4) Using 2 workers of 2 for marking
[2021-02-16T17:39:03.939+0600][gc,marking    ] GC(4) Concurrent Mark From Roots 3.746ms
[2021-02-16T17:39:03.939+0600][gc,marking    ] GC(4) Concurrent Preclean
[2021-02-16T17:39:03.939+0600][gc,marking    ] GC(4) Concurrent Preclean 0.053ms
[2021-02-16T17:39:03.939+0600][gc,marking    ] GC(4) Concurrent Mark (2.365s, 2.369s) 3.869ms
[2021-02-16T17:39:03.939+0600][gc,start      ] GC(4) Pause Remark
[2021-02-16T17:39:03.941+0600][gc,stringtable] GC(4) Cleaned string and symbol table, strings: 11416 processed, 8 removed, symbols: 93621 processed, 16 removed
[2021-02-16T17:39:03.941+0600][gc            ] GC(4) Pause Remark 139M->139M(1024M) 1.695ms
[2021-02-16T17:39:03.941+0600][gc,cpu        ] GC(4) User=0.01s Sys=0.00s Real=0.01s
[2021-02-16T17:39:03.941+0600][gc,marking    ] GC(4) Concurrent Rebuild Remembered Sets
[2021-02-16T17:39:03.945+0600][gc,marking    ] GC(4) Concurrent Rebuild Remembered Sets 3.626ms
[2021-02-16T17:39:03.945+0600][gc,start      ] GC(4) Pause Cleanup
[2021-02-16T17:39:03.945+0600][gc            ] GC(4) Pause Cleanup 139M->139M(1024M) 0.198ms
[2021-02-16T17:39:03.945+0600][gc,cpu        ] GC(4) User=0.00s Sys=0.00s Real=0.00s
[2021-02-16T17:39:03.945+0600][gc,marking    ] GC(4) Concurrent Cleanup for Next Mark
[2021-02-16T17:39:03.955+0600][gc,marking    ] GC(4) Concurrent Cleanup for Next Mark 9.386ms
[2021-02-16T17:39:03.955+0600][gc            ] GC(4) Concurrent Cycle 20.876ms
[2021-02-16T17:40:55.002+0600][gc,start      ] GC(5) Pause Young (Normal) (G1 Evacuation Pause)
[2021-02-16T17:40:55.002+0600][gc,task       ] GC(5) Using 8 workers of 8 for evacuation
[2021-02-16T17:40:55.008+0600][gc,phases     ] GC(5)   Pre Evacuate Collection Set: 0.0ms
[2021-02-16T17:40:55.009+0600][gc,phases     ] GC(5)   Evacuate Collection Set: 5.6ms
[2021-02-16T17:40:55.009+0600][gc,phases     ] GC(5)   Post Evacuate Collection Set: 0.7ms
[2021-02-16T17:40:55.009+0600][gc,phases     ] GC(5)   Other: 0.3ms
[2021-02-16T17:40:55.009+0600][gc,heap       ] GC(5) Eden regions: 47->0(44)
[2021-02-16T17:40:55.009+0600][gc,heap       ] GC(5) Survivor regions: 4->7(7)
[2021-02-16T17:40:55.009+0600][gc,heap       ] GC(5) Old regions: 7->7
[2021-02-16T17:40:55.009+0600][gc,heap       ] GC(5) Humongous regions: 129->129
[2021-02-16T17:40:55.009+0600][gc,metaspace  ] GC(5) Metaspace: 44387K->44387K(1089536K)
[2021-02-16T17:40:55.009+0600][gc            ] GC(5) Pause Young (Normal) (G1 Evacuation Pause) 185M->142M(1024M) 6.851ms
[2021-02-16T17:40:55.009+0600][gc,cpu        ] GC(5) User=0.03s Sys=0.00s Real=0.00s
[2021-02-16T17:43:30.360+0600][gc,start      ] GC(6) Pause Young (Normal) (G1 Evacuation Pause)
[2021-02-16T17:43:30.365+0600][gc,task       ] GC(6) Using 8 workers of 8 for evacuation
[2021-02-16T17:43:30.373+0600][gc,phases     ] GC(6)   Pre Evacuate Collection Set: 0.0ms
[2021-02-16T17:43:30.373+0600][gc,phases     ] GC(6)   Evacuate Collection Set: 7.0ms
[2021-02-16T17:43:30.373+0600][gc,phases     ] GC(6)   Post Evacuate Collection Set: 0.6ms
[2021-02-16T17:43:30.373+0600][gc,phases     ] GC(6)   Other: 5.9ms
[2021-02-16T17:43:30.373+0600][gc,heap       ] GC(6) Eden regions: 44->0(45)
[2021-02-16T17:43:30.373+0600][gc,heap       ] GC(6) Survivor regions: 7->6(7)
[2021-02-16T17:43:30.373+0600][gc,heap       ] GC(6) Old regions: 7->10
[2021-02-16T17:43:30.373+0600][gc,heap       ] GC(6) Humongous regions: 129->129
[2021-02-16T17:43:30.373+0600][gc,metaspace  ] GC(6) Metaspace: 48063K->48063K(1093632K)
[2021-02-16T17:43:30.373+0600][gc            ] GC(6) Pause Young (Normal) (G1 Evacuation Pause) 186M->144M(1024M) 13.634ms
[2021-02-16T17:43:30.373+0600][gc,cpu        ] GC(6) User=0.05s Sys=0.00s Real=0.01s
[2021-02-16T17:45:44.854+0600][gc,start      ] GC(7) Pause Young (Normal) (G1 Evacuation Pause)
[2021-02-16T17:45:44.860+0600][gc,task       ] GC(7) Using 8 workers of 8 for evacuation
[2021-02-16T17:45:44.868+0600][gc,phases     ] GC(7)   Pre Evacuate Collection Set: 0.0ms
[2021-02-16T17:45:44.868+0600][gc,phases     ] GC(7)   Evacuate Collection Set: 6.6ms
[2021-02-16T17:45:44.868+0600][gc,phases     ] GC(7)   Post Evacuate Collection Set: 0.7ms
[2021-02-16T17:45:44.868+0600][gc,phases     ] GC(7)   Other: 6.2ms
[2021-02-16T17:45:44.868+0600][gc,heap       ] GC(7) Eden regions: 45->0(47)
[2021-02-16T17:45:44.868+0600][gc,heap       ] GC(7) Survivor regions: 6->4(7)
[2021-02-16T17:45:44.868+0600][gc,heap       ] GC(7) Old regions: 10->13
[2021-02-16T17:45:44.868+0600][gc,heap       ] GC(7) Humongous regions: 129->129
[2021-02-16T17:45:44.868+0600][gc,metaspace  ] GC(7) Metaspace: 48208K->48208K(1093632K)
[2021-02-16T17:45:44.868+0600][gc            ] GC(7) Pause Young (Normal) (G1 Evacuation Pause) 189M->145M(1024M) 13.677ms
[2021-02-16T17:45:44.868+0600][gc,cpu        ] GC(7) User=0.05s Sys=0.00s Real=0.01s
[2021-02-16T17:48:13.019+0600][gc,start      ] GC(8) Pause Young (Normal) (G1 Evacuation Pause)
[2021-02-16T17:48:13.019+0600][gc,task       ] GC(8) Using 8 workers of 8 for evacuation
[2021-02-16T17:48:13.025+0600][gc,phases     ] GC(8)   Pre Evacuate Collection Set: 0.0ms
[2021-02-16T17:48:13.025+0600][gc,phases     ] GC(8)   Evacuate Collection Set: 5.0ms
[2021-02-16T17:48:13.025+0600][gc,phases     ] GC(8)   Post Evacuate Collection Set: 0.4ms
[2021-02-16T17:48:13.025+0600][gc,phases     ] GC(8)   Other: 0.2ms
[2021-02-16T17:48:13.025+0600][gc,heap       ] GC(8) Eden regions: 47->0(46)
[2021-02-16T17:48:13.025+0600][gc,heap       ] GC(8) Survivor regions: 4->5(7)
[2021-02-16T17:48:13.025+0600][gc,heap       ] GC(8) Old regions: 13->13
[2021-02-16T17:48:13.025+0600][gc,heap       ] GC(8) Humongous regions: 129->129
[2021-02-16T17:48:13.025+0600][gc,metaspace  ] GC(8) Metaspace: 48385K->48385K(1093632K)
[2021-02-16T17:48:13.025+0600][gc            ] GC(8) Pause Young (Normal) (G1 Evacuation Pause) 192M->146M(1024M) 5.937ms
[2021-02-16T17:48:13.025+0600][gc,cpu        ] GC(8) User=0.03s Sys=0.00s Real=0.01s
[2021-02-16T17:50:41.855+0600][gc,start      ] GC(9) Pause Young (Normal) (G1 Evacuation Pause)
[2021-02-16T17:50:41.856+0600][gc,task       ] GC(9) Using 8 workers of 8 for evacuation
[2021-02-16T17:50:41.860+0600][gc,phases     ] GC(9)   Pre Evacuate Collection Set: 0.0ms
[2021-02-16T17:50:41.860+0600][gc,phases     ] GC(9)   Evacuate Collection Set: 3.9ms
[2021-02-16T17:50:41.860+0600][gc,phases     ] GC(9)   Post Evacuate Collection Set: 0.4ms
[2021-02-16T17:50:41.860+0600][gc,phases     ] GC(9)   Other: 0.3ms
[2021-02-16T17:50:41.860+0600][gc,heap       ] GC(9) Eden regions: 46->0(53)
[2021-02-16T17:50:41.860+0600][gc,heap       ] GC(9) Survivor regions: 5->3(7)
[2021-02-16T17:50:41.860+0600][gc,heap       ] GC(9) Old regions: 13->15
[2021-02-16T17:50:41.860+0600][gc,heap       ] GC(9) Humongous regions: 129->129
[2021-02-16T17:50:41.860+0600][gc,metaspace  ] GC(9) Metaspace: 48533K->48533K(1093632K)
[2021-02-16T17:50:41.860+0600][gc            ] GC(9) Pause Young (Normal) (G1 Evacuation Pause) 192M->145M(1024M) 4.746ms
[2021-02-16T17:50:41.860+0600][gc,cpu        ] GC(9) User=0.03s Sys=0.00s Real=0.01s
[2021-02-16T17:53:34.900+0600][gc,start      ] GC(10) Pause Young (Normal) (G1 Evacuation Pause)
[2021-02-16T17:53:34.900+0600][gc,task       ] GC(10) Using 8 workers of 8 for evacuation
[2021-02-16T17:53:34.906+0600][gc,phases     ] GC(10)   Pre Evacuate Collection Set: 0.0ms
[2021-02-16T17:53:34.906+0600][gc,phases     ] GC(10)   Evacuate Collection Set: 5.3ms
[2021-02-16T17:53:34.906+0600][gc,phases     ] GC(10)   Post Evacuate Collection Set: 0.3ms
[2021-02-16T17:53:34.906+0600][gc,phases     ] GC(10)   Other: 0.3ms
[2021-02-16T17:53:34.906+0600][gc,heap       ] GC(10) Eden regions: 53->0(63)
[2021-02-16T17:53:34.906+0600][gc,heap       ] GC(10) Survivor regions: 3->5(7)
[2021-02-16T17:53:34.906+0600][gc,heap       ] GC(10) Old regions: 15->15
[2021-02-16T17:53:34.906+0600][gc,heap       ] GC(10) Humongous regions: 129->129
[2021-02-16T17:53:34.906+0600][gc,metaspace  ] GC(10) Metaspace: 48670K->48670K(1093632K)
[2021-02-16T17:53:34.906+0600][gc            ] GC(10) Pause Young (Normal) (G1 Evacuation Pause) 198M->147M(1024M) 6.019ms
[2021-02-16T17:53:34.906+0600][gc,cpu        ] GC(10) User=0.03s Sys=0.01s Real=0.00s
[2021-02-16T17:57:01.841+0600][gc,start      ] GC(11) Pause Young (Normal) (G1 Evacuation Pause)
[2021-02-16T17:57:01.847+0600][gc,task       ] GC(11) Using 8 workers of 8 for evacuation
[2021-02-16T17:57:01.855+0600][gc,phases     ] GC(11)   Pre Evacuate Collection Set: 0.0ms
[2021-02-16T17:57:01.855+0600][gc,phases     ] GC(11)   Evacuate Collection Set: 7.0ms
[2021-02-16T17:57:01.855+0600][gc,phases     ] GC(11)   Post Evacuate Collection Set: 0.3ms
[2021-02-16T17:57:01.855+0600][gc,phases     ] GC(11)   Other: 6.0ms
[2021-02-16T17:57:01.855+0600][gc,heap       ] GC(11) Eden regions: 63->0(66)
[2021-02-16T17:57:01.855+0600][gc,heap       ] GC(11) Survivor regions: 5->7(9)
[2021-02-16T17:57:01.855+0600][gc,heap       ] GC(11) Old regions: 15->15
[2021-02-16T17:57:01.855+0600][gc,heap       ] GC(11) Humongous regions: 129->129
[2021-02-16T17:57:01.855+0600][gc,metaspace  ] GC(11) Metaspace: 48716K->48716K(1093632K)
[2021-02-16T17:57:01.855+0600][gc            ] GC(11) Pause Young (Normal) (G1 Evacuation Pause) 210M->149M(1024M) 13.438ms
[2021-02-16T17:57:01.855+0600][gc,cpu        ] GC(11) User=0.05s Sys=0.01s Real=0.01s
[2021-02-16T18:00:38.060+0600][gc,start      ] GC(12) Pause Young (Normal) (G1 Evacuation Pause)
[2021-02-16T18:00:38.066+0600][gc,task       ] GC(12) Using 8 workers of 8 for evacuation
[2021-02-16T18:00:38.076+0600][gc,phases     ] GC(12)   Pre Evacuate Collection Set: 0.0ms
[2021-02-16T18:00:38.076+0600][gc,phases     ] GC(12)   Evacuate Collection Set: 9.1ms
[2021-02-16T18:00:38.076+0600][gc,phases     ] GC(12)   Post Evacuate Collection Set: 0.3ms
[2021-02-16T18:00:38.076+0600][gc,phases     ] GC(12)   Other: 6.1ms
[2021-02-16T18:00:38.076+0600][gc,heap       ] GC(12) Eden regions: 66->0(73)
[2021-02-16T18:00:38.076+0600][gc,heap       ] GC(12) Survivor regions: 7->8(10)
[2021-02-16T18:00:38.076+0600][gc,heap       ] GC(12) Old regions: 15->17
[2021-02-16T18:00:38.076+0600][gc,heap       ] GC(12) Humongous regions: 129->129
[2021-02-16T18:00:38.076+0600][gc,metaspace  ] GC(12) Metaspace: 48860K->48860K(1093632K)
[2021-02-16T18:00:38.076+0600][gc            ] GC(12) Pause Young (Normal) (G1 Evacuation Pause) 215M->153M(1024M) 15.574ms
[2021-02-16T18:00:38.076+0600][gc,cpu        ] GC(12) User=0.07s Sys=0.01s Real=0.01s
[2021-02-16T18:04:38.626+0600][gc,start      ] GC(13) Pause Young (Normal) (G1 Evacuation Pause)
[2021-02-16T18:04:38.632+0600][gc,task       ] GC(13) Using 8 workers of 8 for evacuation
[2021-02-16T18:04:38.644+0600][gc,phases     ] GC(13)   Pre Evacuate Collection Set: 0.0ms
[2021-02-16T18:04:38.644+0600][gc,phases     ] GC(13)   Evacuate Collection Set: 11.3ms
[2021-02-16T18:04:38.644+0600][gc,phases     ] GC(13)   Post Evacuate Collection Set: 0.3ms
[2021-02-16T18:04:38.644+0600][gc,phases     ] GC(13)   Other: 6.1ms
[2021-02-16T18:04:38.644+0600][gc,heap       ] GC(13) Eden regions: 73->0(87)
[2021-02-16T18:04:38.644+0600][gc,heap       ] GC(13) Survivor regions: 8->10(11)
[2021-02-16T18:04:38.644+0600][gc,heap       ] GC(13) Old regions: 17->20
[2021-02-16T18:04:38.644+0600][gc,heap       ] GC(13) Humongous regions: 129->129
[2021-02-16T18:04:38.644+0600][gc,metaspace  ] GC(13) Metaspace: 49027K->49027K(1093632K)
[2021-02-16T18:04:38.644+0600][gc            ] GC(13) Pause Young (Normal) (G1 Evacuation Pause) 226M->158M(1024M) 17.925ms
[2021-02-16T18:04:38.644+0600][gc,cpu        ] GC(13) User=0.07s Sys=0.01s Real=0.02s
[2021-02-16T18:09:26.324+0600][gc,start      ] GC(14) Pause Young (Normal) (G1 Evacuation Pause)
[2021-02-16T18:09:26.330+0600][gc,task       ] GC(14) Using 8 workers of 8 for evacuation
[2021-02-16T18:09:26.346+0600][gc,phases     ] GC(14)   Pre Evacuate Collection Set: 0.0ms
[2021-02-16T18:09:26.346+0600][gc,phases     ] GC(14)   Evacuate Collection Set: 14.9ms
[2021-02-16T18:09:26.346+0600][gc,phases     ] GC(14)   Post Evacuate Collection Set: 0.3ms
[2021-02-16T18:09:26.346+0600][gc,phases     ] GC(14)   Other: 6.1ms
[2021-02-16T18:09:26.346+0600][gc,heap       ] GC(14) Eden regions: 87->0(77)
[2021-02-16T18:09:26.346+0600][gc,heap       ] GC(14) Survivor regions: 10->13(13)
[2021-02-16T18:09:26.346+0600][gc,heap       ] GC(14) Old regions: 20->24
[2021-02-16T18:09:26.346+0600][gc,heap       ] GC(14) Humongous regions: 129->129
[2021-02-16T18:09:26.346+0600][gc,metaspace  ] GC(14) Metaspace: 49054K->49054K(1093632K)
[2021-02-16T18:09:26.346+0600][gc            ] GC(14) Pause Young (Normal) (G1 Evacuation Pause) 245M->165M(1024M) 21.440ms
[2021-02-16T18:09:26.346+0600][gc,cpu        ] GC(14) User=0.10s Sys=0.01s Real=0.02s
[2021-02-16T18:13:38.606+0600][gc,start      ] GC(15) Pause Young (Normal) (G1 Evacuation Pause)
[2021-02-16T18:13:38.611+0600][gc,task       ] GC(15) Using 8 workers of 8 for evacuation
[2021-02-16T18:13:38.627+0600][gc,phases     ] GC(15)   Pre Evacuate Collection Set: 0.0ms
[2021-02-16T18:13:38.627+0600][gc,phases     ] GC(15)   Evacuate Collection Set: 14.6ms
[2021-02-16T18:13:38.627+0600][gc,phases     ] GC(15)   Post Evacuate Collection Set: 0.3ms
[2021-02-16T18:13:38.627+0600][gc,phases     ] GC(15)   Other: 6.1ms
[2021-02-16T18:13:38.627+0600][gc,heap       ] GC(15) Eden regions: 77->0(82)
[2021-02-16T18:13:38.627+0600][gc,heap       ] GC(15) Survivor regions: 13->8(12)
[2021-02-16T18:13:38.627+0600][gc,heap       ] GC(15) Old regions: 24->35
[2021-02-16T18:13:38.627+0600][gc,heap       ] GC(15) Humongous regions: 129->129
[2021-02-16T18:13:38.627+0600][gc,metaspace  ] GC(15) Metaspace: 49084K->49084K(1093632K)
[2021-02-16T18:13:38.627+0600][gc            ] GC(15) Pause Young (Normal) (G1 Evacuation Pause) 242M->170M(1024M) 21.008ms
[2021-02-16T18:13:38.627+0600][gc,cpu        ] GC(15) User=0.11s Sys=0.01s Real=0.02s
[2021-02-16T18:18:06.844+0600][gc,start      ] GC(16) Pause Young (Normal) (G1 Evacuation Pause)
[2021-02-16T18:18:06.846+0600][gc,task       ] GC(16) Using 8 workers of 8 for evacuation
[2021-02-16T18:18:06.857+0600][gc,phases     ] GC(16)   Pre Evacuate Collection Set: 0.0ms
[2021-02-16T18:18:06.857+0600][gc,phases     ] GC(16)   Evacuate Collection Set: 10.2ms
[2021-02-16T18:18:06.857+0600][gc,phases     ] GC(16)   Post Evacuate Collection Set: 0.3ms
[2021-02-16T18:18:06.857+0600][gc,phases     ] GC(16)   Other: 2.1ms
[2021-02-16T18:18:06.857+0600][gc,heap       ] GC(16) Eden regions: 82->0(98)
[2021-02-16T18:18:06.857+0600][gc,heap       ] GC(16) Survivor regions: 8->7(12)
[2021-02-16T18:18:06.857+0600][gc,heap       ] GC(16) Old regions: 35->41
[2021-02-16T18:18:06.857+0600][gc,heap       ] GC(16) Humongous regions: 129->129
[2021-02-16T18:18:06.857+0600][gc,metaspace  ] GC(16) Metaspace: 49099K->49099K(1093632K)
[2021-02-16T18:18:06.857+0600][gc            ] GC(16) Pause Young (Normal) (G1 Evacuation Pause) 252M->176M(1024M) 12.708ms
[2021-02-16T18:18:06.857+0600][gc,cpu        ] GC(16) User=0.08s Sys=0.00s Real=0.01s
[2021-02-16T18:23:30.144+0600][gc,start      ] GC(17) Pause Young (Normal) (G1 Evacuation Pause)
[2021-02-16T18:23:30.144+0600][gc,task       ] GC(17) Using 8 workers of 8 for evacuation
[2021-02-16T18:23:30.160+0600][gc,phases     ] GC(17)   Pre Evacuate Collection Set: 0.0ms
[2021-02-16T18:23:30.160+0600][gc,phases     ] GC(17)   Evacuate Collection Set: 15.4ms
[2021-02-16T18:23:30.161+0600][gc,phases     ] GC(17)   Post Evacuate Collection Set: 0.3ms
[2021-02-16T18:23:30.161+0600][gc,phases     ] GC(17)   Other: 0.6ms
[2021-02-16T18:23:30.161+0600][gc,heap       ] GC(17) Eden regions: 98->0(82)
[2021-02-16T18:23:30.161+0600][gc,heap       ] GC(17) Survivor regions: 7->14(14)
[2021-02-16T18:23:30.161+0600][gc,heap       ] GC(17) Old regions: 41->41
[2021-02-16T18:23:30.161+0600][gc,heap       ] GC(17) Humongous regions: 129->129
[2021-02-16T18:23:30.161+0600][gc,metaspace  ] GC(17) Metaspace: 49121K->49121K(1093632K)
[2021-02-16T18:23:30.161+0600][gc            ] GC(17) Pause Young (Normal) (G1 Evacuation Pause) 274M->184M(1024M) 16.529ms
[2021-02-16T18:23:30.161+0600][gc,cpu        ] GC(17) User=0.10s Sys=0.01s Real=0.02s
[2021-02-16T18:27:52.960+0600][gc,start      ] GC(18) Pause Young (Normal) (G1 Evacuation Pause)
[2021-02-16T18:27:52.965+0600][gc,task       ] GC(18) Using 8 workers of 8 for evacuation
[2021-02-16T18:27:52.982+0600][gc,phases     ] GC(18)   Pre Evacuate Collection Set: 0.0ms
[2021-02-16T18:27:52.982+0600][gc,phases     ] GC(18)   Evacuate Collection Set: 16.3ms
[2021-02-16T18:27:52.982+0600][gc,phases     ] GC(18)   Post Evacuate Collection Set: 0.3ms
[2021-02-16T18:27:52.982+0600][gc,phases     ] GC(18)   Other: 6.0ms
[2021-02-16T18:27:52.982+0600][gc,heap       ] GC(18) Eden regions: 80->0(87)
[2021-02-16T18:27:52.982+0600][gc,heap       ] GC(18) Survivor regions: 14->8(12)
[2021-02-16T18:27:52.982+0600][gc,heap       ] GC(18) Old regions: 41->55
[2021-02-16T18:27:52.982+0600][gc,heap       ] GC(18) Humongous regions: 129->129
[2021-02-16T18:27:52.982+0600][gc,metaspace  ] GC(18) Metaspace: 49122K->49122K(1093632K)
[2021-02-16T18:27:52.982+0600][gc            ] GC(18) Pause Young (Normal) (G1 Evacuation Pause) 264M->191M(1024M) 22.614ms
[2021-02-16T18:27:52.982+0600][gc,cpu        ] GC(18) User=0.12s Sys=0.01s Real=0.02s
[2021-02-16T18:32:38.544+0600][gc,start      ] GC(19) Pause Young (Normal) (G1 Evacuation Pause)
[2021-02-16T18:32:38.545+0600][gc,task       ] GC(19) Using 8 workers of 8 for evacuation
[2021-02-16T18:32:38.557+0600][gc,phases     ] GC(19)   Pre Evacuate Collection Set: 0.0ms
[2021-02-16T18:32:38.557+0600][gc,phases     ] GC(19)   Evacuate Collection Set: 10.0ms
[2021-02-16T18:32:38.557+0600][gc,phases     ] GC(19)   Post Evacuate Collection Set: 0.2ms
[2021-02-16T18:32:38.557+0600][gc,phases     ] GC(19)   Other: 3.4ms
[2021-02-16T18:32:38.557+0600][gc,heap       ] GC(19) Eden regions: 87->0(92)
[2021-02-16T18:32:38.557+0600][gc,heap       ] GC(19) Survivor regions: 8->9(12)
[2021-02-16T18:32:38.557+0600][gc,heap       ] GC(19) Old regions: 55->62
[2021-02-16T18:32:38.557+0600][gc,heap       ] GC(19) Humongous regions: 129->129
[2021-02-16T18:32:38.557+0600][gc,metaspace  ] GC(19) Metaspace: 49139K->49139K(1093632K)
[2021-02-16T18:32:38.557+0600][gc            ] GC(19) Pause Young (Normal) (G1 Evacuation Pause) 278M->199M(1024M) 13.895ms
[2021-02-16T18:32:38.557+0600][gc,cpu        ] GC(19) User=0.08s Sys=0.01s Real=0.01s
[2021-02-16T18:37:43.129+0600][gc,start      ] GC(20) Pause Young (Normal) (G1 Evacuation Pause)
[2021-02-16T18:37:43.134+0600][gc,task       ] GC(20) Using 8 workers of 8 for evacuation
[2021-02-16T18:37:43.149+0600][gc,phases     ] GC(20)   Pre Evacuate Collection Set: 0.0ms
[2021-02-16T18:37:43.149+0600][gc,phases     ] GC(20)   Evacuate Collection Set: 13.6ms
[2021-02-16T18:37:43.149+0600][gc,phases     ] GC(20)   Post Evacuate Collection Set: 0.3ms
[2021-02-16T18:37:43.149+0600][gc,phases     ] GC(20)   Other: 6.1ms
[2021-02-16T18:37:43.149+0600][gc,heap       ] GC(20) Eden regions: 92->0(96)
[2021-02-16T18:37:43.149+0600][gc,heap       ] GC(20) Survivor regions: 9->9(13)
[2021-02-16T18:37:43.149+0600][gc,heap       ] GC(20) Old regions: 62->69
[2021-02-16T18:37:43.149+0600][gc,heap       ] GC(20) Humongous regions: 129->129
[2021-02-16T18:37:43.149+0600][gc,metaspace  ] GC(20) Metaspace: 49156K->49156K(1093632K)
[2021-02-16T18:37:43.149+0600][gc            ] GC(20) Pause Young (Normal) (G1 Evacuation Pause) 291M->206M(1024M) 20.157ms
[2021-02-16T18:37:43.149+0600][gc,cpu        ] GC(20) User=0.10s Sys=0.01s Real=0.02s
[2021-02-16T18:42:46.041+0600][gc,start      ] GC(21) Pause Young (Normal) (G1 Evacuation Pause)
[2021-02-16T18:42:46.047+0600][gc,task       ] GC(21) Using 8 workers of 8 for evacuation
[2021-02-16T18:42:46.061+0600][gc,phases     ] GC(21)   Pre Evacuate Collection Set: 0.0ms
[2021-02-16T18:42:46.061+0600][gc,phases     ] GC(21)   Evacuate Collection Set: 13.3ms
[2021-02-16T18:42:46.061+0600][gc,phases     ] GC(21)   Post Evacuate Collection Set: 0.3ms
[2021-02-16T18:42:46.061+0600][gc,phases     ] GC(21)   Other: 6.3ms
[2021-02-16T18:42:46.061+0600][gc,heap       ] GC(21) Eden regions: 96->0(102)
[2021-02-16T18:42:46.061+0600][gc,heap       ] GC(21) Survivor regions: 9->7(14)
[2021-02-16T18:42:46.061+0600][gc,heap       ] GC(21) Old regions: 69->77
[2021-02-16T18:42:46.061+0600][gc,heap       ] GC(21) Humongous regions: 129->129
[2021-02-16T18:42:46.061+0600][gc,metaspace  ] GC(21) Metaspace: 49216K->49216K(1093632K)
[2021-02-16T18:42:46.061+0600][gc            ] GC(21) Pause Young (Normal) (G1 Evacuation Pause) 302M->212M(1024M) 19.950ms
[2021-02-16T18:42:46.061+0600][gc,cpu        ] GC(21) User=0.10s Sys=0.00s Real=0.02s
[2021-02-16T18:48:04.459+0600][gc,start      ] GC(22) Pause Young (Normal) (G1 Evacuation Pause)
[2021-02-16T18:48:04.465+0600][gc,task       ] GC(22) Using 8 workers of 8 for evacuation
[2021-02-16T18:48:04.473+0600][gc,phases     ] GC(22)   Pre Evacuate Collection Set: 0.0ms
[2021-02-16T18:48:04.473+0600][gc,phases     ] GC(22)   Evacuate Collection Set: 7.7ms
[2021-02-16T18:48:04.473+0600][gc,phases     ] GC(22)   Post Evacuate Collection Set: 0.3ms
[2021-02-16T18:48:04.473+0600][gc,phases     ] GC(22)   Other: 6.1ms
[2021-02-16T18:48:04.473+0600][gc,heap       ] GC(22) Eden regions: 96->0(110)
[2021-02-16T18:48:04.473+0600][gc,heap       ] GC(22) Survivor regions: 7->7(13)
[2021-02-16T18:48:04.473+0600][gc,heap       ] GC(22) Old regions: 77->77
[2021-02-16T18:48:04.473+0600][gc,heap       ] GC(22) Humongous regions: 129->129
[2021-02-16T18:48:04.473+0600][gc,metaspace  ] GC(22) Metaspace: 49229K->49229K(1093632K)
[2021-02-16T18:48:04.473+0600][gc            ] GC(22) Pause Young (Normal) (G1 Evacuation Pause) 308M->211M(1024M) 14.195ms
[2021-02-16T18:48:04.473+0600][gc,cpu        ] GC(22) User=0.07s Sys=0.00s Real=0.02s
[2021-02-16T18:53:35.238+0600][gc,start      ] GC(23) Pause Young (Normal) (G1 Evacuation Pause)
[2021-02-16T18:53:35.244+0600][gc,task       ] GC(23) Using 8 workers of 8 for evacuation
[2021-02-16T18:53:35.252+0600][gc,phases     ] GC(23)   Pre Evacuate Collection Set: 0.0ms
[2021-02-16T18:53:35.252+0600][gc,phases     ] GC(23)   Evacuate Collection Set: 7.5ms
[2021-02-16T18:53:35.252+0600][gc,phases     ] GC(23)   Post Evacuate Collection Set: 0.3ms
[2021-02-16T18:53:35.252+0600][gc,phases     ] GC(23)   Other: 6.3ms
[2021-02-16T18:53:35.252+0600][gc,heap       ] GC(23) Eden regions: 100->0(116)
[2021-02-16T18:53:35.252+0600][gc,heap       ] GC(23) Survivor regions: 7->7(14)
[2021-02-16T18:53:35.252+0600][gc,heap       ] GC(23) Old regions: 77->77
[2021-02-16T18:53:35.252+0600][gc,heap       ] GC(23) Humongous regions: 129->129
[2021-02-16T18:53:35.252+0600][gc,metaspace  ] GC(23) Metaspace: 49233K->49233K(1093632K)
[2021-02-16T18:53:35.252+0600][gc            ] GC(23) Pause Young (Normal) (G1 Evacuation Pause) 311M->212M(1024M) 14.182ms
[2021-02-16T18:53:35.252+0600][gc,cpu        ] GC(23) User=0.06s Sys=0.00s Real=0.02s
[2021-02-16T18:59:43.435+0600][gc,start      ] GC(24) Pause Young (Normal) (G1 Evacuation Pause)
[2021-02-16T18:59:43.440+0600][gc,task       ] GC(24) Using 8 workers of 8 for evacuation
[2021-02-16T18:59:43.449+0600][gc,phases     ] GC(24)   Pre Evacuate Collection Set: 0.0ms
[2021-02-16T18:59:43.449+0600][gc,phases     ] GC(24)   Evacuate Collection Set: 8.2ms
[2021-02-16T18:59:43.449+0600][gc,phases     ] GC(24)   Post Evacuate Collection Set: 0.3ms
[2021-02-16T18:59:43.449+0600][gc,phases     ] GC(24)   Other: 5.9ms
[2021-02-16T18:59:43.449+0600][gc,heap       ] GC(24) Eden regions: 111->0(118)
[2021-02-16T18:59:43.449+0600][gc,heap       ] GC(24) Survivor regions: 7->7(15)
[2021-02-16T18:59:43.449+0600][gc,heap       ] GC(24) Old regions: 77->77
[2021-02-16T18:59:43.449+0600][gc,heap       ] GC(24) Humongous regions: 129->129
[2021-02-16T18:59:43.449+0600][gc,metaspace  ] GC(24) Metaspace: 49238K->49238K(1093632K)
[2021-02-16T18:59:43.449+0600][gc            ] GC(24) Pause Young (Normal) (G1 Evacuation Pause) 323M->212M(1024M) 14.538ms
[2021-02-16T18:59:43.449+0600][gc,cpu        ] GC(24) User=0.06s Sys=0.00s Real=0.01s
[2021-02-16T19:06:07.637+0600][gc,start      ] GC(25) Pause Young (Normal) (G1 Evacuation Pause)
[2021-02-16T19:06:07.643+0600][gc,task       ] GC(25) Using 8 workers of 8 for evacuation
[2021-02-16T19:06:07.652+0600][gc,phases     ] GC(25)   Pre Evacuate Collection Set: 0.2ms
[2021-02-16T19:06:07.652+0600][gc,phases     ] GC(25)   Evacuate Collection Set: 8.2ms
[2021-02-16T19:06:07.652+0600][gc,phases     ] GC(25)   Post Evacuate Collection Set: 0.3ms
[2021-02-16T19:06:07.652+0600][gc,phases     ] GC(25)   Other: 6.1ms
[2021-02-16T19:06:07.652+0600][gc,heap       ] GC(25) Eden regions: 116->0(133)
[2021-02-16T19:06:07.652+0600][gc,heap       ] GC(25) Survivor regions: 7->7(16)
[2021-02-16T19:06:07.652+0600][gc,heap       ] GC(25) Old regions: 77->77
[2021-02-16T19:06:07.652+0600][gc,heap       ] GC(25) Humongous regions: 129->129
[2021-02-16T19:06:07.652+0600][gc,metaspace  ] GC(25) Metaspace: 49250K->49250K(1093632K)
[2021-02-16T19:06:07.653+0600][gc            ] GC(25) Pause Young (Normal) (G1 Evacuation Pause) 328M->212M(1024M) 15.038ms
[2021-02-16T19:06:07.653+0600][gc,cpu        ] GC(25) User=0.06s Sys=0.00s Real=0.02s
[2021-02-16T19:13:31.859+0600][gc,start      ] GC(26) Pause Young (Normal) (G1 Evacuation Pause)
[2021-02-16T19:13:31.864+0600][gc,task       ] GC(26) Using 8 workers of 8 for evacuation
[2021-02-16T19:13:31.875+0600][gc,phases     ] GC(26)   Pre Evacuate Collection Set: 0.0ms
[2021-02-16T19:13:31.875+0600][gc,phases     ] GC(26)   Evacuate Collection Set: 9.9ms
[2021-02-16T19:13:31.875+0600][gc,phases     ] GC(26)   Post Evacuate Collection Set: 0.3ms
[2021-02-16T19:13:31.875+0600][gc,phases     ] GC(26)   Other: 6.2ms
[2021-02-16T19:13:31.875+0600][gc,heap       ] GC(26) Eden regions: 133->0(143)
[2021-02-16T19:13:31.875+0600][gc,heap       ] GC(26) Survivor regions: 7->7(18)
[2021-02-16T19:13:31.875+0600][gc,heap       ] GC(26) Old regions: 77->77
[2021-02-16T19:13:31.875+0600][gc,heap       ] GC(26) Humongous regions: 129->129
[2021-02-16T19:13:31.875+0600][gc,metaspace  ] GC(26) Metaspace: 49254K->49254K(1093632K)
[2021-02-16T19:13:31.875+0600][gc            ] GC(26) Pause Young (Normal) (G1 Evacuation Pause) 345M->212M(1024M) 16.601ms
[2021-02-16T19:13:31.875+0600][gc,cpu        ] GC(26) User=0.06s Sys=0.01s Real=0.02s
[2021-02-16T19:21:29.857+0600][gc,start      ] GC(27) Pause Young (Normal) (G1 Evacuation Pause)
[2021-02-16T19:21:29.863+0600][gc,task       ] GC(27) Using 8 workers of 8 for evacuation
[2021-02-16T19:21:29.873+0600][gc,phases     ] GC(27)   Pre Evacuate Collection Set: 0.0ms
[2021-02-16T19:21:29.873+0600][gc,phases     ] GC(27)   Evacuate Collection Set: 9.5ms
[2021-02-16T19:21:29.873+0600][gc,phases     ] GC(27)   Post Evacuate Collection Set: 0.3ms
[2021-02-16T19:21:29.873+0600][gc,phases     ] GC(27)   Other: 6.4ms
[2021-02-16T19:21:29.873+0600][gc,heap       ] GC(27) Eden regions: 143->0(153)
[2021-02-16T19:21:29.873+0600][gc,heap       ] GC(27) Survivor regions: 7->7(19)
[2021-02-16T19:21:29.873+0600][gc,heap       ] GC(27) Old regions: 77->77
[2021-02-16T19:21:29.873+0600][gc,heap       ] GC(27) Humongous regions: 129->129
[2021-02-16T19:21:29.873+0600][gc,metaspace  ] GC(27) Metaspace: 49270K->49270K(1093632K)
[2021-02-16T19:21:29.873+0600][gc            ] GC(27) Pause Young (Normal) (G1 Evacuation Pause) 355M->211M(1024M) 16.393ms
[2021-02-16T19:21:29.873+0600][gc,cpu        ] GC(27) User=0.05s Sys=0.00s Real=0.02s
[2021-02-16T19:24:56.581+0600][gc,heap,exit  ] Heap
[2021-02-16T19:24:56.581+0600][gc,heap,exit  ]  garbage-first heap   total 1048576K, used 312126K [0x00000007c0000000, 0x0000000800000000)
[2021-02-16T19:24:56.581+0600][gc,heap,exit  ]   region size 1024K, 101 young (103424K), 7 survivors (7168K)
[2021-02-16T19:24:56.581+0600][gc,heap,exit  ]  Metaspace       used 51661K, capacity 54242K, committed 54320K, reserved 1095680K
[2021-02-16T19:24:56.581+0600][gc,heap,exit  ]   class space    used 6127K, capacity 7289K, committed 7296K, reserved 1048576K
