[2021-02-16T17:38:36.782+0600][gc,heap] Heap region size: 1M
[2021-02-16T17:38:36.792+0600][gc     ] Using G1
[2021-02-16T17:38:36.792+0600][gc,heap,coops] Heap address: 0x00000007c0000000, size: 1024 MB, Compressed Oops mode: Zero based, Oop shift amount: 3
[2021-02-16T17:38:37.779+0600][gc,start     ] GC(0) Pause Young (Concurrent Start) (Metadata GC Threshold)
[2021-02-16T17:38:37.780+0600][gc,task      ] GC(0) Using 8 workers of 8 for evacuation
[2021-02-16T17:38:37.788+0600][gc,phases    ] GC(0)   Pre Evacuate Collection Set: 0.0ms
[2021-02-16T17:38:37.788+0600][gc,phases    ] GC(0)   Evacuate Collection Set: 8.1ms
[2021-02-16T17:38:37.788+0600][gc,phases    ] GC(0)   Post Evacuate Collection Set: 0.4ms
[2021-02-16T17:38:37.788+0600][gc,phases    ] GC(0)   Other: 0.8ms
[2021-02-16T17:38:37.789+0600][gc,heap      ] GC(0) Eden regions: 42->0(44)
[2021-02-16T17:38:37.789+0600][gc,heap      ] GC(0) Survivor regions: 0->7(7)
[2021-02-16T17:38:37.789+0600][gc,heap      ] GC(0) Old regions: 0->0
[2021-02-16T17:38:37.789+0600][gc,heap      ] GC(0) Humongous regions: 0->0
[2021-02-16T17:38:37.789+0600][gc,metaspace ] GC(0) Metaspace: 20625K->20625K(1069056K)
[2021-02-16T17:38:37.789+0600][gc           ] GC(0) Pause Young (Concurrent Start) (Metadata GC Threshold) 42M->6M(1024M) 9.469ms
[2021-02-16T17:38:37.789+0600][gc,cpu       ] GC(0) User=0.03s Sys=0.01s Real=0.01s
[2021-02-16T17:38:37.789+0600][gc           ] GC(1) Concurrent Cycle
[2021-02-16T17:38:37.789+0600][gc,marking   ] GC(1) Concurrent Clear Claimed Marks
[2021-02-16T17:38:37.789+0600][gc,marking   ] GC(1) Concurrent Clear Claimed Marks 0.023ms
[2021-02-16T17:38:37.789+0600][gc,marking   ] GC(1) Concurrent Scan Root Regions
[2021-02-16T17:38:37.791+0600][gc,marking   ] GC(1) Concurrent Scan Root Regions 2.637ms
[2021-02-16T17:38:37.791+0600][gc,marking   ] GC(1) Concurrent Mark (1.025s)
[2021-02-16T17:38:37.791+0600][gc,marking   ] GC(1) Concurrent Mark From Roots
[2021-02-16T17:38:37.791+0600][gc,task      ] GC(1) Using 2 workers of 2 for marking
[2021-02-16T17:38:37.792+0600][gc,marking   ] GC(1) Concurrent Mark From Roots 0.208ms
[2021-02-16T17:38:37.792+0600][gc,marking   ] GC(1) Concurrent Preclean
[2021-02-16T17:38:37.792+0600][gc,marking   ] GC(1) Concurrent Preclean 0.046ms
[2021-02-16T17:38:37.792+0600][gc,marking   ] GC(1) Concurrent Mark (1.025s, 1.025s) 0.333ms
[2021-02-16T17:38:37.792+0600][gc,start     ] GC(1) Pause Remark
[2021-02-16T17:38:37.794+0600][gc,stringtable] GC(1) Cleaned string and symbol table, strings: 7419 processed, 0 removed, symbols: 63237 processed, 32 removed
[2021-02-16T17:38:37.794+0600][gc            ] GC(1) Pause Remark 7M->7M(1024M) 2.468ms
[2021-02-16T17:38:37.794+0600][gc,cpu        ] GC(1) User=0.01s Sys=0.00s Real=0.00s
[2021-02-16T17:38:37.794+0600][gc,marking    ] GC(1) Concurrent Rebuild Remembered Sets
[2021-02-16T17:38:37.795+0600][gc,marking    ] GC(1) Concurrent Rebuild Remembered Sets 0.090ms
[2021-02-16T17:38:37.795+0600][gc,start      ] GC(1) Pause Cleanup
[2021-02-16T17:38:37.795+0600][gc            ] GC(1) Pause Cleanup 7M->7M(1024M) 0.150ms
[2021-02-16T17:38:37.795+0600][gc,cpu        ] GC(1) User=0.00s Sys=0.00s Real=0.00s
[2021-02-16T17:38:37.795+0600][gc,marking    ] GC(1) Concurrent Cleanup for Next Mark
[2021-02-16T17:38:37.802+0600][gc,marking    ] GC(1) Concurrent Cleanup for Next Mark 6.854ms
[2021-02-16T17:38:37.802+0600][gc            ] GC(1) Concurrent Cycle 13.122ms
[2021-02-16T17:38:38.806+0600][gc,start      ] GC(2) Pause Young (Normal) (G1 Evacuation Pause)
[2021-02-16T17:38:38.806+0600][gc,task       ] GC(2) Using 8 workers of 8 for evacuation
[2021-02-16T17:38:38.815+0600][gc,phases     ] GC(2)   Pre Evacuate Collection Set: 0.0ms
[2021-02-16T17:38:38.815+0600][gc,phases     ] GC(2)   Evacuate Collection Set: 8.2ms
[2021-02-16T17:38:38.815+0600][gc,phases     ] GC(2)   Post Evacuate Collection Set: 0.6ms
[2021-02-16T17:38:38.815+0600][gc,phases     ] GC(2)   Other: 0.2ms
[2021-02-16T17:38:38.815+0600][gc,heap       ] GC(2) Eden regions: 44->0(49)
[2021-02-16T17:38:38.815+0600][gc,heap       ] GC(2) Survivor regions: 7->2(7)
[2021-02-16T17:38:38.815+0600][gc,heap       ] GC(2) Old regions: 0->7
[2021-02-16T17:38:38.815+0600][gc,heap       ] GC(2) Humongous regions: 129->129
[2021-02-16T17:38:38.815+0600][gc,metaspace  ] GC(2) Metaspace: 29945K->29945K(1077248K)
[2021-02-16T17:38:38.815+0600][gc            ] GC(2) Pause Young (Normal) (G1 Evacuation Pause) 179M->137M(1024M) 9.268ms
[2021-02-16T17:38:38.815+0600][gc,cpu        ] GC(2) User=0.04s Sys=0.01s Real=0.01s
[2021-02-16T17:38:39.203+0600][gc,start      ] GC(3) Pause Young (Concurrent Start) (Metadata GC Threshold)
[2021-02-16T17:38:39.203+0600][gc,task       ] GC(3) Using 8 workers of 8 for evacuation
[2021-02-16T17:38:39.206+0600][gc,phases     ] GC(3)   Pre Evacuate Collection Set: 0.1ms
[2021-02-16T17:38:39.206+0600][gc,phases     ] GC(3)   Evacuate Collection Set: 2.8ms
[2021-02-16T17:38:39.206+0600][gc,phases     ] GC(3)   Post Evacuate Collection Set: 0.3ms
[2021-02-16T17:38:39.206+0600][gc,phases     ] GC(3)   Other: 0.2ms
[2021-02-16T17:38:39.206+0600][gc,heap       ] GC(3) Eden regions: 24->0(47)
[2021-02-16T17:38:39.206+0600][gc,heap       ] GC(3) Survivor regions: 2->4(7)
[2021-02-16T17:38:39.206+0600][gc,heap       ] GC(3) Old regions: 7->7
[2021-02-16T17:38:39.206+0600][gc,heap       ] GC(3) Humongous regions: 129->129
[2021-02-16T17:38:39.206+0600][gc,metaspace  ] GC(3) Metaspace: 34718K->34718K(1081344K)
[2021-02-16T17:38:39.207+0600][gc            ] GC(3) Pause Young (Concurrent Start) (Metadata GC Threshold) 161M->139M(1024M) 3.542ms
[2021-02-16T17:38:39.207+0600][gc,cpu        ] GC(3) User=0.02s Sys=0.00s Real=0.00s
[2021-02-16T17:38:39.207+0600][gc            ] GC(4) Concurrent Cycle
[2021-02-16T17:38:39.207+0600][gc,marking    ] GC(4) Concurrent Clear Claimed Marks
[2021-02-16T17:38:39.207+0600][gc,marking    ] GC(4) Concurrent Clear Claimed Marks 0.048ms
[2021-02-16T17:38:39.207+0600][gc,marking    ] GC(4) Concurrent Scan Root Regions
[2021-02-16T17:38:39.209+0600][gc,marking    ] GC(4) Concurrent Scan Root Regions 1.970ms
[2021-02-16T17:38:39.209+0600][gc,marking    ] GC(4) Concurrent Mark (2.442s)
[2021-02-16T17:38:39.209+0600][gc,marking    ] GC(4) Concurrent Mark From Roots
[2021-02-16T17:38:39.209+0600][gc,task       ] GC(4) Using 2 workers of 2 for marking
[2021-02-16T17:38:39.214+0600][gc,marking    ] GC(4) Concurrent Mark From Roots 5.524ms
[2021-02-16T17:38:39.214+0600][gc,marking    ] GC(4) Concurrent Preclean
[2021-02-16T17:38:39.214+0600][gc,marking    ] GC(4) Concurrent Preclean 0.068ms
[2021-02-16T17:38:39.214+0600][gc,marking    ] GC(4) Concurrent Mark (2.442s, 2.447s) 5.655ms
[2021-02-16T17:38:39.214+0600][gc,start      ] GC(4) Pause Remark
[2021-02-16T17:38:39.217+0600][gc,stringtable] GC(4) Cleaned string and symbol table, strings: 11463 processed, 7 removed, symbols: 93814 processed, 17 removed
[2021-02-16T17:38:39.217+0600][gc            ] GC(4) Pause Remark 139M->139M(1024M) 2.492ms
[2021-02-16T17:38:39.217+0600][gc,cpu        ] GC(4) User=0.02s Sys=0.00s Real=0.00s
[2021-02-16T17:38:39.217+0600][gc,marking    ] GC(4) Concurrent Rebuild Remembered Sets
[2021-02-16T17:38:39.220+0600][gc,marking    ] GC(4) Concurrent Rebuild Remembered Sets 2.705ms
[2021-02-16T17:38:39.220+0600][gc,start      ] GC(4) Pause Cleanup
[2021-02-16T17:38:39.220+0600][gc            ] GC(4) Pause Cleanup 139M->139M(1024M) 0.170ms
[2021-02-16T17:38:39.220+0600][gc,cpu        ] GC(4) User=0.00s Sys=0.00s Real=0.00s
[2021-02-16T17:38:39.220+0600][gc,marking    ] GC(4) Concurrent Cleanup for Next Mark
[2021-02-16T17:38:39.228+0600][gc,marking    ] GC(4) Concurrent Cleanup for Next Mark 8.065ms
[2021-02-16T17:38:39.229+0600][gc            ] GC(4) Concurrent Cycle 22.010ms
[2021-02-16T17:40:54.537+0600][gc,start      ] GC(5) Pause Young (Normal) (G1 Evacuation Pause)
[2021-02-16T17:40:54.538+0600][gc,task       ] GC(5) Using 8 workers of 8 for evacuation
[2021-02-16T17:40:54.545+0600][gc,phases     ] GC(5)   Pre Evacuate Collection Set: 0.1ms
[2021-02-16T17:40:54.545+0600][gc,phases     ] GC(5)   Evacuate Collection Set: 6.4ms
[2021-02-16T17:40:54.545+0600][gc,phases     ] GC(5)   Post Evacuate Collection Set: 0.8ms
[2021-02-16T17:40:54.545+0600][gc,phases     ] GC(5)   Other: 0.6ms
[2021-02-16T17:40:54.545+0600][gc,heap       ] GC(5) Eden regions: 47->0(44)
[2021-02-16T17:40:54.545+0600][gc,heap       ] GC(5) Survivor regions: 4->7(7)
[2021-02-16T17:40:54.545+0600][gc,heap       ] GC(5) Old regions: 7->7
[2021-02-16T17:40:54.545+0600][gc,heap       ] GC(5) Humongous regions: 129->129
[2021-02-16T17:40:54.545+0600][gc,metaspace  ] GC(5) Metaspace: 44421K->44421K(1089536K)
[2021-02-16T17:40:54.545+0600][gc            ] GC(5) Pause Young (Normal) (G1 Evacuation Pause) 186M->142M(1024M) 8.116ms
[2021-02-16T17:40:54.546+0600][gc,cpu        ] GC(5) User=0.04s Sys=0.00s Real=0.01s
[2021-02-16T17:43:38.708+0600][gc,start      ] GC(6) Pause Young (Normal) (G1 Evacuation Pause)
[2021-02-16T17:43:38.708+0600][gc,task       ] GC(6) Using 8 workers of 8 for evacuation
[2021-02-16T17:43:38.719+0600][gc,phases     ] GC(6)   Pre Evacuate Collection Set: 0.0ms
[2021-02-16T17:43:38.719+0600][gc,phases     ] GC(6)   Evacuate Collection Set: 9.5ms
[2021-02-16T17:43:38.719+0600][gc,phases     ] GC(6)   Post Evacuate Collection Set: 0.5ms
[2021-02-16T17:43:38.719+0600][gc,phases     ] GC(6)   Other: 0.2ms
[2021-02-16T17:43:38.719+0600][gc,heap       ] GC(6) Eden regions: 44->0(44)
[2021-02-16T17:43:38.719+0600][gc,heap       ] GC(6) Survivor regions: 7->7(7)
[2021-02-16T17:43:38.719+0600][gc,heap       ] GC(6) Old regions: 7->11
[2021-02-16T17:43:38.719+0600][gc,heap       ] GC(6) Humongous regions: 129->129
[2021-02-16T17:43:38.719+0600][gc,metaspace  ] GC(6) Metaspace: 48023K->48023K(1093632K)
[2021-02-16T17:43:38.719+0600][gc            ] GC(6) Pause Young (Normal) (G1 Evacuation Pause) 186M->146M(1024M) 10.454ms
[2021-02-16T17:43:38.719+0600][gc,cpu        ] GC(6) User=0.06s Sys=0.00s Real=0.01s
[2021-02-16T17:46:46.308+0600][gc,start      ] GC(7) Pause Young (Normal) (G1 Evacuation Pause)
[2021-02-16T17:46:46.314+0600][gc,task       ] GC(7) Using 8 workers of 8 for evacuation
[2021-02-16T17:46:46.325+0600][gc,phases     ] GC(7)   Pre Evacuate Collection Set: 0.0ms
[2021-02-16T17:46:46.325+0600][gc,phases     ] GC(7)   Evacuate Collection Set: 10.5ms
[2021-02-16T17:46:46.325+0600][gc,phases     ] GC(7)   Post Evacuate Collection Set: 0.5ms
[2021-02-16T17:46:46.325+0600][gc,phases     ] GC(7)   Other: 6.1ms
[2021-02-16T17:46:46.325+0600][gc,heap       ] GC(7) Eden regions: 44->0(48)
[2021-02-16T17:46:46.325+0600][gc,heap       ] GC(7) Survivor regions: 7->3(7)
[2021-02-16T17:46:46.325+0600][gc,heap       ] GC(7) Old regions: 11->15
[2021-02-16T17:46:46.325+0600][gc,heap       ] GC(7) Humongous regions: 129->129
[2021-02-16T17:46:46.325+0600][gc,metaspace  ] GC(7) Metaspace: 48160K->48160K(1093632K)
[2021-02-16T17:46:46.325+0600][gc            ] GC(7) Pause Young (Normal) (G1 Evacuation Pause) 190M->146M(1024M) 17.218ms
[2021-02-16T17:46:46.325+0600][gc,cpu        ] GC(7) User=0.06s Sys=0.00s Real=0.02s
[2021-02-16T17:50:29.893+0600][gc,start      ] GC(8) Pause Young (Normal) (G1 Evacuation Pause)
[2021-02-16T17:50:29.893+0600][gc,task       ] GC(8) Using 8 workers of 8 for evacuation
[2021-02-16T17:50:29.898+0600][gc,phases     ] GC(8)   Pre Evacuate Collection Set: 0.0ms
[2021-02-16T17:50:29.898+0600][gc,phases     ] GC(8)   Evacuate Collection Set: 4.6ms
[2021-02-16T17:50:29.898+0600][gc,phases     ] GC(8)   Post Evacuate Collection Set: 0.2ms
[2021-02-16T17:50:29.898+0600][gc,phases     ] GC(8)   Other: 0.3ms
[2021-02-16T17:50:29.898+0600][gc,heap       ] GC(8) Eden regions: 48->0(45)
[2021-02-16T17:50:29.898+0600][gc,heap       ] GC(8) Survivor regions: 3->6(7)
[2021-02-16T17:50:29.898+0600][gc,heap       ] GC(8) Old regions: 15->15
[2021-02-16T17:50:29.898+0600][gc,heap       ] GC(8) Humongous regions: 129->129
[2021-02-16T17:50:29.898+0600][gc,metaspace  ] GC(8) Metaspace: 48226K->48226K(1093632K)
[2021-02-16T17:50:29.898+0600][gc            ] GC(8) Pause Young (Normal) (G1 Evacuation Pause) 194M->148M(1024M) 5.292ms
[2021-02-16T17:50:29.898+0600][gc,cpu        ] GC(8) User=0.04s Sys=0.00s Real=0.00s
[2021-02-16T17:54:04.654+0600][gc,start      ] GC(9) Pause Young (Normal) (G1 Evacuation Pause)
[2021-02-16T17:54:04.660+0600][gc,task       ] GC(9) Using 8 workers of 8 for evacuation
[2021-02-16T17:54:04.668+0600][gc,phases     ] GC(9)   Pre Evacuate Collection Set: 0.0ms
[2021-02-16T17:54:04.668+0600][gc,phases     ] GC(9)   Evacuate Collection Set: 7.4ms
[2021-02-16T17:54:04.668+0600][gc,phases     ] GC(9)   Post Evacuate Collection Set: 0.2ms
[2021-02-16T17:54:04.668+0600][gc,phases     ] GC(9)   Other: 6.1ms
[2021-02-16T17:54:04.668+0600][gc,heap       ] GC(9) Eden regions: 45->0(44)
[2021-02-16T17:54:04.668+0600][gc,heap       ] GC(9) Survivor regions: 6->7(7)
[2021-02-16T17:54:04.668+0600][gc,heap       ] GC(9) Old regions: 15->17
[2021-02-16T17:54:04.668+0600][gc,heap       ] GC(9) Humongous regions: 129->129
[2021-02-16T17:54:04.668+0600][gc,metaspace  ] GC(9) Metaspace: 48254K->48254K(1093632K)
[2021-02-16T17:54:04.668+0600][gc            ] GC(9) Pause Young (Normal) (G1 Evacuation Pause) 193M->152M(1024M) 13.932ms
[2021-02-16T17:54:04.668+0600][gc,cpu        ] GC(9) User=0.06s Sys=0.00s Real=0.01s
[2021-02-16T17:57:37.126+0600][gc,start      ] GC(10) Pause Young (Normal) (G1 Evacuation Pause)
[2021-02-16T17:57:37.131+0600][gc,task       ] GC(10) Using 8 workers of 8 for evacuation
[2021-02-16T17:57:37.140+0600][gc,phases     ] GC(10)   Pre Evacuate Collection Set: 0.0ms
[2021-02-16T17:57:37.140+0600][gc,phases     ] GC(10)   Evacuate Collection Set: 7.9ms
[2021-02-16T17:57:37.140+0600][gc,phases     ] GC(10)   Post Evacuate Collection Set: 0.2ms
[2021-02-16T17:57:37.140+0600][gc,phases     ] GC(10)   Other: 5.9ms
[2021-02-16T17:57:37.140+0600][gc,heap       ] GC(10) Eden regions: 44->0(44)
[2021-02-16T17:57:37.140+0600][gc,heap       ] GC(10) Survivor regions: 7->7(7)
[2021-02-16T17:57:37.140+0600][gc,heap       ] GC(10) Old regions: 17->20
[2021-02-16T17:57:37.140+0600][gc,heap       ] GC(10) Humongous regions: 129->129
[2021-02-16T17:57:37.140+0600][gc,metaspace  ] GC(10) Metaspace: 48325K->48325K(1093632K)
[2021-02-16T17:57:37.140+0600][gc            ] GC(10) Pause Young (Normal) (G1 Evacuation Pause) 196M->155M(1024M) 14.195ms
[2021-02-16T17:57:37.140+0600][gc,cpu        ] GC(10) User=0.05s Sys=0.00s Real=0.02s
[2021-02-16T18:01:09.654+0600][gc,start      ] GC(11) Pause Young (Normal) (G1 Evacuation Pause)
[2021-02-16T18:01:09.661+0600][gc,task       ] GC(11) Using 8 workers of 8 for evacuation
[2021-02-16T18:01:09.671+0600][gc,phases     ] GC(11)   Pre Evacuate Collection Set: 0.0ms
[2021-02-16T18:01:09.671+0600][gc,phases     ] GC(11)   Evacuate Collection Set: 10.1ms
[2021-02-16T18:01:09.671+0600][gc,phases     ] GC(11)   Post Evacuate Collection Set: 0.2ms
[2021-02-16T18:01:09.671+0600][gc,phases     ] GC(11)   Other: 6.7ms
[2021-02-16T18:01:09.671+0600][gc,heap       ] GC(11) Eden regions: 44->0(46)
[2021-02-16T18:01:09.671+0600][gc,heap       ] GC(11) Survivor regions: 7->5(7)
[2021-02-16T18:01:09.671+0600][gc,heap       ] GC(11) Old regions: 20->26
[2021-02-16T18:01:09.671+0600][gc,heap       ] GC(11) Humongous regions: 129->129
[2021-02-16T18:01:09.671+0600][gc,metaspace  ] GC(11) Metaspace: 48343K->48343K(1093632K)
[2021-02-16T18:01:09.672+0600][gc            ] GC(11) Pause Young (Normal) (G1 Evacuation Pause) 199M->159M(1024M) 17.179ms
[2021-02-16T18:01:09.672+0600][gc,cpu        ] GC(11) User=0.07s Sys=0.00s Real=0.02s
[2021-02-16T18:04:54.168+0600][gc,start      ] GC(12) Pause Young (Normal) (G1 Evacuation Pause)
[2021-02-16T18:04:54.168+0600][gc,task       ] GC(12) Using 8 workers of 8 for evacuation
[2021-02-16T18:04:54.176+0600][gc,phases     ] GC(12)   Pre Evacuate Collection Set: 0.0ms
[2021-02-16T18:04:54.176+0600][gc,phases     ] GC(12)   Evacuate Collection Set: 7.3ms
[2021-02-16T18:04:54.176+0600][gc,phases     ] GC(12)   Post Evacuate Collection Set: 0.2ms
[2021-02-16T18:04:54.176+0600][gc,phases     ] GC(12)   Other: 0.7ms
[2021-02-16T18:04:54.176+0600][gc,heap       ] GC(12) Eden regions: 46->0(49)
[2021-02-16T18:04:54.176+0600][gc,heap       ] GC(12) Survivor regions: 5->5(7)
[2021-02-16T18:04:54.176+0600][gc,heap       ] GC(12) Old regions: 26->30
[2021-02-16T18:04:54.176+0600][gc,heap       ] GC(12) Humongous regions: 129->129
[2021-02-16T18:04:54.176+0600][gc,metaspace  ] GC(12) Metaspace: 48362K->48362K(1093632K)
[2021-02-16T18:04:54.176+0600][gc            ] GC(12) Pause Young (Normal) (G1 Evacuation Pause) 205M->162M(1024M) 8.431ms
[2021-02-16T18:04:54.176+0600][gc,cpu        ] GC(12) User=0.05s Sys=0.00s Real=0.01s
[2021-02-16T18:08:53.245+0600][gc,start      ] GC(13) Pause Young (Normal) (G1 Evacuation Pause)
[2021-02-16T18:08:53.251+0600][gc,task       ] GC(13) Using 8 workers of 8 for evacuation
[2021-02-16T18:08:53.260+0600][gc,phases     ] GC(13)   Pre Evacuate Collection Set: 0.0ms
[2021-02-16T18:08:53.260+0600][gc,phases     ] GC(13)   Evacuate Collection Set: 8.5ms
[2021-02-16T18:08:53.260+0600][gc,phases     ] GC(13)   Post Evacuate Collection Set: 0.2ms
[2021-02-16T18:08:53.260+0600][gc,phases     ] GC(13)   Other: 6.1ms
[2021-02-16T18:08:53.260+0600][gc,heap       ] GC(13) Eden regions: 49->0(53)
[2021-02-16T18:08:53.260+0600][gc,heap       ] GC(13) Survivor regions: 5->6(7)
[2021-02-16T18:08:53.260+0600][gc,heap       ] GC(13) Old regions: 30->33
[2021-02-16T18:08:53.260+0600][gc,heap       ] GC(13) Humongous regions: 129->129
[2021-02-16T18:08:53.260+0600][gc,metaspace  ] GC(13) Metaspace: 48388K->48388K(1093632K)
[2021-02-16T18:08:53.260+0600][gc            ] GC(13) Pause Young (Normal) (G1 Evacuation Pause) 211M->167M(1024M) 14.952ms
[2021-02-16T18:08:53.260+0600][gc,cpu        ] GC(13) User=0.06s Sys=0.01s Real=0.02s
[2021-02-16T18:13:09.813+0600][gc,start      ] GC(14) Pause Young (Normal) (G1 Evacuation Pause)
[2021-02-16T18:13:09.814+0600][gc,task       ] GC(14) Using 8 workers of 8 for evacuation
[2021-02-16T18:13:09.821+0600][gc,phases     ] GC(14)   Pre Evacuate Collection Set: 0.0ms
[2021-02-16T18:13:09.821+0600][gc,phases     ] GC(14)   Evacuate Collection Set: 6.5ms
[2021-02-16T18:13:09.821+0600][gc,phases     ] GC(14)   Post Evacuate Collection Set: 0.2ms
[2021-02-16T18:13:09.821+0600][gc,phases     ] GC(14)   Other: 2.0ms
[2021-02-16T18:13:09.822+0600][gc,heap       ] GC(14) Eden regions: 53->0(609)
[2021-02-16T18:13:09.822+0600][gc,heap       ] GC(14) Survivor regions: 6->5(8)
[2021-02-16T18:13:09.822+0600][gc,heap       ] GC(14) Old regions: 33->37
[2021-02-16T18:13:09.822+0600][gc,heap       ] GC(14) Humongous regions: 129->129
[2021-02-16T18:13:09.822+0600][gc,metaspace  ] GC(14) Metaspace: 48412K->48412K(1093632K)
[2021-02-16T18:13:09.822+0600][gc            ] GC(14) Pause Young (Normal) (G1 Evacuation Pause) 220M->170M(1024M) 8.924ms
[2021-02-16T18:13:09.822+0600][gc,cpu        ] GC(14) User=0.05s Sys=0.00s Real=0.01s
[2021-02-16T19:03:08.164+0600][gc,start      ] GC(15) Pause Young (Normal) (G1 Evacuation Pause)
[2021-02-16T19:03:08.170+0600][gc,task       ] GC(15) Using 8 workers of 8 for evacuation
[2021-02-16T19:03:08.200+0600][gc,mmu        ] GC(15) MMU target violated: 21.0ms (20.0ms/21.0ms)
[2021-02-16T19:03:08.200+0600][gc,phases     ] GC(15)   Pre Evacuate Collection Set: 0.1ms
[2021-02-16T19:03:08.200+0600][gc,phases     ] GC(15)   Evacuate Collection Set: 28.9ms
[2021-02-16T19:03:08.200+0600][gc,phases     ] GC(15)   Post Evacuate Collection Set: 0.9ms
[2021-02-16T19:03:08.200+0600][gc,phases     ] GC(15)   Other: 6.2ms
[2021-02-16T19:03:08.200+0600][gc,heap       ] GC(15) Eden regions: 609->0(312)
[2021-02-16T19:03:08.200+0600][gc,heap       ] GC(15) Survivor regions: 5->29(77)
[2021-02-16T19:03:08.200+0600][gc,heap       ] GC(15) Old regions: 37->37
[2021-02-16T19:03:08.200+0600][gc,heap       ] GC(15) Humongous regions: 129->129
[2021-02-16T19:03:08.200+0600][gc,metaspace  ] GC(15) Metaspace: 48654K->48654K(1093632K)
[2021-02-16T19:03:08.201+0600][gc            ] GC(15) Pause Young (Normal) (G1 Evacuation Pause) 779M->194M(1024M) 36.132ms
[2021-02-16T19:03:08.201+0600][gc,cpu        ] GC(15) User=0.17s Sys=0.04s Real=0.04s
[2021-02-16T19:06:14.651+0600][gc,start      ] GC(16) Pause Young (Normal) (G1 Evacuation Pause)
[2021-02-16T19:06:14.652+0600][gc,task       ] GC(16) Using 8 workers of 8 for evacuation
[2021-02-16T19:06:14.676+0600][gc,mmu        ] GC(16) MMU target violated: 21.0ms (20.0ms/21.0ms)
[2021-02-16T19:06:14.676+0600][gc,phases     ] GC(16)   Pre Evacuate Collection Set: 0.0ms
[2021-02-16T19:06:14.676+0600][gc,phases     ] GC(16)   Evacuate Collection Set: 23.6ms
[2021-02-16T19:06:14.676+0600][gc,phases     ] GC(16)   Post Evacuate Collection Set: 0.3ms
[2021-02-16T19:06:14.676+0600][gc,phases     ] GC(16)   Other: 0.3ms
[2021-02-16T19:06:14.676+0600][gc,heap       ] GC(16) Eden regions: 40->0(107)
[2021-02-16T19:06:14.676+0600][gc,heap       ] GC(16) Survivor regions: 29->5(9)
[2021-02-16T19:06:14.676+0600][gc,heap       ] GC(16) Old regions: 37->64
[2021-02-16T19:06:14.676+0600][gc,heap       ] GC(16) Humongous regions: 129->129
[2021-02-16T19:06:14.676+0600][gc,metaspace  ] GC(16) Metaspace: 48661K->48661K(1093632K)
[2021-02-16T19:06:14.676+0600][gc            ] GC(16) Pause Young (Normal) (G1 Evacuation Pause) 234M->196M(1024M) 24.366ms
[2021-02-16T19:06:14.676+0600][gc,cpu        ] GC(16) User=0.15s Sys=0.03s Real=0.02s
[2021-02-16T19:14:59.715+0600][gc,start      ] GC(17) Pause Young (Normal) (G1 Evacuation Pause)
[2021-02-16T19:14:59.717+0600][gc,task       ] GC(17) Using 8 workers of 8 for evacuation
[2021-02-16T19:14:59.731+0600][gc,phases     ] GC(17)   Pre Evacuate Collection Set: 0.0ms
[2021-02-16T19:14:59.731+0600][gc,phases     ] GC(17)   Evacuate Collection Set: 13.8ms
[2021-02-16T19:14:59.731+0600][gc,phases     ] GC(17)   Post Evacuate Collection Set: 0.3ms
[2021-02-16T19:14:59.731+0600][gc,phases     ] GC(17)   Other: 2.2ms
[2021-02-16T19:14:59.731+0600][gc,heap       ] GC(17) Eden regions: 107->0(63)
[2021-02-16T19:14:59.731+0600][gc,heap       ] GC(17) Survivor regions: 5->10(14)
[2021-02-16T19:14:59.731+0600][gc,heap       ] GC(17) Old regions: 64->64
[2021-02-16T19:14:59.731+0600][gc,heap       ] GC(17) Humongous regions: 129->129
[2021-02-16T19:14:59.731+0600][gc,metaspace  ] GC(17) Metaspace: 48680K->48680K(1093632K)
[2021-02-16T19:14:59.731+0600][gc            ] GC(17) Pause Young (Normal) (G1 Evacuation Pause) 303M->202M(1024M) 16.508ms
[2021-02-16T19:14:59.731+0600][gc,cpu        ] GC(17) User=0.06s Sys=0.03s Real=0.02s
[2021-02-16T19:20:10.289+0600][gc,start      ] GC(18) Pause Young (Normal) (G1 Evacuation Pause)
[2021-02-16T19:20:10.289+0600][gc,task       ] GC(18) Using 8 workers of 8 for evacuation
[2021-02-16T19:20:10.303+0600][gc,phases     ] GC(18)   Pre Evacuate Collection Set: 0.0ms
[2021-02-16T19:20:10.303+0600][gc,phases     ] GC(18)   Evacuate Collection Set: 12.9ms
[2021-02-16T19:20:10.303+0600][gc,phases     ] GC(18)   Post Evacuate Collection Set: 0.3ms
[2021-02-16T19:20:10.303+0600][gc,phases     ] GC(18)   Other: 0.2ms
[2021-02-16T19:20:10.303+0600][gc,heap       ] GC(18) Eden regions: 63->0(85)
[2021-02-16T19:20:10.303+0600][gc,heap       ] GC(18) Survivor regions: 10->6(10)
[2021-02-16T19:20:10.303+0600][gc,heap       ] GC(18) Old regions: 64->73
[2021-02-16T19:20:10.303+0600][gc,heap       ] GC(18) Humongous regions: 129->129
[2021-02-16T19:20:10.303+0600][gc,metaspace  ] GC(18) Metaspace: 48682K->48682K(1093632K)
[2021-02-16T19:20:10.303+0600][gc            ] GC(18) Pause Young (Normal) (G1 Evacuation Pause) 265M->207M(1024M) 13.610ms
[2021-02-16T19:20:10.303+0600][gc,cpu        ] GC(18) User=0.06s Sys=0.01s Real=0.02s
[2021-02-16T19:24:47.927+0600][gc,start      ] GC(19) Pause Young (Normal) (G1 Evacuation Pause)
[2021-02-16T19:24:47.927+0600][gc,task       ] GC(19) Using 8 workers of 8 for evacuation
[2021-02-16T19:24:47.950+0600][gc,mmu        ] GC(19) MMU target violated: 21.0ms (20.0ms/21.0ms)
[2021-02-16T19:24:47.950+0600][gc,phases     ] GC(19)   Pre Evacuate Collection Set: 0.0ms
[2021-02-16T19:24:47.950+0600][gc,phases     ] GC(19)   Evacuate Collection Set: 21.5ms
[2021-02-16T19:24:47.950+0600][gc,phases     ] GC(19)   Post Evacuate Collection Set: 0.5ms
[2021-02-16T19:24:47.950+0600][gc,phases     ] GC(19)   Other: 0.7ms
[2021-02-16T19:24:47.950+0600][gc,heap       ] GC(19) Eden regions: 64->0(83)
[2021-02-16T19:24:47.950+0600][gc,heap       ] GC(19) Survivor regions: 6->5(9)
[2021-02-16T19:24:47.950+0600][gc,heap       ] GC(19) Old regions: 73->79
[2021-02-16T19:24:47.950+0600][gc,heap       ] GC(19) Humongous regions: 129->129
[2021-02-16T19:24:47.950+0600][gc,metaspace  ] GC(19) Metaspace: 49548K->49548K(1093632K)
[2021-02-16T19:24:47.950+0600][gc            ] GC(19) Pause Young (Normal) (G1 Evacuation Pause) 271M->212M(1024M) 22.856ms
[2021-02-16T19:24:47.950+0600][gc,cpu        ] GC(19) User=0.06s Sys=0.00s Real=0.03s
[2021-02-16T19:24:52.789+0600][gc,heap,exit  ] Heap
[2021-02-16T19:24:52.789+0600][gc,heap,exit  ]  garbage-first heap   total 1048576K, used 226505K [0x00000007c0000000, 0x0000000800000000)
[2021-02-16T19:24:52.789+0600][gc,heap,exit  ]   region size 1024K, 15 young (15360K), 5 survivors (5120K)
[2021-02-16T19:24:52.789+0600][gc,heap,exit  ]  Metaspace       used 50000K, capacity 52273K, committed 52528K, reserved 1095680K
[2021-02-16T19:24:52.789+0600][gc,heap,exit  ]   class space    used 5889K, capacity 6946K, committed 7040K, reserved 1048576K
