[2021-02-16T17:42:01.973+0600][gc,heap] Heap region size: 1M
[2021-02-16T17:42:01.981+0600][gc     ] Using G1
[2021-02-16T17:42:01.981+0600][gc,heap,coops] Heap address: 0x00000007c0000000, size: 1024 MB, Compressed Oops mode: Zero based, Oop shift amount: 3
[2021-02-16T17:42:02.754+0600][gc,start     ] GC(0) Pause Young (Concurrent Start) (Metadata GC Threshold)
[2021-02-16T17:42:02.754+0600][gc,task      ] GC(0) Using 8 workers of 8 for evacuation
[2021-02-16T17:42:02.762+0600][gc,phases    ] GC(0)   Pre Evacuate Collection Set: 0.0ms
[2021-02-16T17:42:02.762+0600][gc,phases    ] GC(0)   Evacuate Collection Set: 6.7ms
[2021-02-16T17:42:02.762+0600][gc,phases    ] GC(0)   Post Evacuate Collection Set: 0.4ms
[2021-02-16T17:42:02.762+0600][gc,phases    ] GC(0)   Other: 0.6ms
[2021-02-16T17:42:02.762+0600][gc,heap      ] GC(0) Eden regions: 42->0(44)
[2021-02-16T17:42:02.762+0600][gc,heap      ] GC(0) Survivor regions: 0->7(7)
[2021-02-16T17:42:02.762+0600][gc,heap      ] GC(0) Old regions: 0->0
[2021-02-16T17:42:02.762+0600][gc,heap      ] GC(0) Humongous regions: 0->0
[2021-02-16T17:42:02.762+0600][gc,metaspace ] GC(0) Metaspace: 20638K->20638K(1069056K)
[2021-02-16T17:42:02.762+0600][gc           ] GC(0) Pause Young (Concurrent Start) (Metadata GC Threshold) 41M->6M(1024M) 7.830ms
[2021-02-16T17:42:02.762+0600][gc,cpu       ] GC(0) User=0.02s Sys=0.00s Real=0.01s
[2021-02-16T17:42:02.762+0600][gc           ] GC(1) Concurrent Cycle
[2021-02-16T17:42:02.762+0600][gc,marking   ] GC(1) Concurrent Clear Claimed Marks
[2021-02-16T17:42:02.762+0600][gc,marking   ] GC(1) Concurrent Clear Claimed Marks 0.024ms
[2021-02-16T17:42:02.762+0600][gc,marking   ] GC(1) Concurrent Scan Root Regions
[2021-02-16T17:42:02.764+0600][gc,marking   ] GC(1) Concurrent Scan Root Regions 1.668ms
[2021-02-16T17:42:02.764+0600][gc,marking   ] GC(1) Concurrent Mark (0.798s)
[2021-02-16T17:42:02.764+0600][gc,marking   ] GC(1) Concurrent Mark From Roots
[2021-02-16T17:42:02.764+0600][gc,task      ] GC(1) Using 2 workers of 2 for marking
[2021-02-16T17:42:02.764+0600][gc,marking   ] GC(1) Concurrent Mark From Roots 0.164ms
[2021-02-16T17:42:02.764+0600][gc,marking   ] GC(1) Concurrent Preclean
[2021-02-16T17:42:02.764+0600][gc,marking   ] GC(1) Concurrent Preclean 0.028ms
[2021-02-16T17:42:02.764+0600][gc,marking   ] GC(1) Concurrent Mark (0.798s, 0.798s) 0.239ms
[2021-02-16T17:42:02.764+0600][gc,start     ] GC(1) Pause Remark
[2021-02-16T17:42:02.766+0600][gc,stringtable] GC(1) Cleaned string and symbol table, strings: 7428 processed, 0 removed, symbols: 63245 processed, 31 removed
[2021-02-16T17:42:02.766+0600][gc            ] GC(1) Pause Remark 7M->7M(1024M) 2.007ms
[2021-02-16T17:42:02.766+0600][gc,cpu        ] GC(1) User=0.01s Sys=0.00s Real=0.00s
[2021-02-16T17:42:02.766+0600][gc,marking    ] GC(1) Concurrent Rebuild Remembered Sets
[2021-02-16T17:42:02.766+0600][gc,marking    ] GC(1) Concurrent Rebuild Remembered Sets 0.076ms
[2021-02-16T17:42:02.766+0600][gc,start      ] GC(1) Pause Cleanup
[2021-02-16T17:42:02.767+0600][gc            ] GC(1) Pause Cleanup 7M->7M(1024M) 0.112ms
[2021-02-16T17:42:02.767+0600][gc,cpu        ] GC(1) User=0.00s Sys=0.00s Real=0.00s
[2021-02-16T17:42:02.767+0600][gc,marking    ] GC(1) Concurrent Cleanup for Next Mark
[2021-02-16T17:42:02.772+0600][gc,marking    ] GC(1) Concurrent Cleanup for Next Mark 5.250ms
[2021-02-16T17:42:02.772+0600][gc            ] GC(1) Concurrent Cycle 9.783ms
[2021-02-16T17:42:03.722+0600][gc,start      ] GC(2) Pause Young (Normal) (G1 Evacuation Pause)
[2021-02-16T17:42:03.722+0600][gc,task       ] GC(2) Using 8 workers of 8 for evacuation
[2021-02-16T17:42:03.728+0600][gc,phases     ] GC(2)   Pre Evacuate Collection Set: 0.0ms
[2021-02-16T17:42:03.728+0600][gc,phases     ] GC(2)   Evacuate Collection Set: 5.5ms
[2021-02-16T17:42:03.728+0600][gc,phases     ] GC(2)   Post Evacuate Collection Set: 0.4ms
[2021-02-16T17:42:03.728+0600][gc,phases     ] GC(2)   Other: 0.2ms
[2021-02-16T17:42:03.728+0600][gc,heap       ] GC(2) Eden regions: 44->0(49)
[2021-02-16T17:42:03.728+0600][gc,heap       ] GC(2) Survivor regions: 7->2(7)
[2021-02-16T17:42:03.728+0600][gc,heap       ] GC(2) Old regions: 0->7
[2021-02-16T17:42:03.728+0600][gc,heap       ] GC(2) Humongous regions: 129->129
[2021-02-16T17:42:03.728+0600][gc,metaspace  ] GC(2) Metaspace: 30198K->30198K(1077248K)
[2021-02-16T17:42:03.728+0600][gc            ] GC(2) Pause Young (Normal) (G1 Evacuation Pause) 179M->137M(1024M) 6.145ms
[2021-02-16T17:42:03.728+0600][gc,cpu        ] GC(2) User=0.03s Sys=0.01s Real=0.00s
[2021-02-16T17:42:03.972+0600][gc,start      ] GC(3) Pause Young (Concurrent Start) (Metadata GC Threshold)
[2021-02-16T17:42:03.972+0600][gc,task       ] GC(3) Using 8 workers of 8 for evacuation
[2021-02-16T17:42:03.975+0600][gc,phases     ] GC(3)   Pre Evacuate Collection Set: 0.1ms
[2021-02-16T17:42:03.975+0600][gc,phases     ] GC(3)   Evacuate Collection Set: 1.9ms
[2021-02-16T17:42:03.975+0600][gc,phases     ] GC(3)   Post Evacuate Collection Set: 0.4ms
[2021-02-16T17:42:03.975+0600][gc,phases     ] GC(3)   Other: 0.2ms
[2021-02-16T17:42:03.975+0600][gc,heap       ] GC(3) Eden regions: 23->0(47)
[2021-02-16T17:42:03.975+0600][gc,heap       ] GC(3) Survivor regions: 2->4(7)
[2021-02-16T17:42:03.975+0600][gc,heap       ] GC(3) Old regions: 7->7
[2021-02-16T17:42:03.975+0600][gc,heap       ] GC(3) Humongous regions: 129->129
[2021-02-16T17:42:03.975+0600][gc,metaspace  ] GC(3) Metaspace: 34684K->34684K(1081344K)
[2021-02-16T17:42:03.975+0600][gc            ] GC(3) Pause Young (Concurrent Start) (Metadata GC Threshold) 159M->139M(1024M) 2.598ms
[2021-02-16T17:42:03.975+0600][gc,cpu        ] GC(3) User=0.02s Sys=0.00s Real=0.00s
[2021-02-16T17:42:03.975+0600][gc            ] GC(4) Concurrent Cycle
[2021-02-16T17:42:03.975+0600][gc,marking    ] GC(4) Concurrent Clear Claimed Marks
[2021-02-16T17:42:03.975+0600][gc,marking    ] GC(4) Concurrent Clear Claimed Marks 0.051ms
[2021-02-16T17:42:03.975+0600][gc,marking    ] GC(4) Concurrent Scan Root Regions
[2021-02-16T17:42:03.977+0600][gc,marking    ] GC(4) Concurrent Scan Root Regions 1.764ms
[2021-02-16T17:42:03.977+0600][gc,marking    ] GC(4) Concurrent Mark (2.011s)
[2021-02-16T17:42:03.977+0600][gc,marking    ] GC(4) Concurrent Mark From Roots
[2021-02-16T17:42:03.977+0600][gc,task       ] GC(4) Using 2 workers of 2 for marking
[2021-02-16T17:42:03.982+0600][gc,marking    ] GC(4) Concurrent Mark From Roots 5.004ms
[2021-02-16T17:42:03.982+0600][gc,marking    ] GC(4) Concurrent Preclean
[2021-02-16T17:42:03.982+0600][gc,marking    ] GC(4) Concurrent Preclean 0.090ms
[2021-02-16T17:42:03.982+0600][gc,marking    ] GC(4) Concurrent Mark (2.011s, 2.016s) 5.171ms
[2021-02-16T17:42:03.982+0600][gc,start      ] GC(4) Pause Remark
[2021-02-16T17:42:03.984+0600][gc,stringtable] GC(4) Cleaned string and symbol table, strings: 11437 processed, 7 removed, symbols: 93786 processed, 17 removed
[2021-02-16T17:42:03.985+0600][gc            ] GC(4) Pause Remark 139M->139M(1024M) 2.402ms
[2021-02-16T17:42:03.985+0600][gc,cpu        ] GC(4) User=0.02s Sys=0.00s Real=0.00s
[2021-02-16T17:42:03.985+0600][gc,marking    ] GC(4) Concurrent Rebuild Remembered Sets
[2021-02-16T17:42:03.988+0600][gc,marking    ] GC(4) Concurrent Rebuild Remembered Sets 2.971ms
[2021-02-16T17:42:03.988+0600][gc,start      ] GC(4) Pause Cleanup
[2021-02-16T17:42:03.988+0600][gc            ] GC(4) Pause Cleanup 140M->140M(1024M) 0.147ms
[2021-02-16T17:42:03.988+0600][gc,cpu        ] GC(4) User=0.00s Sys=0.00s Real=0.00s
[2021-02-16T17:42:03.988+0600][gc,marking    ] GC(4) Concurrent Cleanup for Next Mark
[2021-02-16T17:42:03.994+0600][gc,marking    ] GC(4) Concurrent Cleanup for Next Mark 5.917ms
[2021-02-16T17:42:03.994+0600][gc            ] GC(4) Concurrent Cycle 19.021ms
[2021-02-16T17:43:20.376+0600][gc,start      ] GC(5) Pause Young (Normal) (G1 Evacuation Pause)
[2021-02-16T17:43:20.377+0600][gc,task       ] GC(5) Using 8 workers of 8 for evacuation
[2021-02-16T17:43:20.387+0600][gc,phases     ] GC(5)   Pre Evacuate Collection Set: 0.1ms
[2021-02-16T17:43:20.387+0600][gc,phases     ] GC(5)   Evacuate Collection Set: 9.0ms
[2021-02-16T17:43:20.387+0600][gc,phases     ] GC(5)   Post Evacuate Collection Set: 1.0ms
[2021-02-16T17:43:20.387+0600][gc,phases     ] GC(5)   Other: 0.4ms
[2021-02-16T17:43:20.387+0600][gc,heap       ] GC(5) Eden regions: 47->0(44)
[2021-02-16T17:43:20.387+0600][gc,heap       ] GC(5) Survivor regions: 4->7(7)
[2021-02-16T17:43:20.387+0600][gc,heap       ] GC(5) Old regions: 7->7
[2021-02-16T17:43:20.387+0600][gc,heap       ] GC(5) Humongous regions: 129->129
[2021-02-16T17:43:20.387+0600][gc,metaspace  ] GC(5) Metaspace: 44409K->44409K(1089536K)
[2021-02-16T17:43:20.387+0600][gc            ] GC(5) Pause Young (Normal) (G1 Evacuation Pause) 186M->142M(1024M) 10.663ms
[2021-02-16T17:43:20.387+0600][gc,cpu        ] GC(5) User=0.03s Sys=0.01s Real=0.01s
[2021-02-16T17:48:57.292+0600][gc,start      ] GC(6) Pause Young (Normal) (G1 Evacuation Pause)
[2021-02-16T17:48:57.297+0600][gc,task       ] GC(6) Using 8 workers of 8 for evacuation
[2021-02-16T17:48:57.305+0600][gc,phases     ] GC(6)   Pre Evacuate Collection Set: 0.0ms
[2021-02-16T17:48:57.305+0600][gc,phases     ] GC(6)   Evacuate Collection Set: 7.0ms
[2021-02-16T17:48:57.305+0600][gc,phases     ] GC(6)   Post Evacuate Collection Set: 0.7ms
[2021-02-16T17:48:57.305+0600][gc,phases     ] GC(6)   Other: 5.9ms
[2021-02-16T17:48:57.305+0600][gc,heap       ] GC(6) Eden regions: 44->0(45)
[2021-02-16T17:48:57.305+0600][gc,heap       ] GC(6) Survivor regions: 7->6(7)
[2021-02-16T17:48:57.305+0600][gc,heap       ] GC(6) Old regions: 7->11
[2021-02-16T17:48:57.305+0600][gc,heap       ] GC(6) Humongous regions: 129->129
[2021-02-16T17:48:57.305+0600][gc,metaspace  ] GC(6) Metaspace: 46565K->46565K(1091584K)
[2021-02-16T17:48:57.305+0600][gc            ] GC(6) Pause Young (Normal) (G1 Evacuation Pause) 186M->144M(1024M) 13.705ms
[2021-02-16T17:48:57.305+0600][gc,cpu        ] GC(6) User=0.06s Sys=0.01s Real=0.01s
[2021-02-16T17:54:42.982+0600][gc,start      ] GC(7) Pause Young (Normal) (G1 Evacuation Pause)
[2021-02-16T17:54:42.988+0600][gc,task       ] GC(7) Using 8 workers of 8 for evacuation
[2021-02-16T17:54:42.995+0600][gc,phases     ] GC(7)   Pre Evacuate Collection Set: 0.0ms
[2021-02-16T17:54:42.995+0600][gc,phases     ] GC(7)   Evacuate Collection Set: 5.8ms
[2021-02-16T17:54:42.995+0600][gc,phases     ] GC(7)   Post Evacuate Collection Set: 0.4ms
[2021-02-16T17:54:42.995+0600][gc,phases     ] GC(7)   Other: 6.3ms
[2021-02-16T17:54:42.995+0600][gc,heap       ] GC(7) Eden regions: 45->0(47)
[2021-02-16T17:54:42.995+0600][gc,heap       ] GC(7) Survivor regions: 6->4(7)
[2021-02-16T17:54:42.995+0600][gc,heap       ] GC(7) Old regions: 11->13
[2021-02-16T17:54:42.995+0600][gc,heap       ] GC(7) Humongous regions: 129->129
[2021-02-16T17:54:42.995+0600][gc,metaspace  ] GC(7) Metaspace: 46662K->46662K(1091584K)
[2021-02-16T17:54:42.995+0600][gc            ] GC(7) Pause Young (Normal) (G1 Evacuation Pause) 189M->145M(1024M) 12.745ms
[2021-02-16T17:54:42.995+0600][gc,cpu        ] GC(7) User=0.05s Sys=0.00s Real=0.01s
[2021-02-16T18:01:12.816+0600][gc,start      ] GC(8) Pause Young (Normal) (G1 Evacuation Pause)
[2021-02-16T18:01:12.822+0600][gc,task       ] GC(8) Using 8 workers of 8 for evacuation
[2021-02-16T18:01:12.827+0600][gc,phases     ] GC(8)   Pre Evacuate Collection Set: 0.1ms
[2021-02-16T18:01:12.827+0600][gc,phases     ] GC(8)   Evacuate Collection Set: 3.9ms
[2021-02-16T18:01:12.827+0600][gc,phases     ] GC(8)   Post Evacuate Collection Set: 0.3ms
[2021-02-16T18:01:12.827+0600][gc,phases     ] GC(8)   Other: 6.3ms
[2021-02-16T18:01:12.827+0600][gc,heap       ] GC(8) Eden regions: 47->0(47)
[2021-02-16T18:01:12.827+0600][gc,heap       ] GC(8) Survivor regions: 4->4(7)
[2021-02-16T18:01:12.827+0600][gc,heap       ] GC(8) Old regions: 13->13
[2021-02-16T18:01:12.827+0600][gc,heap       ] GC(8) Humongous regions: 129->129
[2021-02-16T18:01:12.827+0600][gc,metaspace  ] GC(8) Metaspace: 46712K->46712K(1091584K)
[2021-02-16T18:01:12.827+0600][gc            ] GC(8) Pause Young (Normal) (G1 Evacuation Pause) 192M->145M(1024M) 10.702ms
[2021-02-16T18:01:12.827+0600][gc,cpu        ] GC(8) User=0.03s Sys=0.00s Real=0.01s
[2021-02-16T18:07:49.626+0600][gc,start      ] GC(9) Pause Young (Normal) (G1 Evacuation Pause)
[2021-02-16T18:07:49.632+0600][gc,task       ] GC(9) Using 8 workers of 8 for evacuation
[2021-02-16T18:07:49.635+0600][gc,phases     ] GC(9)   Pre Evacuate Collection Set: 0.0ms
[2021-02-16T18:07:49.635+0600][gc,phases     ] GC(9)   Evacuate Collection Set: 3.0ms
[2021-02-16T18:07:49.635+0600][gc,phases     ] GC(9)   Post Evacuate Collection Set: 0.4ms
[2021-02-16T18:07:49.635+0600][gc,phases     ] GC(9)   Other: 6.2ms
[2021-02-16T18:07:49.635+0600][gc,heap       ] GC(9) Eden regions: 47->0(48)
[2021-02-16T18:07:49.635+0600][gc,heap       ] GC(9) Survivor regions: 4->3(7)
[2021-02-16T18:07:49.635+0600][gc,heap       ] GC(9) Old regions: 13->13
[2021-02-16T18:07:49.636+0600][gc,heap       ] GC(9) Humongous regions: 129->129
[2021-02-16T18:07:49.636+0600][gc,metaspace  ] GC(9) Metaspace: 46763K->46763K(1091584K)
[2021-02-16T18:07:49.636+0600][gc            ] GC(9) Pause Young (Normal) (G1 Evacuation Pause) 192M->144M(1024M) 9.746ms
[2021-02-16T18:07:49.636+0600][gc,cpu        ] GC(9) User=0.02s Sys=0.00s Real=0.01s
[2021-02-16T18:14:43.654+0600][gc,start      ] GC(10) Pause Young (Normal) (G1 Evacuation Pause)
[2021-02-16T18:14:43.660+0600][gc,task       ] GC(10) Using 8 workers of 8 for evacuation
[2021-02-16T18:14:43.664+0600][gc,phases     ] GC(10)   Pre Evacuate Collection Set: 0.0ms
[2021-02-16T18:14:43.665+0600][gc,phases     ] GC(10)   Evacuate Collection Set: 3.8ms
[2021-02-16T18:14:43.665+0600][gc,phases     ] GC(10)   Post Evacuate Collection Set: 0.6ms
[2021-02-16T18:14:43.665+0600][gc,phases     ] GC(10)   Other: 6.1ms
[2021-02-16T18:14:43.665+0600][gc,heap       ] GC(10) Eden regions: 48->0(76)
[2021-02-16T18:14:43.665+0600][gc,heap       ] GC(10) Survivor regions: 3->4(7)
[2021-02-16T18:14:43.665+0600][gc,heap       ] GC(10) Old regions: 13->13
[2021-02-16T18:14:43.665+0600][gc,heap       ] GC(10) Humongous regions: 129->129
[2021-02-16T18:14:43.665+0600][gc,metaspace  ] GC(10) Metaspace: 46816K->46816K(1091584K)
[2021-02-16T18:14:43.665+0600][gc            ] GC(10) Pause Young (Normal) (G1 Evacuation Pause) 192M->145M(1024M) 10.661ms
[2021-02-16T18:14:43.665+0600][gc,cpu        ] GC(10) User=0.03s Sys=0.00s Real=0.01s
[2021-02-16T18:25:41.341+0600][gc,start      ] GC(11) Pause Young (Normal) (G1 Evacuation Pause)
[2021-02-16T18:25:41.347+0600][gc,task       ] GC(11) Using 8 workers of 8 for evacuation
[2021-02-16T18:25:41.352+0600][gc,phases     ] GC(11)   Pre Evacuate Collection Set: 0.0ms
[2021-02-16T18:25:41.352+0600][gc,phases     ] GC(11)   Evacuate Collection Set: 4.2ms
[2021-02-16T18:25:41.352+0600][gc,phases     ] GC(11)   Post Evacuate Collection Set: 0.4ms
[2021-02-16T18:25:41.352+0600][gc,phases     ] GC(11)   Other: 6.3ms
[2021-02-16T18:25:41.352+0600][gc,heap       ] GC(11) Eden regions: 76->0(610)
[2021-02-16T18:25:41.352+0600][gc,heap       ] GC(11) Survivor regions: 4->4(10)
[2021-02-16T18:25:41.352+0600][gc,heap       ] GC(11) Old regions: 13->13
[2021-02-16T18:25:41.352+0600][gc,heap       ] GC(11) Humongous regions: 129->129
[2021-02-16T18:25:41.352+0600][gc,metaspace  ] GC(11) Metaspace: 46862K->46862K(1091584K)
[2021-02-16T18:25:41.352+0600][gc            ] GC(11) Pause Young (Normal) (G1 Evacuation Pause) 221M->145M(1024M) 11.057ms
[2021-02-16T18:25:41.352+0600][gc,cpu        ] GC(11) User=0.03s Sys=0.01s Real=0.01s
[2021-02-16T19:24:58.442+0600][gc,start      ] GC(12) Pause Young (Normal) (G1 Evacuation Pause)
[2021-02-16T19:24:58.447+0600][gc,task       ] GC(12) Using 8 workers of 8 for evacuation
[2021-02-16T19:24:58.453+0600][gc,phases     ] GC(12)   Pre Evacuate Collection Set: 0.7ms
[2021-02-16T19:24:58.453+0600][gc,phases     ] GC(12)   Evacuate Collection Set: 4.1ms
[2021-02-16T19:24:58.453+0600][gc,phases     ] GC(12)   Post Evacuate Collection Set: 1.1ms
[2021-02-16T19:24:58.453+0600][gc,phases     ] GC(12)   Other: 5.9ms
[2021-02-16T19:24:58.453+0600][gc,heap       ] GC(12) Eden regions: 424->0(611)
[2021-02-16T19:24:58.453+0600][gc,heap       ] GC(12) Survivor regions: 4->3(54)
[2021-02-16T19:24:58.453+0600][gc,heap       ] GC(12) Old regions: 13->13
[2021-02-16T19:24:58.453+0600][gc,heap       ] GC(12) Humongous regions: 129->129
[2021-02-16T19:24:58.453+0600][gc,metaspace  ] GC(12) Metaspace: 47773K->47773K(1093632K)
[2021-02-16T19:24:58.453+0600][gc            ] GC(12) Pause Young (Normal) (G1 Evacuation Pause) 569M->144M(1024M) 11.841ms
[2021-02-16T19:24:58.454+0600][gc,cpu        ] GC(12) User=0.03s Sys=0.01s Real=0.01s
[2021-02-16T19:25:02.828+0600][gc,heap,exit  ] Heap
[2021-02-16T19:25:02.828+0600][gc,heap,exit  ]  garbage-first heap   total 1048576K, used 155190K [0x00000007c0000000, 0x0000000800000000)
[2021-02-16T19:25:02.828+0600][gc,heap,exit  ]   region size 1024K, 11 young (11264K), 3 survivors (3072K)
[2021-02-16T19:25:02.828+0600][gc,heap,exit  ]  Metaspace       used 48126K, capacity 50044K, committed 50224K, reserved 1093632K
[2021-02-16T19:25:02.828+0600][gc,heap,exit  ]   class space    used 5429K, capacity 6267K, committed 6272K, reserved 1048576K
