[2021-02-16T19:27:06.361+0600][gc,heap] Heap region size: 1M
[2021-02-16T19:27:06.370+0600][gc     ] Using G1
[2021-02-16T19:27:06.370+0600][gc,heap,coops] Heap address: 0x00000007c0000000, size: 1024 MB, Compressed Oops mode: Zero based, Oop shift amount: 3
[2021-02-16T19:27:07.202+0600][gc,start     ] GC(0) Pause Young (Concurrent Start) (Metadata GC Threshold)
[2021-02-16T19:27:07.203+0600][gc,task      ] GC(0) Using 8 workers of 8 for evacuation
[2021-02-16T19:27:07.210+0600][gc,phases    ] GC(0)   Pre Evacuate Collection Set: 0.0ms
[2021-02-16T19:27:07.210+0600][gc,phases    ] GC(0)   Evacuate Collection Set: 7.0ms
[2021-02-16T19:27:07.210+0600][gc,phases    ] GC(0)   Post Evacuate Collection Set: 0.3ms
[2021-02-16T19:27:07.210+0600][gc,phases    ] GC(0)   Other: 0.8ms
[2021-02-16T19:27:07.210+0600][gc,heap      ] GC(0) Eden regions: 42->0(44)
[2021-02-16T19:27:07.210+0600][gc,heap      ] GC(0) Survivor regions: 0->7(7)
[2021-02-16T19:27:07.210+0600][gc,heap      ] GC(0) Old regions: 0->0
[2021-02-16T19:27:07.210+0600][gc,heap      ] GC(0) Humongous regions: 0->0
[2021-02-16T19:27:07.210+0600][gc,metaspace ] GC(0) Metaspace: 20632K->20632K(1069056K)
[2021-02-16T19:27:07.210+0600][gc           ] GC(0) Pause Young (Concurrent Start) (Metadata GC Threshold) 41M->6M(1024M) 8.277ms
[2021-02-16T19:27:07.210+0600][gc,cpu       ] GC(0) User=0.02s Sys=0.00s Real=0.01s
[2021-02-16T19:27:07.210+0600][gc           ] GC(1) Concurrent Cycle
[2021-02-16T19:27:07.210+0600][gc,marking   ] GC(1) Concurrent Clear Claimed Marks
[2021-02-16T19:27:07.210+0600][gc,marking   ] GC(1) Concurrent Clear Claimed Marks 0.022ms
[2021-02-16T19:27:07.210+0600][gc,marking   ] GC(1) Concurrent Scan Root Regions
[2021-02-16T19:27:07.212+0600][gc,marking   ] GC(1) Concurrent Scan Root Regions 1.900ms
[2021-02-16T19:27:07.212+0600][gc,marking   ] GC(1) Concurrent Mark (0.858s)
[2021-02-16T19:27:07.212+0600][gc,marking   ] GC(1) Concurrent Mark From Roots
[2021-02-16T19:27:07.212+0600][gc,task      ] GC(1) Using 2 workers of 2 for marking
[2021-02-16T19:27:07.213+0600][gc,marking   ] GC(1) Concurrent Mark From Roots 0.159ms
[2021-02-16T19:27:07.213+0600][gc,marking   ] GC(1) Concurrent Preclean
[2021-02-16T19:27:07.213+0600][gc,marking   ] GC(1) Concurrent Preclean 0.028ms
[2021-02-16T19:27:07.213+0600][gc,marking   ] GC(1) Concurrent Mark (0.858s, 0.859s) 0.239ms
[2021-02-16T19:27:07.213+0600][gc,start     ] GC(1) Pause Remark
[2021-02-16T19:27:07.214+0600][gc,stringtable] GC(1) Cleaned string and symbol table, strings: 7428 processed, 0 removed, symbols: 63245 processed, 31 removed
[2021-02-16T19:27:07.214+0600][gc            ] GC(1) Pause Remark 6M->6M(1024M) 1.390ms
[2021-02-16T19:27:07.214+0600][gc,cpu        ] GC(1) User=0.00s Sys=0.00s Real=0.00s
[2021-02-16T19:27:07.214+0600][gc,marking    ] GC(1) Concurrent Rebuild Remembered Sets
[2021-02-16T19:27:07.214+0600][gc,marking    ] GC(1) Concurrent Rebuild Remembered Sets 0.066ms
[2021-02-16T19:27:07.215+0600][gc,start      ] GC(1) Pause Cleanup
[2021-02-16T19:27:07.216+0600][gc            ] GC(1) Pause Cleanup 6M->6M(1024M) 0.198ms
[2021-02-16T19:27:07.216+0600][gc,cpu        ] GC(1) User=0.00s Sys=0.00s Real=0.00s
[2021-02-16T19:27:07.216+0600][gc,marking    ] GC(1) Concurrent Cleanup for Next Mark
[2021-02-16T19:27:07.222+0600][gc,marking    ] GC(1) Concurrent Cleanup for Next Mark 6.115ms
[2021-02-16T19:27:07.222+0600][gc            ] GC(1) Concurrent Cycle 11.409ms
[2021-02-16T19:27:08.356+0600][gc,start      ] GC(2) Pause Young (Normal) (G1 Evacuation Pause)
[2021-02-16T19:27:08.356+0600][gc,task       ] GC(2) Using 8 workers of 8 for evacuation
[2021-02-16T19:27:08.377+0600][gc,mmu        ] GC(2) MMU target violated: 20.8ms (20.0ms/21.0ms)
[2021-02-16T19:27:08.378+0600][gc,phases     ] GC(2)   Pre Evacuate Collection Set: 0.1ms
[2021-02-16T19:27:08.378+0600][gc,phases     ] GC(2)   Evacuate Collection Set: 18.7ms
[2021-02-16T19:27:08.378+0600][gc,phases     ] GC(2)   Post Evacuate Collection Set: 1.9ms
[2021-02-16T19:27:08.378+0600][gc,phases     ] GC(2)   Other: 0.6ms
[2021-02-16T19:27:08.378+0600][gc,heap       ] GC(2) Eden regions: 44->0(49)
[2021-02-16T19:27:08.378+0600][gc,heap       ] GC(2) Survivor regions: 7->2(7)
[2021-02-16T19:27:08.378+0600][gc,heap       ] GC(2) Old regions: 0->7
[2021-02-16T19:27:08.378+0600][gc,heap       ] GC(2) Humongous regions: 0->0
[2021-02-16T19:27:08.378+0600][gc,metaspace  ] GC(2) Metaspace: 30049K->30049K(1077248K)
[2021-02-16T19:27:08.378+0600][gc            ] GC(2) Pause Young (Normal) (G1 Evacuation Pause) 50M->8M(1024M) 21.550ms
[2021-02-16T19:27:08.378+0600][gc,cpu        ] GC(2) User=0.07s Sys=0.01s Real=0.02s
[2021-02-16T19:27:08.701+0600][gc,start      ] GC(3) Pause Young (Concurrent Start) (Metadata GC Threshold)
[2021-02-16T19:27:08.701+0600][gc,task       ] GC(3) Using 8 workers of 8 for evacuation
[2021-02-16T19:27:08.704+0600][gc,phases     ] GC(3)   Pre Evacuate Collection Set: 0.1ms
[2021-02-16T19:27:08.704+0600][gc,phases     ] GC(3)   Evacuate Collection Set: 2.4ms
[2021-02-16T19:27:08.704+0600][gc,phases     ] GC(3)   Post Evacuate Collection Set: 0.2ms
[2021-02-16T19:27:08.704+0600][gc,phases     ] GC(3)   Other: 0.2ms
[2021-02-16T19:27:08.704+0600][gc,heap       ] GC(3) Eden regions: 22->0(48)
[2021-02-16T19:27:08.704+0600][gc,heap       ] GC(3) Survivor regions: 2->3(7)
[2021-02-16T19:27:08.704+0600][gc,heap       ] GC(3) Old regions: 7->7
[2021-02-16T19:27:08.704+0600][gc,heap       ] GC(3) Humongous regions: 129->129
[2021-02-16T19:27:08.704+0600][gc,metaspace  ] GC(3) Metaspace: 34895K->34895K(1081344K)
[2021-02-16T19:27:08.704+0600][gc            ] GC(3) Pause Young (Concurrent Start) (Metadata GC Threshold) 159M->138M(1024M) 2.920ms
[2021-02-16T19:27:08.704+0600][gc,cpu        ] GC(3) User=0.01s Sys=0.00s Real=0.00s
[2021-02-16T19:27:08.704+0600][gc            ] GC(4) Concurrent Cycle
[2021-02-16T19:27:08.704+0600][gc,marking    ] GC(4) Concurrent Clear Claimed Marks
[2021-02-16T19:27:08.704+0600][gc,marking    ] GC(4) Concurrent Clear Claimed Marks 0.022ms
[2021-02-16T19:27:08.704+0600][gc,marking    ] GC(4) Concurrent Scan Root Regions
[2021-02-16T19:27:08.705+0600][gc,marking    ] GC(4) Concurrent Scan Root Regions 1.245ms
[2021-02-16T19:27:08.705+0600][gc,marking    ] GC(4) Concurrent Mark (2.352s)
[2021-02-16T19:27:08.705+0600][gc,marking    ] GC(4) Concurrent Mark From Roots
[2021-02-16T19:27:08.705+0600][gc,task       ] GC(4) Using 2 workers of 2 for marking
[2021-02-16T19:27:08.709+0600][gc,marking    ] GC(4) Concurrent Mark From Roots 3.866ms
[2021-02-16T19:27:08.709+0600][gc,marking    ] GC(4) Concurrent Preclean
[2021-02-16T19:27:08.709+0600][gc,marking    ] GC(4) Concurrent Preclean 0.053ms
[2021-02-16T19:27:08.709+0600][gc,marking    ] GC(4) Concurrent Mark (2.352s, 2.355s) 3.971ms
[2021-02-16T19:27:08.710+0600][gc,start      ] GC(4) Pause Remark
[2021-02-16T19:27:08.711+0600][gc,stringtable] GC(4) Cleaned string and symbol table, strings: 10822 processed, 8 removed, symbols: 95834 processed, 12 removed
[2021-02-16T19:27:08.711+0600][gc            ] GC(4) Pause Remark 139M->139M(1024M) 1.636ms
[2021-02-16T19:27:08.711+0600][gc,cpu        ] GC(4) User=0.01s Sys=0.00s Real=0.00s
[2021-02-16T19:27:08.711+0600][gc,marking    ] GC(4) Concurrent Rebuild Remembered Sets
[2021-02-16T19:27:08.714+0600][gc,marking    ] GC(4) Concurrent Rebuild Remembered Sets 2.511ms
[2021-02-16T19:27:08.714+0600][gc,start      ] GC(4) Pause Cleanup
[2021-02-16T19:27:08.714+0600][gc            ] GC(4) Pause Cleanup 139M->139M(1024M) 0.248ms
[2021-02-16T19:27:08.714+0600][gc,cpu        ] GC(4) User=0.00s Sys=0.00s Real=0.00s
[2021-02-16T19:27:08.714+0600][gc,marking    ] GC(4) Concurrent Cleanup for Next Mark
[2021-02-16T19:27:08.720+0600][gc,marking    ] GC(4) Concurrent Cleanup for Next Mark 5.800ms
[2021-02-16T19:27:08.720+0600][gc            ] GC(4) Concurrent Cycle 16.127ms
[2021-02-16T19:27:09.498+0600][gc,start      ] GC(5) Pause Young (Normal) (G1 Evacuation Pause)
[2021-02-16T19:27:09.498+0600][gc,task       ] GC(5) Using 8 workers of 8 for evacuation
[2021-02-16T19:27:09.505+0600][gc,phases     ] GC(5)   Pre Evacuate Collection Set: 0.0ms
[2021-02-16T19:27:09.505+0600][gc,phases     ] GC(5)   Evacuate Collection Set: 6.3ms
[2021-02-16T19:27:09.505+0600][gc,phases     ] GC(5)   Post Evacuate Collection Set: 0.6ms
[2021-02-16T19:27:09.505+0600][gc,phases     ] GC(5)   Other: 0.2ms
[2021-02-16T19:27:09.505+0600][gc,heap       ] GC(5) Eden regions: 48->0(44)
[2021-02-16T19:27:09.505+0600][gc,heap       ] GC(5) Survivor regions: 3->7(7)
[2021-02-16T19:27:09.505+0600][gc,heap       ] GC(5) Old regions: 7->7
[2021-02-16T19:27:09.505+0600][gc,heap       ] GC(5) Humongous regions: 129->129
[2021-02-16T19:27:09.505+0600][gc,metaspace  ] GC(5) Metaspace: 43751K->43751K(1089536K)
[2021-02-16T19:27:09.505+0600][gc            ] GC(5) Pause Young (Normal) (G1 Evacuation Pause) 186M->142M(1024M) 7.386ms
[2021-02-16T19:27:09.505+0600][gc,cpu        ] GC(5) User=0.04s Sys=0.00s Real=0.01s
[2021-02-16T19:27:47.455+0600][gc,start      ] GC(6) Pause Young (Normal) (G1 Evacuation Pause)
[2021-02-16T19:27:47.455+0600][gc,task       ] GC(6) Using 8 workers of 8 for evacuation
[2021-02-16T19:27:47.464+0600][gc,phases     ] GC(6)   Pre Evacuate Collection Set: 0.0ms
[2021-02-16T19:27:47.464+0600][gc,phases     ] GC(6)   Evacuate Collection Set: 8.5ms
[2021-02-16T19:27:47.464+0600][gc,phases     ] GC(6)   Post Evacuate Collection Set: 0.6ms
[2021-02-16T19:27:47.464+0600][gc,phases     ] GC(6)   Other: 0.2ms
[2021-02-16T19:27:47.464+0600][gc,heap       ] GC(6) Eden regions: 44->0(48)
[2021-02-16T19:27:47.464+0600][gc,heap       ] GC(6) Survivor regions: 7->3(7)
[2021-02-16T19:27:47.464+0600][gc,heap       ] GC(6) Old regions: 7->13
[2021-02-16T19:27:47.464+0600][gc,heap       ] GC(6) Humongous regions: 141->129
[2021-02-16T19:27:47.464+0600][gc,metaspace  ] GC(6) Metaspace: 47386K->47386K(1091584K)
[2021-02-16T19:27:47.464+0600][gc            ] GC(6) Pause Young (Normal) (G1 Evacuation Pause) 198M->144M(1024M) 9.442ms
[2021-02-16T19:27:47.464+0600][gc,cpu        ] GC(6) User=0.05s Sys=0.01s Real=0.01s
[2021-02-16T19:30:19.806+0600][gc,start      ] GC(7) Pause Young (Normal) (G1 Evacuation Pause)
[2021-02-16T19:30:19.808+0600][gc,task       ] GC(7) Using 8 workers of 8 for evacuation
[2021-02-16T19:30:19.813+0600][gc,phases     ] GC(7)   Pre Evacuate Collection Set: 0.1ms
[2021-02-16T19:30:19.813+0600][gc,phases     ] GC(7)   Evacuate Collection Set: 4.2ms
[2021-02-16T19:30:19.813+0600][gc,phases     ] GC(7)   Post Evacuate Collection Set: 0.4ms
[2021-02-16T19:30:19.813+0600][gc,phases     ] GC(7)   Other: 2.3ms
[2021-02-16T19:30:19.813+0600][gc,heap       ] GC(7) Eden regions: 48->0(47)
[2021-02-16T19:30:19.813+0600][gc,heap       ] GC(7) Survivor regions: 3->4(7)
[2021-02-16T19:30:19.813+0600][gc,heap       ] GC(7) Old regions: 13->13
[2021-02-16T19:30:19.813+0600][gc,heap       ] GC(7) Humongous regions: 129->129
[2021-02-16T19:30:19.813+0600][gc,metaspace  ] GC(7) Metaspace: 47841K->47841K(1093632K)
[2021-02-16T19:30:19.813+0600][gc            ] GC(7) Pause Young (Normal) (G1 Evacuation Pause) 192M->145M(1024M) 7.094ms
[2021-02-16T19:30:19.813+0600][gc,cpu        ] GC(7) User=0.04s Sys=0.00s Real=0.01s
