[2021-02-16T15:01:47.322+0600][gc,heap] Heap region size: 1M
[2021-02-16T15:01:47.327+0600][gc     ] Using G1
[2021-02-16T15:01:47.327+0600][gc,heap,coops] Heap address: 0x00000007e0000000, size: 512 MB, Compressed Oops mode: Zero based, Oop shift amount: 3
[2021-02-16T15:02:00.377+0600][gc,start     ] GC(0) Pause Young (Normal) (G1 Evacuation Pause)
[2021-02-16T15:02:00.378+0600][gc,task      ] GC(0) Using 8 workers of 8 for evacuation
[2021-02-16T15:02:00.383+0600][gc,phases    ] GC(0)   Pre Evacuate Collection Set: 0.0ms
[2021-02-16T15:02:00.383+0600][gc,phases    ] GC(0)   Evacuate Collection Set: 4.8ms
[2021-02-16T15:02:00.383+0600][gc,phases    ] GC(0)   Post Evacuate Collection Set: 0.4ms
[2021-02-16T15:02:00.383+0600][gc,phases    ] GC(0)   Other: 0.5ms
[2021-02-16T15:02:00.383+0600][gc,heap      ] GC(0) Eden regions: 25->0(21)
[2021-02-16T15:02:00.383+0600][gc,heap      ] GC(0) Survivor regions: 0->4(4)
[2021-02-16T15:02:00.383+0600][gc,heap      ] GC(0) Old regions: 0->2
[2021-02-16T15:02:00.383+0600][gc,heap      ] GC(0) Humongous regions: 0->0
[2021-02-16T15:02:00.383+0600][gc,metaspace ] GC(0) Metaspace: 15225K->15225K(1062912K)
[2021-02-16T15:02:00.383+0600][gc           ] GC(0) Pause Young (Normal) (G1 Evacuation Pause) 25M->5M(512M) 5.948ms
[2021-02-16T15:02:00.383+0600][gc,cpu       ] GC(0) User=0.03s Sys=0.01s Real=0.01s
[2021-02-16T15:20:17.964+0600][gc,heap,exit ] Heap
[2021-02-16T15:20:17.971+0600][gc,heap,exit ]  garbage-first heap   total 524288K, used 19111K [0x00000007e0000000, 0x0000000800000000)
[2021-02-16T15:20:17.971+0600][gc,heap,exit ]   region size 1024K, 18 young (18432K), 4 survivors (4096K)
[2021-02-16T15:20:17.971+0600][gc,heap,exit ]  Metaspace       used 16095K, capacity 16442K, committed 16896K, reserved 1064960K
[2021-02-16T15:20:17.971+0600][gc,heap,exit ]   class space    used 1586K, capacity 1710K, committed 1792K, reserved 1048576K
