[2021-02-16T13:53:47.434+0600][gc,heap] Heap region size: 1M
[2021-02-16T13:53:47.438+0600][gc     ] Using G1
[2021-02-16T13:53:47.438+0600][gc,heap,coops] Heap address: 0x00000007e0000000, size: 512 MB, Compressed Oops mode: Zero based, Oop shift amount: 3
[2021-02-16T13:53:48.484+0600][gc,start     ] GC(0) Pause Young (Normal) (G1 Evacuation Pause)
[2021-02-16T13:53:48.484+0600][gc,task      ] GC(0) Using 8 workers of 8 for evacuation
[2021-02-16T13:53:48.489+0600][gc,phases    ] GC(0)   Pre Evacuate Collection Set: 0.0ms
[2021-02-16T13:53:48.489+0600][gc,phases    ] GC(0)   Evacuate Collection Set: 4.1ms
[2021-02-16T13:53:48.489+0600][gc,phases    ] GC(0)   Post Evacuate Collection Set: 0.3ms
[2021-02-16T13:53:48.489+0600][gc,phases    ] GC(0)   Other: 0.5ms
[2021-02-16T13:53:48.489+0600][gc,heap      ] GC(0) Eden regions: 25->0(21)
[2021-02-16T13:53:48.489+0600][gc,heap      ] GC(0) Survivor regions: 0->4(4)
[2021-02-16T13:53:48.489+0600][gc,heap      ] GC(0) Old regions: 0->2
[2021-02-16T13:53:48.489+0600][gc,heap      ] GC(0) Humongous regions: 0->0
[2021-02-16T13:53:48.489+0600][gc,metaspace ] GC(0) Metaspace: 15314K->15314K(1062912K)
[2021-02-16T13:53:48.489+0600][gc           ] GC(0) Pause Young (Normal) (G1 Evacuation Pause) 25M->5M(512M) 5.045ms
[2021-02-16T13:53:48.489+0600][gc,cpu       ] GC(0) User=0.03s Sys=0.01s Real=0.00s
[2021-02-16T13:53:58.862+0600][gc,heap,exit ] Heap
[2021-02-16T13:53:58.862+0600][gc,heap,exit ]  garbage-first heap   total 524288K, used 9016K [0x00000007e0000000, 0x0000000800000000)
[2021-02-16T13:53:58.862+0600][gc,heap,exit ]   region size 1024K, 8 young (8192K), 4 survivors (4096K)
[2021-02-16T13:53:58.862+0600][gc,heap,exit ]  Metaspace       used 15440K, capacity 15802K, committed 16128K, reserved 1062912K
[2021-02-16T13:53:58.862+0600][gc,heap,exit ]   class space    used 1564K, capacity 1710K, committed 1792K, reserved 1048576K
