[2021-02-13T18:39:01.644+0600][gc,heap] Heap region size: 1M
[2021-02-13T18:39:01.649+0600][gc     ] Using G1
[2021-02-13T18:39:01.649+0600][gc,heap,coops] Heap address: 0x00000007e0000000, size: 512 MB, Compressed Oops mode: Zero based, Oop shift amount: 3
[2021-02-13T18:39:31.691+0600][gc,start     ] GC(0) Pause Young (Normal) (G1 Evacuation Pause)
[2021-02-13T18:39:31.691+0600][gc,task      ] GC(0) Using 8 workers of 8 for evacuation
[2021-02-13T18:39:31.697+0600][gc,phases    ] GC(0)   Pre Evacuate Collection Set: 0.0ms
[2021-02-13T18:39:31.697+0600][gc,phases    ] GC(0)   Evacuate Collection Set: 4.5ms
[2021-02-13T18:39:31.697+0600][gc,phases    ] GC(0)   Post Evacuate Collection Set: 0.5ms
[2021-02-13T18:39:31.697+0600][gc,phases    ] GC(0)   Other: 0.5ms
[2021-02-13T18:39:31.697+0600][gc,heap      ] GC(0) Eden regions: 25->0(21)
[2021-02-13T18:39:31.697+0600][gc,heap      ] GC(0) Survivor regions: 0->4(4)
[2021-02-13T18:39:31.697+0600][gc,heap      ] GC(0) Old regions: 0->2
[2021-02-13T18:39:31.697+0600][gc,heap      ] GC(0) Humongous regions: 0->0
[2021-02-13T18:39:31.697+0600][gc,metaspace ] GC(0) Metaspace: 15240K->15240K(1062912K)
[2021-02-13T18:39:31.697+0600][gc           ] GC(0) Pause Young (Normal) (G1 Evacuation Pause) 25M->5M(512M) 5.675ms
[2021-02-13T18:39:31.697+0600][gc,cpu       ] GC(0) User=0.03s Sys=0.01s Real=0.00s
[2021-02-14T01:06:10.040+0600][gc,start     ] GC(1) Pause Young (Normal) (G1 Evacuation Pause)
[2021-02-14T01:06:10.040+0600][gc,task      ] GC(1) Using 8 workers of 8 for evacuation
[2021-02-14T01:06:10.057+0600][gc,phases    ] GC(1)   Pre Evacuate Collection Set: 0.8ms
[2021-02-14T01:06:10.057+0600][gc,phases    ] GC(1)   Evacuate Collection Set: 15.2ms
[2021-02-14T01:06:10.057+0600][gc,phases    ] GC(1)   Post Evacuate Collection Set: 0.3ms
[2021-02-14T01:06:10.057+0600][gc,phases    ] GC(1)   Other: 0.5ms
[2021-02-14T01:06:10.057+0600][gc,heap      ] GC(1) Eden regions: 21->0(24)
[2021-02-14T01:06:10.057+0600][gc,heap      ] GC(1) Survivor regions: 4->1(4)
[2021-02-14T01:06:10.057+0600][gc,heap      ] GC(1) Old regions: 2->6
[2021-02-14T01:06:10.057+0600][gc,heap      ] GC(1) Humongous regions: 0->0
[2021-02-14T01:06:10.057+0600][gc,metaspace ] GC(1) Metaspace: 16026K->16026K(1064960K)
[2021-02-14T01:06:10.057+0600][gc           ] GC(1) Pause Young (Normal) (G1 Evacuation Pause) 26M->6M(512M) 16.965ms
[2021-02-14T01:06:10.057+0600][gc,cpu       ] GC(1) User=0.02s Sys=0.06s Real=0.01s
[2021-02-14T11:38:32.000+0600][gc,start     ] GC(2) Pause Young (Normal) (G1 Evacuation Pause)
[2021-02-14T11:38:32.005+0600][gc,task      ] GC(2) Using 8 workers of 8 for evacuation
[2021-02-14T11:38:32.007+0600][gc,phases    ] GC(2)   Pre Evacuate Collection Set: 0.0ms
[2021-02-14T11:38:32.007+0600][gc,phases    ] GC(2)   Evacuate Collection Set: 1.2ms
[2021-02-14T11:38:32.007+0600][gc,phases    ] GC(2)   Post Evacuate Collection Set: 0.2ms
[2021-02-14T11:38:32.007+0600][gc,phases    ] GC(2)   Other: 5.8ms
[2021-02-14T11:38:32.007+0600][gc,heap      ] GC(2) Eden regions: 24->0(24)
[2021-02-14T11:38:32.007+0600][gc,heap      ] GC(2) Survivor regions: 1->1(4)
[2021-02-14T11:38:32.007+0600][gc,heap      ] GC(2) Old regions: 6->6
[2021-02-14T11:38:32.007+0600][gc,heap      ] GC(2) Humongous regions: 0->0
[2021-02-14T11:38:32.007+0600][gc,metaspace ] GC(2) Metaspace: 16026K->16026K(1064960K)
[2021-02-14T11:38:32.007+0600][gc           ] GC(2) Pause Young (Normal) (G1 Evacuation Pause) 30M->6M(512M) 7.349ms
[2021-02-14T11:38:32.007+0600][gc,cpu       ] GC(2) User=0.00s Sys=0.00s Real=0.00s
[2021-02-15T14:59:51.916+0600][gc,start     ] GC(3) Pause Young (Normal) (G1 Evacuation Pause)
[2021-02-15T14:59:51.922+0600][gc,task      ] GC(3) Using 8 workers of 8 for evacuation
[2021-02-15T14:59:51.928+0600][gc,phases    ] GC(3)   Pre Evacuate Collection Set: 1.0ms
[2021-02-15T14:59:51.928+0600][gc,phases    ] GC(3)   Evacuate Collection Set: 3.9ms
[2021-02-15T14:59:51.928+0600][gc,phases    ] GC(3)   Post Evacuate Collection Set: 0.3ms
[2021-02-15T14:59:51.928+0600][gc,phases    ] GC(3)   Other: 6.4ms
[2021-02-15T14:59:51.928+0600][gc,heap      ] GC(3) Eden regions: 24->0(24)
[2021-02-15T14:59:51.928+0600][gc,heap      ] GC(3) Survivor regions: 1->1(4)
[2021-02-15T14:59:51.928+0600][gc,heap      ] GC(3) Old regions: 6->6
[2021-02-15T14:59:51.928+0600][gc,heap      ] GC(3) Humongous regions: 0->0
[2021-02-15T14:59:51.928+0600][gc,metaspace ] GC(3) Metaspace: 16059K->16059K(1064960K)
[2021-02-15T14:59:51.928+0600][gc           ] GC(3) Pause Young (Normal) (G1 Evacuation Pause) 30M->6M(512M) 11.790ms
[2021-02-15T14:59:51.928+0600][gc,cpu       ] GC(3) User=0.01s Sys=0.02s Real=0.01s
[2021-02-16T11:56:48.824+0600][gc,start     ] GC(4) Pause Young (Normal) (G1 Evacuation Pause)
[2021-02-16T11:56:48.830+0600][gc,task      ] GC(4) Using 8 workers of 8 for evacuation
[2021-02-16T11:56:48.837+0600][gc,phases    ] GC(4)   Pre Evacuate Collection Set: 0.9ms
[2021-02-16T11:56:48.838+0600][gc,phases    ] GC(4)   Evacuate Collection Set: 6.0ms
[2021-02-16T11:56:48.838+0600][gc,phases    ] GC(4)   Post Evacuate Collection Set: 0.3ms
[2021-02-16T11:56:48.838+0600][gc,phases    ] GC(4)   Other: 6.4ms
[2021-02-16T11:56:48.838+0600][gc,heap      ] GC(4) Eden regions: 24->0(24)
[2021-02-16T11:56:48.838+0600][gc,heap      ] GC(4) Survivor regions: 1->1(4)
[2021-02-16T11:56:48.838+0600][gc,heap      ] GC(4) Old regions: 6->6
[2021-02-16T11:56:48.838+0600][gc,heap      ] GC(4) Humongous regions: 0->0
[2021-02-16T11:56:48.838+0600][gc,metaspace ] GC(4) Metaspace: 16063K->16063K(1064960K)
[2021-02-16T11:56:48.838+0600][gc           ] GC(4) Pause Young (Normal) (G1 Evacuation Pause) 30M->6M(512M) 13.667ms
[2021-02-16T11:56:48.838+0600][gc,cpu       ] GC(4) User=0.01s Sys=0.02s Real=0.01s
[2021-02-16T13:51:25.462+0600][gc,heap,exit ] Heap
[2021-02-16T13:51:25.462+0600][gc,heap,exit ]  garbage-first heap   total 524288K, used 11427K [0x00000007e0000000, 0x0000000800000000)
[2021-02-16T13:51:25.463+0600][gc,heap,exit ]   region size 1024K, 7 young (7168K), 1 survivors (1024K)
[2021-02-16T13:51:25.463+0600][gc,heap,exit ]  Metaspace       used 16077K, capacity 16378K, committed 16640K, reserved 1064960K
[2021-02-16T13:51:25.463+0600][gc,heap,exit ]   class space    used 1587K, capacity 1710K, committed 1792K, reserved 1048576K
