[2021-02-16T13:51:41.642+0600][gc,heap] Heap region size: 1M
[2021-02-16T13:51:41.646+0600][gc     ] Using G1
[2021-02-16T13:51:41.646+0600][gc,heap,coops] Heap address: 0x00000007e0000000, size: 512 MB, Compressed Oops mode: Zero based, Oop shift amount: 3
[2021-02-16T13:51:47.532+0600][gc,start     ] GC(0) Pause Young (Normal) (G1 Evacuation Pause)
[2021-02-16T13:51:47.532+0600][gc,task      ] GC(0) Using 8 workers of 8 for evacuation
[2021-02-16T13:51:47.538+0600][gc,phases    ] GC(0)   Pre Evacuate Collection Set: 0.0ms
[2021-02-16T13:51:47.538+0600][gc,phases    ] GC(0)   Evacuate Collection Set: 5.2ms
[2021-02-16T13:51:47.538+0600][gc,phases    ] GC(0)   Post Evacuate Collection Set: 0.4ms
[2021-02-16T13:51:47.538+0600][gc,phases    ] GC(0)   Other: 0.6ms
[2021-02-16T13:51:47.538+0600][gc,heap      ] GC(0) Eden regions: 25->0(21)
[2021-02-16T13:51:47.538+0600][gc,heap      ] GC(0) Survivor regions: 0->4(4)
[2021-02-16T13:51:47.538+0600][gc,heap      ] GC(0) Old regions: 0->2
[2021-02-16T13:51:47.538+0600][gc,heap      ] GC(0) Humongous regions: 0->0
[2021-02-16T13:51:47.538+0600][gc,metaspace ] GC(0) Metaspace: 15238K->15238K(1062912K)
[2021-02-16T13:51:47.538+0600][gc           ] GC(0) Pause Young (Normal) (G1 Evacuation Pause) 25M->5M(512M) 6.325ms
[2021-02-16T13:51:47.538+0600][gc,cpu       ] GC(0) User=0.02s Sys=0.01s Real=0.00s
[2021-02-16T13:52:35.204+0600][gc,heap,exit ] Heap
[2021-02-16T13:52:35.205+0600][gc,heap,exit ]  garbage-first heap   total 524288K, used 9855K [0x00000007e0000000, 0x0000000800000000)
[2021-02-16T13:52:35.205+0600][gc,heap,exit ]   region size 1024K, 9 young (9216K), 4 survivors (4096K)
[2021-02-16T13:52:35.205+0600][gc,heap,exit ]  Metaspace       used 15747K, capacity 16058K, committed 16384K, reserved 1064960K
[2021-02-16T13:52:35.205+0600][gc,heap,exit ]   class space    used 1586K, capacity 1710K, committed 1792K, reserved 1048576K
